[2024-06-16T16:44:26.107+0300][gc,heap] Heap region size: 1M
[2024-06-16T16:44:26.117+0300][gc     ] Using G1
[2024-06-16T16:44:26.117+0300][gc,heap,coops] Heap address: 0x00000000c0000000, size: 1024 MB, Compressed Oops mode: 32-bit
[2024-06-16T16:44:26.118+0300][gc,cds       ] Mark closed archive regions in map: [0x00000000fff00000, 0x00000000fff6bff8]
[2024-06-16T16:44:26.118+0300][gc,cds       ] Mark open archive regions in map: [0x00000000ffe00000, 0x00000000ffe47ff8]
[2024-06-16T16:44:27.178+0300][gc,start     ] GC(0) Pause Young (Normal) (G1 Evacuation Pause)
[2024-06-16T16:44:27.179+0300][gc,task      ] GC(0) Using 4 workers of 4 for evacuation
[2024-06-16T16:44:27.187+0300][gc,phases    ] GC(0)   Pre Evacuate Collection Set: 0.0ms
[2024-06-16T16:44:27.187+0300][gc,phases    ] GC(0)   Evacuate Collection Set: 7.1ms
[2024-06-16T16:44:27.187+0300][gc,phases    ] GC(0)   Post Evacuate Collection Set: 0.8ms
[2024-06-16T16:44:27.187+0300][gc,phases    ] GC(0)   Other: 1.3ms
[2024-06-16T16:44:27.187+0300][gc,heap      ] GC(0) Eden regions: 51->0(44)
[2024-06-16T16:44:27.187+0300][gc,heap      ] GC(0) Survivor regions: 0->7(7)
[2024-06-16T16:44:27.187+0300][gc,heap      ] GC(0) Old regions: 2->3
[2024-06-16T16:44:27.187+0300][gc,heap      ] GC(0) Humongous regions: 0->0
[2024-06-16T16:44:27.187+0300][gc,metaspace ] GC(0) Metaspace: 13877K(14592K)->13877K(14592K) NonClass: 12153K(12544K)->12153K(12544K) Class: 1723K(2048K)->1723K(2048K)
[2024-06-16T16:44:27.187+0300][gc           ] GC(0) Pause Young (Normal) (G1 Evacuation Pause) 51M->7M(1024M) 9.366ms
[2024-06-16T16:44:27.187+0300][gc,cpu       ] GC(0) User=0.01s Sys=0.01s Real=0.02s
[2024-06-16T16:44:28.555+0300][gc,start     ] GC(1) Pause Young (Concurrent Start) (Metadata GC Threshold)
[2024-06-16T16:44:28.555+0300][gc,task      ] GC(1) Using 4 workers of 4 for evacuation
[2024-06-16T16:44:28.565+0300][gc,phases    ] GC(1)   Pre Evacuate Collection Set: 0.1ms
[2024-06-16T16:44:28.565+0300][gc,phases    ] GC(1)   Evacuate Collection Set: 9.4ms
[2024-06-16T16:44:28.565+0300][gc,phases    ] GC(1)   Post Evacuate Collection Set: 0.4ms
[2024-06-16T16:44:28.565+0300][gc,phases    ] GC(1)   Other: 0.2ms
[2024-06-16T16:44:28.565+0300][gc,heap      ] GC(1) Eden regions: 32->0(49)
[2024-06-16T16:44:28.565+0300][gc,heap      ] GC(1) Survivor regions: 7->2(7)
[2024-06-16T16:44:28.565+0300][gc,heap      ] GC(1) Old regions: 3->10
[2024-06-16T16:44:28.565+0300][gc,heap      ] GC(1) Humongous regions: 0->0
[2024-06-16T16:44:28.565+0300][gc,metaspace ] GC(1) Metaspace: 20555K(21248K)->20555K(21248K) NonClass: 18058K(18432K)->18058K(18432K) Class: 2497K(2816K)->2497K(2816K)
[2024-06-16T16:44:28.565+0300][gc           ] GC(1) Pause Young (Concurrent Start) (Metadata GC Threshold) 39M->9M(1024M) 10.168ms
[2024-06-16T16:44:28.565+0300][gc,cpu       ] GC(1) User=0.02s Sys=0.01s Real=0.01s
[2024-06-16T16:44:28.566+0300][gc           ] GC(2) Concurrent Cycle
[2024-06-16T16:44:28.566+0300][gc,marking   ] GC(2) Concurrent Clear Claimed Marks
[2024-06-16T16:44:28.566+0300][gc,marking   ] GC(2) Concurrent Clear Claimed Marks 0.015ms
[2024-06-16T16:44:28.566+0300][gc,marking   ] GC(2) Concurrent Scan Root Regions
[2024-06-16T16:44:28.570+0300][gc,marking   ] GC(2) Concurrent Scan Root Regions 4.756ms
[2024-06-16T16:44:28.570+0300][gc,marking   ] GC(2) Concurrent Mark (2.468s)
[2024-06-16T16:44:28.570+0300][gc,marking   ] GC(2) Concurrent Mark From Roots
[2024-06-16T16:44:28.570+0300][gc,task      ] GC(2) Using 1 workers of 1 for marking
[2024-06-16T16:44:28.576+0300][gc,marking   ] GC(2) Concurrent Mark From Roots 5.177ms
[2024-06-16T16:44:28.576+0300][gc,marking   ] GC(2) Concurrent Preclean
[2024-06-16T16:44:28.576+0300][gc,marking   ] GC(2) Concurrent Preclean 0.055ms
[2024-06-16T16:44:28.576+0300][gc,marking   ] GC(2) Concurrent Mark (2.468s, 2.473s) 5.317ms
[2024-06-16T16:44:28.576+0300][gc,start     ] GC(2) Pause Remark
[2024-06-16T16:44:28.578+0300][gc,stringtable] GC(2) Cleaned string and symbol table, strings: 5704 processed, 0 removed, symbols: 53887 processed, 42 removed
[2024-06-16T16:44:28.579+0300][gc            ] GC(2) Pause Remark 9M->9M(1024M) 2.938ms
[2024-06-16T16:44:28.579+0300][gc,cpu        ] GC(2) User=0.00s Sys=0.01s Real=0.01s
[2024-06-16T16:44:28.579+0300][gc,marking    ] GC(2) Concurrent Rebuild Remembered Sets
[2024-06-16T16:44:28.582+0300][gc,marking    ] GC(2) Concurrent Rebuild Remembered Sets 3.164ms
[2024-06-16T16:44:28.584+0300][gc,start      ] GC(2) Pause Cleanup
[2024-06-16T16:44:28.584+0300][gc            ] GC(2) Pause Cleanup 9M->9M(1024M) 0.372ms
[2024-06-16T16:44:28.584+0300][gc,cpu        ] GC(2) User=0.00s Sys=0.00s Real=0.00s
[2024-06-16T16:44:28.585+0300][gc,marking    ] GC(2) Concurrent Cleanup for Next Mark
[2024-06-16T16:44:28.620+0300][gc,marking    ] GC(2) Concurrent Cleanup for Next Mark 35.420ms
[2024-06-16T16:44:28.620+0300][gc            ] GC(2) Concurrent Cycle 54.506ms
[2024-06-16T16:44:31.680+0300][gc,start      ] GC(3) Pause Young (Normal) (G1 Evacuation Pause)
[2024-06-16T16:44:31.680+0300][gc,task       ] GC(3) Using 4 workers of 4 for evacuation
[2024-06-16T16:44:31.685+0300][gc,phases     ] GC(3)   Pre Evacuate Collection Set: 0.1ms
[2024-06-16T16:44:31.685+0300][gc,phases     ] GC(3)   Evacuate Collection Set: 4.4ms
[2024-06-16T16:44:31.685+0300][gc,phases     ] GC(3)   Post Evacuate Collection Set: 0.6ms
[2024-06-16T16:44:31.685+0300][gc,phases     ] GC(3)   Other: 0.3ms
[2024-06-16T16:44:31.685+0300][gc,heap       ] GC(3) Eden regions: 49->0(46)
[2024-06-16T16:44:31.685+0300][gc,heap       ] GC(3) Survivor regions: 2->5(7)
[2024-06-16T16:44:31.685+0300][gc,heap       ] GC(3) Old regions: 10->10
[2024-06-16T16:44:31.685+0300][gc,heap       ] GC(3) Humongous regions: 129->129
[2024-06-16T16:44:31.685+0300][gc,metaspace  ] GC(3) Metaspace: 28840K(29952K)->28840K(29952K) NonClass: 25479K(26112K)->25479K(26112K) Class: 3360K(3840K)->3360K(3840K)
[2024-06-16T16:44:31.685+0300][gc            ] GC(3) Pause Young (Normal) (G1 Evacuation Pause) 187M->140M(1024M) 5.389ms
[2024-06-16T16:44:31.685+0300][gc,cpu        ] GC(3) User=0.01s Sys=0.00s Real=0.01s
[2024-06-16T16:44:32.766+0300][gc,start      ] GC(4) Pause Young (Concurrent Start) (Metadata GC Threshold)
[2024-06-16T16:44:32.766+0300][gc,task       ] GC(4) Using 4 workers of 4 for evacuation
[2024-06-16T16:44:32.814+0300][gc,mmu        ] GC(4) MMU target violated: 21.0ms (20.0ms/21.0ms)
[2024-06-16T16:44:32.814+0300][gc,phases     ] GC(4)   Pre Evacuate Collection Set: 0.2ms
[2024-06-16T16:44:32.814+0300][gc,phases     ] GC(4)   Evacuate Collection Set: 37.9ms
[2024-06-16T16:44:32.814+0300][gc,phases     ] GC(4)   Post Evacuate Collection Set: 9.3ms
[2024-06-16T16:44:32.814+0300][gc,phases     ] GC(4)   Other: 0.4ms
[2024-06-16T16:44:32.814+0300][gc,heap       ] GC(4) Eden regions: 35->0(44)
[2024-06-16T16:44:32.814+0300][gc,heap       ] GC(4) Survivor regions: 5->7(7)
[2024-06-16T16:44:32.814+0300][gc,heap       ] GC(4) Old regions: 10->11
[2024-06-16T16:44:32.814+0300][gc,heap       ] GC(4) Humongous regions: 129->129
[2024-06-16T16:44:32.814+0300][gc,metaspace  ] GC(4) Metaspace: 34575K(35840K)->34575K(35840K) NonClass: 30615K(31232K)->30615K(31232K) Class: 3960K(4608K)->3960K(4608K)
[2024-06-16T16:44:32.814+0300][gc            ] GC(4) Pause Young (Concurrent Start) (Metadata GC Threshold) 175M->143M(1024M) 47.913ms
[2024-06-16T16:44:32.814+0300][gc,cpu        ] GC(4) User=0.02s Sys=0.05s Real=0.05s
[2024-06-16T16:44:32.814+0300][gc            ] GC(5) Concurrent Cycle
[2024-06-16T16:44:32.814+0300][gc,marking    ] GC(5) Concurrent Clear Claimed Marks
[2024-06-16T16:44:32.814+0300][gc,marking    ] GC(5) Concurrent Clear Claimed Marks 0.167ms
[2024-06-16T16:44:32.814+0300][gc,marking    ] GC(5) Concurrent Scan Root Regions
[2024-06-16T16:44:32.820+0300][gc,marking    ] GC(5) Concurrent Scan Root Regions 5.459ms
[2024-06-16T16:44:32.820+0300][gc,marking    ] GC(5) Concurrent Mark (6.717s)
[2024-06-16T16:44:32.820+0300][gc,marking    ] GC(5) Concurrent Mark From Roots
[2024-06-16T16:44:32.820+0300][gc,task       ] GC(5) Using 1 workers of 1 for marking
[2024-06-16T16:44:32.826+0300][gc,marking    ] GC(5) Concurrent Mark From Roots 6.819ms
[2024-06-16T16:44:32.827+0300][gc,marking    ] GC(5) Concurrent Preclean
[2024-06-16T16:44:32.827+0300][gc,marking    ] GC(5) Concurrent Preclean 0.083ms
[2024-06-16T16:44:32.827+0300][gc,marking    ] GC(5) Concurrent Mark (6.717s, 6.725s) 7.225ms
[2024-06-16T16:44:32.831+0300][gc,start      ] GC(5) Pause Remark
[2024-06-16T16:44:32.835+0300][gc,stringtable] GC(5) Cleaned string and symbol table, strings: 11548 processed, 11 removed, symbols: 88608 processed, 19 removed
[2024-06-16T16:44:32.838+0300][gc            ] GC(5) Pause Remark 144M->144M(1024M) 6.394ms
[2024-06-16T16:44:32.838+0300][gc,cpu        ] GC(5) User=0.00s Sys=0.00s Real=0.00s
[2024-06-16T16:44:32.838+0300][gc,marking    ] GC(5) Concurrent Rebuild Remembered Sets
[2024-06-16T16:44:32.842+0300][gc,marking    ] GC(5) Concurrent Rebuild Remembered Sets 4.114ms
[2024-06-16T16:44:32.842+0300][gc,start      ] GC(5) Pause Cleanup
[2024-06-16T16:44:32.843+0300][gc            ] GC(5) Pause Cleanup 144M->144M(1024M) 0.427ms
[2024-06-16T16:44:32.843+0300][gc,cpu        ] GC(5) User=0.00s Sys=0.00s Real=0.00s
[2024-06-16T16:44:32.844+0300][gc,marking    ] GC(5) Concurrent Cleanup for Next Mark
[2024-06-16T16:44:33.135+0300][gc,marking    ] GC(5) Concurrent Cleanup for Next Mark 291.719ms
[2024-06-16T16:44:33.135+0300][gc            ] GC(5) Concurrent Cycle 321.543ms
[2024-06-16T16:50:03.325+0300][gc,start      ] GC(6) Pause Young (Normal) (G1 Evacuation Pause)
[2024-06-16T16:50:03.325+0300][gc,task       ] GC(6) Using 4 workers of 4 for evacuation
[2024-06-16T16:50:03.336+0300][gc,phases     ] GC(6)   Pre Evacuate Collection Set: 0.2ms
[2024-06-16T16:50:03.337+0300][gc,phases     ] GC(6)   Evacuate Collection Set: 10.4ms
[2024-06-16T16:50:03.337+0300][gc,phases     ] GC(6)   Post Evacuate Collection Set: 0.6ms
[2024-06-16T16:50:03.337+0300][gc,phases     ] GC(6)   Other: 0.5ms
[2024-06-16T16:50:03.337+0300][gc,heap       ] GC(6) Eden regions: 44->0(45)
[2024-06-16T16:50:03.337+0300][gc,heap       ] GC(6) Survivor regions: 7->6(7)
[2024-06-16T16:50:03.337+0300][gc,heap       ] GC(6) Old regions: 11->14
[2024-06-16T16:50:03.337+0300][gc,heap       ] GC(6) Humongous regions: 129->129
[2024-06-16T16:50:03.337+0300][gc,metaspace  ] GC(6) Metaspace: 41118K(43520K)->41118K(43520K) NonClass: 35851K(37120K)->35851K(37120K) Class: 5266K(6400K)->5266K(6400K)
[2024-06-16T16:50:03.337+0300][gc            ] GC(6) Pause Young (Normal) (G1 Evacuation Pause) 187M->145M(1024M) 12.484ms
[2024-06-16T16:50:03.337+0300][gc,cpu        ] GC(6) User=0.02s Sys=0.00s Real=0.01s
[2024-06-16T16:55:18.001+0300][gc,start      ] GC(7) Pause Young (Normal) (G1 Evacuation Pause)
[2024-06-16T16:55:18.001+0300][gc,task       ] GC(7) Using 4 workers of 4 for evacuation
[2024-06-16T16:55:18.023+0300][gc,mmu        ] GC(7) MMU target violated: 21.0ms (20.0ms/21.0ms)
[2024-06-16T16:55:18.023+0300][gc,phases     ] GC(7)   Pre Evacuate Collection Set: 0.2ms
[2024-06-16T16:55:18.023+0300][gc,phases     ] GC(7)   Evacuate Collection Set: 21.2ms
[2024-06-16T16:55:18.023+0300][gc,phases     ] GC(7)   Post Evacuate Collection Set: 0.7ms
[2024-06-16T16:55:18.023+0300][gc,phases     ] GC(7)   Other: 0.4ms
[2024-06-16T16:55:18.023+0300][gc,heap       ] GC(7) Eden regions: 45->0(46)
[2024-06-16T16:55:18.023+0300][gc,heap       ] GC(7) Survivor regions: 6->5(7)
[2024-06-16T16:55:18.023+0300][gc,heap       ] GC(7) Old regions: 14->16
[2024-06-16T16:55:18.023+0300][gc,heap       ] GC(7) Humongous regions: 129->129
[2024-06-16T16:55:18.023+0300][gc,metaspace  ] GC(7) Metaspace: 44471K(47360K)->44471K(47360K) NonClass: 38691K(40192K)->38691K(40192K) Class: 5779K(7168K)->5779K(7168K)
[2024-06-16T16:55:18.023+0300][gc            ] GC(7) Pause Young (Normal) (G1 Evacuation Pause) 190M->148M(1024M) 22.565ms
[2024-06-16T16:55:18.023+0300][gc,cpu        ] GC(7) User=0.02s Sys=0.00s Real=0.02s
[2024-06-16T16:55:25.401+0300][gc,start      ] GC(8) Pause Young (Normal) (G1 Evacuation Pause)
[2024-06-16T16:55:25.402+0300][gc,task       ] GC(8) Using 4 workers of 4 for evacuation
[2024-06-16T16:55:25.411+0300][gc,phases     ] GC(8)   Pre Evacuate Collection Set: 0.0ms
[2024-06-16T16:55:25.411+0300][gc,phases     ] GC(8)   Evacuate Collection Set: 8.6ms
[2024-06-16T16:55:25.411+0300][gc,phases     ] GC(8)   Post Evacuate Collection Set: 0.6ms
[2024-06-16T16:55:25.411+0300][gc,phases     ] GC(8)   Other: 0.2ms
[2024-06-16T16:55:25.411+0300][gc,heap       ] GC(8) Eden regions: 46->0(47)
[2024-06-16T16:55:25.411+0300][gc,heap       ] GC(8) Survivor regions: 5->4(7)
[2024-06-16T16:55:25.411+0300][gc,heap       ] GC(8) Old regions: 16->18
[2024-06-16T16:55:25.411+0300][gc,heap       ] GC(8) Humongous regions: 129->129
[2024-06-16T16:55:25.411+0300][gc,metaspace  ] GC(8) Metaspace: 44930K(47872K)->44930K(47872K) NonClass: 39150K(40704K)->39150K(40704K) Class: 5780K(7168K)->5780K(7168K)
[2024-06-16T16:55:25.411+0300][gc            ] GC(8) Pause Young (Normal) (G1 Evacuation Pause) 194M->148M(1024M) 9.655ms
[2024-06-16T16:55:25.411+0300][gc,cpu        ] GC(8) User=0.01s Sys=0.01s Real=0.01s
[2024-06-16T16:55:32.013+0300][gc,start      ] GC(9) Pause Young (Normal) (G1 Evacuation Pause)
[2024-06-16T16:55:32.013+0300][gc,task       ] GC(9) Using 4 workers of 4 for evacuation
[2024-06-16T16:55:32.025+0300][gc,phases     ] GC(9)   Pre Evacuate Collection Set: 0.0ms
[2024-06-16T16:55:32.025+0300][gc,phases     ] GC(9)   Evacuate Collection Set: 11.1ms
[2024-06-16T16:55:32.025+0300][gc,phases     ] GC(9)   Post Evacuate Collection Set: 0.7ms
[2024-06-16T16:55:32.025+0300][gc,phases     ] GC(9)   Other: 0.3ms
[2024-06-16T16:55:32.025+0300][gc,heap       ] GC(9) Eden regions: 47->0(47)
[2024-06-16T16:55:32.025+0300][gc,heap       ] GC(9) Survivor regions: 4->4(7)
[2024-06-16T16:55:32.025+0300][gc,heap       ] GC(9) Old regions: 18->18
[2024-06-16T16:55:32.025+0300][gc,heap       ] GC(9) Humongous regions: 129->129
[2024-06-16T16:55:32.025+0300][gc,metaspace  ] GC(9) Metaspace: 45140K(48128K)->45140K(48128K) NonClass: 39358K(40960K)->39358K(40960K) Class: 5782K(7168K)->5782K(7168K)
[2024-06-16T16:55:32.025+0300][gc            ] GC(9) Pause Young (Normal) (G1 Evacuation Pause) 195M->149M(1024M) 12.237ms
[2024-06-16T16:55:32.025+0300][gc,cpu        ] GC(9) User=0.01s Sys=0.00s Real=0.01s
[2024-06-16T16:55:38.380+0300][gc,start      ] GC(10) Pause Young (Normal) (G1 Evacuation Pause)
[2024-06-16T16:55:38.380+0300][gc,task       ] GC(10) Using 4 workers of 4 for evacuation
[2024-06-16T16:55:38.389+0300][gc,phases     ] GC(10)   Pre Evacuate Collection Set: 0.0ms
[2024-06-16T16:55:38.389+0300][gc,phases     ] GC(10)   Evacuate Collection Set: 7.6ms
[2024-06-16T16:55:38.389+0300][gc,phases     ] GC(10)   Post Evacuate Collection Set: 0.6ms
[2024-06-16T16:55:38.389+0300][gc,phases     ] GC(10)   Other: 0.6ms
[2024-06-16T16:55:38.390+0300][gc,heap       ] GC(10) Eden regions: 47->0(48)
[2024-06-16T16:55:38.390+0300][gc,heap       ] GC(10) Survivor regions: 4->3(7)
[2024-06-16T16:55:38.390+0300][gc,heap       ] GC(10) Old regions: 18->21
[2024-06-16T16:55:38.390+0300][gc,heap       ] GC(10) Humongous regions: 129->129
[2024-06-16T16:55:38.390+0300][gc,metaspace  ] GC(10) Metaspace: 45323K(48128K)->45323K(48128K) NonClass: 39541K(40960K)->39541K(40960K) Class: 5782K(7168K)->5782K(7168K)
[2024-06-16T16:55:38.390+0300][gc            ] GC(10) Pause Young (Normal) (G1 Evacuation Pause) 196M->150M(1024M) 10.146ms
[2024-06-16T16:55:38.390+0300][gc,cpu        ] GC(10) User=0.01s Sys=0.02s Real=0.01s
[2024-06-16T16:55:45.004+0300][gc,start      ] GC(11) Pause Young (Normal) (G1 Evacuation Pause)
[2024-06-16T16:55:45.005+0300][gc,task       ] GC(11) Using 4 workers of 4 for evacuation
[2024-06-16T16:55:45.009+0300][gc,phases     ] GC(11)   Pre Evacuate Collection Set: 0.0ms
[2024-06-16T16:55:45.009+0300][gc,phases     ] GC(11)   Evacuate Collection Set: 3.8ms
[2024-06-16T16:55:45.009+0300][gc,phases     ] GC(11)   Post Evacuate Collection Set: 0.4ms
[2024-06-16T16:55:45.009+0300][gc,phases     ] GC(11)   Other: 0.6ms
[2024-06-16T16:55:45.009+0300][gc,heap       ] GC(11) Eden regions: 48->0(54)
[2024-06-16T16:55:45.010+0300][gc,heap       ] GC(11) Survivor regions: 3->2(7)
[2024-06-16T16:55:45.010+0300][gc,heap       ] GC(11) Old regions: 21->21
[2024-06-16T16:55:45.010+0300][gc,heap       ] GC(11) Humongous regions: 129->129
[2024-06-16T16:55:45.010+0300][gc,metaspace  ] GC(11) Metaspace: 45372K(48128K)->45372K(48128K) NonClass: 39586K(40960K)->39586K(40960K) Class: 5786K(7168K)->5786K(7168K)
[2024-06-16T16:55:45.010+0300][gc            ] GC(11) Pause Young (Normal) (G1 Evacuation Pause) 198M->149M(1024M) 5.627ms
[2024-06-16T16:55:45.010+0300][gc,cpu        ] GC(11) User=0.01s Sys=0.00s Real=0.01s
[2024-06-16T17:01:32.738+0300][gc,start      ] GC(12) Pause Young (Normal) (G1 Evacuation Pause)
[2024-06-16T17:01:32.738+0300][gc,task       ] GC(12) Using 4 workers of 4 for evacuation
[2024-06-16T17:01:32.743+0300][gc,phases     ] GC(12)   Pre Evacuate Collection Set: 0.2ms
[2024-06-16T17:01:32.743+0300][gc,phases     ] GC(12)   Evacuate Collection Set: 4.1ms
[2024-06-16T17:01:32.743+0300][gc,phases     ] GC(12)   Post Evacuate Collection Set: 0.4ms
[2024-06-16T17:01:32.743+0300][gc,phases     ] GC(12)   Other: 0.3ms
[2024-06-16T17:01:32.743+0300][gc,heap       ] GC(12) Eden regions: 54->0(56)
[2024-06-16T17:01:32.743+0300][gc,heap       ] GC(12) Survivor regions: 2->3(7)
[2024-06-16T17:01:32.743+0300][gc,heap       ] GC(12) Old regions: 21->21
[2024-06-16T17:01:32.743+0300][gc,heap       ] GC(12) Humongous regions: 129->129
[2024-06-16T17:01:32.743+0300][gc,metaspace  ] GC(12) Metaspace: 45464K(48384K)->45464K(48384K) NonClass: 39677K(41216K)->39677K(41216K) Class: 5786K(7168K)->5786K(7168K)
[2024-06-16T17:01:32.743+0300][gc            ] GC(12) Pause Young (Normal) (G1 Evacuation Pause) 203M->151M(1024M) 5.141ms
[2024-06-16T17:01:32.743+0300][gc,cpu        ] GC(12) User=0.01s Sys=0.00s Real=0.01s
[2024-06-16T17:01:40.652+0300][gc,start      ] GC(13) Pause Young (Normal) (G1 Evacuation Pause)
[2024-06-16T17:01:40.654+0300][gc,task       ] GC(13) Using 4 workers of 4 for evacuation
[2024-06-16T17:01:40.674+0300][gc,mmu        ] GC(13) MMU target violated: 20.3ms (20.0ms/21.0ms)
[2024-06-16T17:01:40.674+0300][gc,phases     ] GC(13)   Pre Evacuate Collection Set: 0.0ms
[2024-06-16T17:01:40.674+0300][gc,phases     ] GC(13)   Evacuate Collection Set: 19.7ms
[2024-06-16T17:01:40.674+0300][gc,phases     ] GC(13)   Post Evacuate Collection Set: 0.5ms
[2024-06-16T17:01:40.674+0300][gc,phases     ] GC(13)   Other: 2.1ms
[2024-06-16T17:01:40.674+0300][gc,heap       ] GC(13) Eden regions: 56->0(212)
[2024-06-16T17:01:40.674+0300][gc,heap       ] GC(13) Survivor regions: 3->4(8)
[2024-06-16T17:01:40.674+0300][gc,heap       ] GC(13) Old regions: 21->21
[2024-06-16T17:01:40.674+0300][gc,heap       ] GC(13) Humongous regions: 129->129
[2024-06-16T17:01:40.674+0300][gc,metaspace  ] GC(13) Metaspace: 45464K(48384K)->45464K(48384K) NonClass: 39677K(41216K)->39677K(41216K) Class: 5786K(7168K)->5786K(7168K)
[2024-06-16T17:01:40.674+0300][gc            ] GC(13) Pause Young (Normal) (G1 Evacuation Pause) 206M->151M(1024M) 22.369ms
[2024-06-16T17:01:40.674+0300][gc,cpu        ] GC(13) User=0.02s Sys=0.00s Real=0.02s
[2024-06-16T17:30:48.169+0300][gc,start      ] GC(14) Pause Young (Normal) (G1 Evacuation Pause)
[2024-06-16T17:30:48.169+0300][gc,task       ] GC(14) Using 4 workers of 4 for evacuation
[2024-06-16T17:30:48.179+0300][gc,phases     ] GC(14)   Pre Evacuate Collection Set: 0.3ms
[2024-06-16T17:30:48.180+0300][gc,phases     ] GC(14)   Evacuate Collection Set: 8.3ms
[2024-06-16T17:30:48.180+0300][gc,phases     ] GC(14)   Post Evacuate Collection Set: 1.8ms
[2024-06-16T17:30:48.180+0300][gc,phases     ] GC(14)   Other: 0.3ms
[2024-06-16T17:30:48.180+0300][gc,heap       ] GC(14) Eden regions: 212->0(104)
[2024-06-16T17:30:48.180+0300][gc,heap       ] GC(14) Survivor regions: 4->10(27)
[2024-06-16T17:30:48.180+0300][gc,heap       ] GC(14) Old regions: 21->21
[2024-06-16T17:30:48.180+0300][gc,heap       ] GC(14) Humongous regions: 129->129
[2024-06-16T17:30:48.180+0300][gc,metaspace  ] GC(14) Metaspace: 45955K(49024K)->45955K(49024K) NonClass: 40142K(41728K)->40142K(41728K) Class: 5812K(7296K)->5812K(7296K)
[2024-06-16T17:30:48.180+0300][gc            ] GC(14) Pause Young (Normal) (G1 Evacuation Pause) 363M->157M(1024M) 10.831ms
[2024-06-16T17:30:48.180+0300][gc,cpu        ] GC(14) User=0.03s Sys=0.00s Real=0.01s
[2024-06-16T17:33:52.223+0300][gc,start      ] GC(15) Pause Young (Normal) (G1 Evacuation Pause)
[2024-06-16T17:33:52.223+0300][gc,task       ] GC(15) Using 4 workers of 4 for evacuation
[2024-06-16T17:33:52.259+0300][gc,mmu        ] GC(15) MMU target violated: 21.0ms (20.0ms/21.0ms)
[2024-06-16T17:33:52.259+0300][gc,phases     ] GC(15)   Pre Evacuate Collection Set: 0.2ms
[2024-06-16T17:33:52.259+0300][gc,phases     ] GC(15)   Evacuate Collection Set: 25.2ms
[2024-06-16T17:33:52.259+0300][gc,phases     ] GC(15)   Post Evacuate Collection Set: 10.0ms
[2024-06-16T17:33:52.259+0300][gc,phases     ] GC(15)   Other: 0.4ms
[2024-06-16T17:33:52.259+0300][gc,heap       ] GC(15) Eden regions: 104->0(56)
[2024-06-16T17:33:52.259+0300][gc,heap       ] GC(15) Survivor regions: 10->9(15)
[2024-06-16T17:33:52.259+0300][gc,heap       ] GC(15) Old regions: 21->23
[2024-06-16T17:33:52.259+0300][gc,heap       ] GC(15) Humongous regions: 129->129
[2024-06-16T17:33:52.259+0300][gc,metaspace  ] GC(15) Metaspace: 45991K(49024K)->45991K(49024K) NonClass: 40178K(41728K)->40178K(41728K) Class: 5812K(7296K)->5812K(7296K)
[2024-06-16T17:33:52.259+0300][gc            ] GC(15) Pause Young (Normal) (G1 Evacuation Pause) 261M->158M(1024M) 35.830ms
[2024-06-16T17:33:52.259+0300][gc,cpu        ] GC(15) User=0.02s Sys=0.01s Real=0.04s
[2024-06-16T17:33:59.860+0300][gc,start      ] GC(16) Pause Young (Normal) (G1 Evacuation Pause)
[2024-06-16T17:33:59.860+0300][gc,task       ] GC(16) Using 4 workers of 4 for evacuation
[2024-06-16T17:33:59.875+0300][gc,phases     ] GC(16)   Pre Evacuate Collection Set: 0.0ms
[2024-06-16T17:33:59.875+0300][gc,phases     ] GC(16)   Evacuate Collection Set: 13.4ms
[2024-06-16T17:33:59.875+0300][gc,phases     ] GC(16)   Post Evacuate Collection Set: 0.7ms
[2024-06-16T17:33:59.875+0300][gc,phases     ] GC(16)   Other: 1.2ms
[2024-06-16T17:33:59.875+0300][gc,heap       ] GC(16) Eden regions: 54->0(91)
[2024-06-16T17:33:59.875+0300][gc,heap       ] GC(16) Survivor regions: 9->3(8)
[2024-06-16T17:33:59.876+0300][gc,heap       ] GC(16) Old regions: 23->30
[2024-06-16T17:33:59.876+0300][gc,heap       ] GC(16) Humongous regions: 129->129
[2024-06-16T17:33:59.876+0300][gc,metaspace  ] GC(16) Metaspace: 45992K(49024K)->45992K(49024K) NonClass: 40179K(41728K)->40179K(41728K) Class: 5813K(7296K)->5813K(7296K)
[2024-06-16T17:33:59.876+0300][gc            ] GC(16) Pause Young (Normal) (G1 Evacuation Pause) 212M->160M(1024M) 16.268ms
[2024-06-16T17:33:59.876+0300][gc,cpu        ] GC(16) User=0.01s Sys=0.02s Real=0.01s
[2024-06-16T17:41:37.123+0300][gc,start      ] GC(17) Pause Young (Normal) (G1 Evacuation Pause)
[2024-06-16T17:41:37.123+0300][gc,task       ] GC(17) Using 4 workers of 4 for evacuation
[2024-06-16T17:41:37.134+0300][gc,phases     ] GC(17)   Pre Evacuate Collection Set: 0.2ms
[2024-06-16T17:41:37.134+0300][gc,phases     ] GC(17)   Evacuate Collection Set: 9.7ms
[2024-06-16T17:41:37.134+0300][gc,phases     ] GC(17)   Post Evacuate Collection Set: 0.4ms
[2024-06-16T17:41:37.134+0300][gc,phases     ] GC(17)   Other: 0.3ms
[2024-06-16T17:41:37.134+0300][gc,heap       ] GC(17) Eden regions: 91->0(46)
[2024-06-16T17:41:37.134+0300][gc,heap       ] GC(17) Survivor regions: 3->7(12)
[2024-06-16T17:41:37.134+0300][gc,heap       ] GC(17) Old regions: 30->30
[2024-06-16T17:41:37.134+0300][gc,heap       ] GC(17) Humongous regions: 129->129
[2024-06-16T17:41:37.134+0300][gc,metaspace  ] GC(17) Metaspace: 46181K(49280K)->46181K(49280K) NonClass: 40368K(41984K)->40368K(41984K) Class: 5813K(7296K)->5813K(7296K)
[2024-06-16T17:41:37.134+0300][gc            ] GC(17) Pause Young (Normal) (G1 Evacuation Pause) 251M->164M(1024M) 10.593ms
[2024-06-16T17:41:37.134+0300][gc,cpu        ] GC(17) User=0.03s Sys=0.00s Real=0.01s
[2024-06-16T17:48:30.628+0300][gc,start      ] GC(18) Pause Young (Normal) (G1 Evacuation Pause)
[2024-06-16T17:48:30.628+0300][gc,task       ] GC(18) Using 4 workers of 4 for evacuation
[2024-06-16T17:48:30.642+0300][gc,phases     ] GC(18)   Pre Evacuate Collection Set: 0.2ms
[2024-06-16T17:48:30.642+0300][gc,phases     ] GC(18)   Evacuate Collection Set: 12.1ms
[2024-06-16T17:48:30.642+0300][gc,phases     ] GC(18)   Post Evacuate Collection Set: 0.9ms
[2024-06-16T17:48:30.642+0300][gc,phases     ] GC(18)   Other: 0.3ms
[2024-06-16T17:48:30.642+0300][gc,heap       ] GC(18) Eden regions: 44->0(46)
[2024-06-16T17:48:30.642+0300][gc,heap       ] GC(18) Survivor regions: 7->5(7)
[2024-06-16T17:48:30.642+0300][gc,heap       ] GC(18) Old regions: 30->37
[2024-06-16T17:48:30.642+0300][gc,heap       ] GC(18) Humongous regions: 129->129
[2024-06-16T17:48:30.642+0300][gc,metaspace  ] GC(18) Metaspace: 46258K(49280K)->46258K(49280K) NonClass: 40439K(41984K)->40439K(41984K) Class: 5818K(7296K)->5818K(7296K)
[2024-06-16T17:48:30.642+0300][gc            ] GC(18) Pause Young (Normal) (G1 Evacuation Pause) 208M->168M(1024M) 13.665ms
[2024-06-16T17:48:30.642+0300][gc,cpu        ] GC(18) User=0.03s Sys=0.01s Real=0.01s
[2024-06-16T17:49:49.141+0300][gc,heap,exit  ] Heap
[2024-06-16T17:49:49.141+0300][gc,heap,exit  ]  garbage-first heap   total 1048576K, used 203486K [0x00000000c0000000, 0x0000000100000000)
[2024-06-16T17:49:49.141+0300][gc,heap,exit  ]   region size 1024K, 37 young (37888K), 5 survivors (5120K)
[2024-06-16T17:49:49.141+0300][gc,heap,exit  ]  Metaspace       used 47269K, capacity 50308K, committed 50560K, reserved 1091584K
[2024-06-16T17:49:49.141+0300][gc,heap,exit  ]   class space    used 6055K, capacity 7508K, committed 7552K, reserved 1048576K
