[2024-06-13T16:27:26.017+0300][gc,heap] Heap region size: 1M
[2024-06-13T16:27:26.027+0300][gc     ] Using G1
[2024-06-13T16:27:26.027+0300][gc,heap,coops] Heap address: 0x00000000c0000000, size: 1024 MB, Compressed Oops mode: 32-bit
[2024-06-13T16:27:26.027+0300][gc,cds       ] Mark closed archive regions in map: [0x00000000fff00000, 0x00000000fff6bff8]
[2024-06-13T16:27:26.027+0300][gc,cds       ] Mark open archive regions in map: [0x00000000ffe00000, 0x00000000ffe47ff8]
[2024-06-13T16:27:26.922+0300][gc,start     ] GC(0) Pause Young (Normal) (G1 Evacuation Pause)
[2024-06-13T16:27:26.924+0300][gc,task      ] GC(0) Using 4 workers of 4 for evacuation
[2024-06-13T16:27:26.932+0300][gc,phases    ] GC(0)   Pre Evacuate Collection Set: 0.1ms
[2024-06-13T16:27:26.932+0300][gc,phases    ] GC(0)   Evacuate Collection Set: 7.1ms
[2024-06-13T16:27:26.933+0300][gc,phases    ] GC(0)   Post Evacuate Collection Set: 0.9ms
[2024-06-13T16:27:26.933+0300][gc,phases    ] GC(0)   Other: 1.7ms
[2024-06-13T16:27:26.933+0300][gc,heap      ] GC(0) Eden regions: 51->0(44)
[2024-06-13T16:27:26.933+0300][gc,heap      ] GC(0) Survivor regions: 0->7(7)
[2024-06-13T16:27:26.933+0300][gc,heap      ] GC(0) Old regions: 2->3
[2024-06-13T16:27:26.933+0300][gc,heap      ] GC(0) Humongous regions: 0->0
[2024-06-13T16:27:26.933+0300][gc,metaspace ] GC(0) Metaspace: 14080K(14848K)->14080K(14848K) NonClass: 12341K(12800K)->12341K(12800K) Class: 1738K(2048K)->1738K(2048K)
[2024-06-13T16:27:26.933+0300][gc           ] GC(0) Pause Young (Normal) (G1 Evacuation Pause) 51M->8M(1024M) 10.696ms
[2024-06-13T16:27:26.933+0300][gc,cpu       ] GC(0) User=0.01s Sys=0.00s Real=0.01s
[2024-06-13T16:27:27.792+0300][gc,start     ] GC(1) Pause Young (Concurrent Start) (Metadata GC Threshold)
[2024-06-13T16:27:27.794+0300][gc,task      ] GC(1) Using 4 workers of 4 for evacuation
[2024-06-13T16:27:27.804+0300][gc,phases    ] GC(1)   Pre Evacuate Collection Set: 0.1ms
[2024-06-13T16:27:27.805+0300][gc,phases    ] GC(1)   Evacuate Collection Set: 10.1ms
[2024-06-13T16:27:27.805+0300][gc,phases    ] GC(1)   Post Evacuate Collection Set: 0.4ms
[2024-06-13T16:27:27.805+0300][gc,phases    ] GC(1)   Other: 2.4ms
[2024-06-13T16:27:27.805+0300][gc,heap      ] GC(1) Eden regions: 30->0(49)
[2024-06-13T16:27:27.805+0300][gc,heap      ] GC(1) Survivor regions: 7->2(7)
[2024-06-13T16:27:27.805+0300][gc,heap      ] GC(1) Old regions: 3->10
[2024-06-13T16:27:27.805+0300][gc,heap      ] GC(1) Humongous regions: 0->0
[2024-06-13T16:27:27.805+0300][gc,metaspace ] GC(1) Metaspace: 20535K(21248K)->20535K(21248K) NonClass: 18038K(18432K)->18038K(18432K) Class: 2497K(2816K)->2497K(2816K)
[2024-06-13T16:27:27.805+0300][gc           ] GC(1) Pause Young (Concurrent Start) (Metadata GC Threshold) 37M->9M(1024M) 12.901ms
[2024-06-13T16:27:27.805+0300][gc,cpu       ] GC(1) User=0.01s Sys=0.01s Real=0.01s
[2024-06-13T16:27:27.805+0300][gc           ] GC(2) Concurrent Cycle
[2024-06-13T16:27:27.805+0300][gc,marking   ] GC(2) Concurrent Clear Claimed Marks
[2024-06-13T16:27:27.805+0300][gc,marking   ] GC(2) Concurrent Clear Claimed Marks 0.015ms
[2024-06-13T16:27:27.805+0300][gc,marking   ] GC(2) Concurrent Scan Root Regions
[2024-06-13T16:27:27.807+0300][gc,marking   ] GC(2) Concurrent Scan Root Regions 2.484ms
[2024-06-13T16:27:27.807+0300][gc,marking   ] GC(2) Concurrent Mark (1.795s)
[2024-06-13T16:27:27.807+0300][gc,marking   ] GC(2) Concurrent Mark From Roots
[2024-06-13T16:27:27.807+0300][gc,task      ] GC(2) Using 1 workers of 1 for marking
[2024-06-13T16:27:27.813+0300][gc,marking   ] GC(2) Concurrent Mark From Roots 5.421ms
[2024-06-13T16:27:27.813+0300][gc,marking   ] GC(2) Concurrent Preclean
[2024-06-13T16:27:27.813+0300][gc,marking   ] GC(2) Concurrent Preclean 0.051ms
[2024-06-13T16:27:27.813+0300][gc,marking   ] GC(2) Concurrent Mark (1.795s, 1.801s) 5.567ms
[2024-06-13T16:27:27.813+0300][gc,start     ] GC(2) Pause Remark
[2024-06-13T16:27:27.817+0300][gc,stringtable] GC(2) Cleaned string and symbol table, strings: 5699 processed, 0 removed, symbols: 53891 processed, 42 removed
[2024-06-13T16:27:27.817+0300][gc            ] GC(2) Pause Remark 9M->9M(1024M) 4.058ms
[2024-06-13T16:27:27.818+0300][gc,cpu        ] GC(2) User=0.00s Sys=0.00s Real=0.00s
[2024-06-13T16:27:27.818+0300][gc,marking    ] GC(2) Concurrent Rebuild Remembered Sets
[2024-06-13T16:27:27.823+0300][gc,marking    ] GC(2) Concurrent Rebuild Remembered Sets 5.573ms
[2024-06-13T16:27:27.824+0300][gc,start      ] GC(2) Pause Cleanup
[2024-06-13T16:27:27.824+0300][gc            ] GC(2) Pause Cleanup 10M->10M(1024M) 0.348ms
[2024-06-13T16:27:27.824+0300][gc,cpu        ] GC(2) User=0.00s Sys=0.00s Real=0.00s
[2024-06-13T16:27:27.824+0300][gc,marking    ] GC(2) Concurrent Cleanup for Next Mark
[2024-06-13T16:27:27.831+0300][gc,marking    ] GC(2) Concurrent Cleanup for Next Mark 6.633ms
[2024-06-13T16:27:27.831+0300][gc            ] GC(2) Concurrent Cycle 26.485ms
[2024-06-13T16:27:28.884+0300][gc,start      ] GC(3) Pause Young (Normal) (G1 Evacuation Pause)
[2024-06-13T16:27:28.884+0300][gc,task       ] GC(3) Using 4 workers of 4 for evacuation
[2024-06-13T16:27:28.892+0300][gc,phases     ] GC(3)   Pre Evacuate Collection Set: 0.0ms
[2024-06-13T16:27:28.892+0300][gc,phases     ] GC(3)   Evacuate Collection Set: 6.5ms
[2024-06-13T16:27:28.892+0300][gc,phases     ] GC(3)   Post Evacuate Collection Set: 0.8ms
[2024-06-13T16:27:28.892+0300][gc,phases     ] GC(3)   Other: 0.4ms
[2024-06-13T16:27:28.892+0300][gc,heap       ] GC(3) Eden regions: 49->0(46)
[2024-06-13T16:27:28.892+0300][gc,heap       ] GC(3) Survivor regions: 2->5(7)
[2024-06-13T16:27:28.892+0300][gc,heap       ] GC(3) Old regions: 10->10
[2024-06-13T16:27:28.892+0300][gc,heap       ] GC(3) Humongous regions: 129->129
[2024-06-13T16:27:28.892+0300][gc,metaspace  ] GC(3) Metaspace: 28839K(29952K)->28839K(29952K) NonClass: 25479K(26112K)->25479K(26112K) Class: 3360K(3840K)->3360K(3840K)
[2024-06-13T16:27:28.892+0300][gc            ] GC(3) Pause Young (Normal) (G1 Evacuation Pause) 187M->141M(1024M) 7.785ms
[2024-06-13T16:27:28.892+0300][gc,cpu        ] GC(3) User=0.00s Sys=0.01s Real=0.01s
[2024-06-13T16:27:30.866+0300][gc,start      ] GC(4) Pause Young (Concurrent Start) (Metadata GC Threshold)
[2024-06-13T16:27:30.866+0300][gc,task       ] GC(4) Using 4 workers of 4 for evacuation
[2024-06-13T16:27:30.918+0300][gc,mmu        ] GC(4) MMU target violated: 21.0ms (20.0ms/21.0ms)
[2024-06-13T16:27:30.919+0300][gc,phases     ] GC(4)   Pre Evacuate Collection Set: 0.1ms
[2024-06-13T16:27:30.919+0300][gc,phases     ] GC(4)   Evacuate Collection Set: 51.2ms
[2024-06-13T16:27:30.919+0300][gc,phases     ] GC(4)   Post Evacuate Collection Set: 1.2ms
[2024-06-13T16:27:30.919+0300][gc,phases     ] GC(4)   Other: 0.5ms
[2024-06-13T16:27:30.919+0300][gc,heap       ] GC(4) Eden regions: 34->0(45)
[2024-06-13T16:27:30.919+0300][gc,heap       ] GC(4) Survivor regions: 5->6(7)
[2024-06-13T16:27:30.919+0300][gc,heap       ] GC(4) Old regions: 10->11
[2024-06-13T16:27:30.919+0300][gc,heap       ] GC(4) Humongous regions: 129->129
[2024-06-13T16:27:30.919+0300][gc,metaspace  ] GC(4) Metaspace: 34636K(35840K)->34636K(35840K) NonClass: 30706K(31360K)->30706K(31360K) Class: 3929K(4480K)->3929K(4480K)
[2024-06-13T16:27:30.919+0300][gc            ] GC(4) Pause Young (Concurrent Start) (Metadata GC Threshold) 175M->143M(1024M) 53.465ms
[2024-06-13T16:27:30.919+0300][gc,cpu        ] GC(4) User=0.04s Sys=0.02s Real=0.06s
[2024-06-13T16:27:30.919+0300][gc            ] GC(5) Concurrent Cycle
[2024-06-13T16:27:30.920+0300][gc,marking    ] GC(5) Concurrent Clear Claimed Marks
[2024-06-13T16:27:30.920+0300][gc,marking    ] GC(5) Concurrent Clear Claimed Marks 0.308ms
[2024-06-13T16:27:30.921+0300][gc,marking    ] GC(5) Concurrent Scan Root Regions
[2024-06-13T16:27:30.924+0300][gc,marking    ] GC(5) Concurrent Scan Root Regions 3.099ms
[2024-06-13T16:27:30.924+0300][gc,marking    ] GC(5) Concurrent Mark (4.912s)
[2024-06-13T16:27:30.924+0300][gc,marking    ] GC(5) Concurrent Mark From Roots
[2024-06-13T16:27:30.924+0300][gc,task       ] GC(5) Using 1 workers of 1 for marking
[2024-06-13T16:27:30.933+0300][gc,marking    ] GC(5) Concurrent Mark From Roots 9.295ms
[2024-06-13T16:27:30.933+0300][gc,marking    ] GC(5) Concurrent Preclean
[2024-06-13T16:27:30.933+0300][gc,marking    ] GC(5) Concurrent Preclean 0.093ms
[2024-06-13T16:27:30.934+0300][gc,marking    ] GC(5) Concurrent Mark (4.912s, 4.921s) 9.621ms
[2024-06-13T16:27:30.934+0300][gc,start      ] GC(5) Pause Remark
[2024-06-13T16:27:30.938+0300][gc,stringtable] GC(5) Cleaned string and symbol table, strings: 11639 processed, 10 removed, symbols: 89273 processed, 19 removed
[2024-06-13T16:27:30.938+0300][gc            ] GC(5) Pause Remark 145M->145M(1024M) 4.315ms
[2024-06-13T16:27:30.938+0300][gc,cpu        ] GC(5) User=0.00s Sys=0.01s Real=0.00s
[2024-06-13T16:27:30.938+0300][gc,marking    ] GC(5) Concurrent Rebuild Remembered Sets
[2024-06-13T16:27:30.951+0300][gc,marking    ] GC(5) Concurrent Rebuild Remembered Sets 12.305ms
[2024-06-13T16:27:30.959+0300][gc,start      ] GC(5) Pause Cleanup
[2024-06-13T16:27:30.959+0300][gc            ] GC(5) Pause Cleanup 146M->146M(1024M) 0.167ms
[2024-06-13T16:27:30.959+0300][gc,cpu        ] GC(5) User=0.00s Sys=0.00s Real=0.00s
[2024-06-13T16:27:30.962+0300][gc,marking    ] GC(5) Concurrent Cleanup for Next Mark
[2024-06-13T16:27:31.021+0300][gc,marking    ] GC(5) Concurrent Cleanup for Next Mark 58.852ms
[2024-06-13T16:27:31.021+0300][gc            ] GC(5) Concurrent Cycle 102.192ms
[2024-06-13T16:28:49.407+0300][gc,start      ] GC(6) Pause Young (Normal) (G1 Evacuation Pause)
[2024-06-13T16:28:49.411+0300][gc,task       ] GC(6) Using 4 workers of 4 for evacuation
[2024-06-13T16:28:49.471+0300][gc,mmu        ] GC(6) MMU target violated: 21.0ms (20.0ms/21.0ms)
[2024-06-13T16:28:49.471+0300][gc,phases     ] GC(6)   Pre Evacuate Collection Set: 0.1ms
[2024-06-13T16:28:49.471+0300][gc,phases     ] GC(6)   Evacuate Collection Set: 56.9ms
[2024-06-13T16:28:49.471+0300][gc,phases     ] GC(6)   Post Evacuate Collection Set: 2.4ms
[2024-06-13T16:28:49.471+0300][gc,phases     ] GC(6)   Other: 4.2ms
[2024-06-13T16:28:49.471+0300][gc,heap       ] GC(6) Eden regions: 45->0(45)
[2024-06-13T16:28:49.471+0300][gc,heap       ] GC(6) Survivor regions: 6->6(7)
[2024-06-13T16:28:49.471+0300][gc,heap       ] GC(6) Old regions: 11->14
[2024-06-13T16:28:49.471+0300][gc,heap       ] GC(6) Humongous regions: 129->129
[2024-06-13T16:28:49.472+0300][gc,metaspace  ] GC(6) Metaspace: 40721K(42828K)->40721K(42828K) NonClass: 35610K(36608K)->35610K(36608K) Class: 5110K(6220K)->5110K(6220K)
[2024-06-13T16:28:49.472+0300][gc            ] GC(6) Pause Young (Normal) (G1 Evacuation Pause) 188M->146M(1024M) 64.251ms
[2024-06-13T16:28:49.472+0300][gc,cpu        ] GC(6) User=0.03s Sys=0.04s Real=0.07s
[2024-06-13T16:46:56.989+0300][gc,start      ] GC(7) Pause Young (Normal) (G1 Evacuation Pause)
[2024-06-13T16:46:56.990+0300][gc,task       ] GC(7) Using 4 workers of 4 for evacuation
[2024-06-13T16:46:57.066+0300][gc,mmu        ] GC(7) MMU target violated: 21.0ms (20.0ms/21.0ms)
[2024-06-13T16:46:57.066+0300][gc,phases     ] GC(7)   Pre Evacuate Collection Set: 4.5ms
[2024-06-13T16:46:57.066+0300][gc,phases     ] GC(7)   Evacuate Collection Set: 62.8ms
[2024-06-13T16:46:57.066+0300][gc,phases     ] GC(7)   Post Evacuate Collection Set: 7.9ms
[2024-06-13T16:46:57.066+0300][gc,phases     ] GC(7)   Other: 2.9ms
[2024-06-13T16:46:57.066+0300][gc,heap       ] GC(7) Eden regions: 45->0(47)
[2024-06-13T16:46:57.066+0300][gc,heap       ] GC(7) Survivor regions: 6->4(7)
[2024-06-13T16:46:57.066+0300][gc,heap       ] GC(7) Old regions: 14->16
[2024-06-13T16:46:57.066+0300][gc,heap       ] GC(7) Humongous regions: 129->129
[2024-06-13T16:46:57.066+0300][gc,metaspace  ] GC(7) Metaspace: 43887K(46540K)->43887K(46540K) NonClass: 38155K(39424K)->38155K(39424K) Class: 5731K(7116K)->5731K(7116K)
[2024-06-13T16:46:57.066+0300][gc            ] GC(7) Pause Young (Normal) (G1 Evacuation Pause) 191M->147M(1024M) 77.109ms
[2024-06-13T16:46:57.066+0300][gc,cpu        ] GC(7) User=0.05s Sys=0.04s Real=0.08s
[2024-06-13T16:46:58.693+0300][gc,heap,exit  ] Heap
[2024-06-13T16:46:58.693+0300][gc,heap,exit  ]  garbage-first heap   total 1048576K, used 161961K [0x00000000c0000000, 0x0000000100000000)
[2024-06-13T16:46:58.693+0300][gc,heap,exit  ]   region size 1024K, 16 young (16384K), 4 survivors (4096K)
[2024-06-13T16:46:58.693+0300][gc,heap,exit  ]  Metaspace       used 44902K, capacity 47760K, committed 47948K, reserved 1089536K
[2024-06-13T16:46:58.693+0300][gc,heap,exit  ]   class space    used 5969K, capacity 7387K, committed 7500K, reserved 1048576K
