[2024-06-15T19:24:56.689+0300][gc,heap] Heap region size: 1M
[2024-06-15T19:24:56.737+0300][gc     ] Using G1
[2024-06-15T19:24:56.741+0300][gc,heap,coops] Heap address: 0x00000000c0000000, size: 1024 MB, Compressed Oops mode: 32-bit
[2024-06-15T19:24:56.743+0300][gc,cds       ] Mark closed archive regions in map: [0x00000000fff00000, 0x00000000fff6bff8]
[2024-06-15T19:24:56.743+0300][gc,cds       ] Mark open archive regions in map: [0x00000000ffe00000, 0x00000000ffe47ff8]
[2024-06-15T19:24:58.165+0300][gc,start     ] GC(0) Pause Young (Normal) (G1 Evacuation Pause)
[2024-06-15T19:24:58.167+0300][gc,task      ] GC(0) Using 4 workers of 4 for evacuation
[2024-06-15T19:24:58.179+0300][gc,phases    ] GC(0)   Pre Evacuate Collection Set: 0.0ms
[2024-06-15T19:24:58.179+0300][gc,phases    ] GC(0)   Evacuate Collection Set: 10.5ms
[2024-06-15T19:24:58.179+0300][gc,phases    ] GC(0)   Post Evacuate Collection Set: 1.0ms
[2024-06-15T19:24:58.179+0300][gc,phases    ] GC(0)   Other: 1.7ms
[2024-06-15T19:24:58.179+0300][gc,heap      ] GC(0) Eden regions: 51->0(44)
[2024-06-15T19:24:58.179+0300][gc,heap      ] GC(0) Survivor regions: 0->7(7)
[2024-06-15T19:24:58.179+0300][gc,heap      ] GC(0) Old regions: 2->3
[2024-06-15T19:24:58.179+0300][gc,heap      ] GC(0) Humongous regions: 0->0
[2024-06-15T19:24:58.179+0300][gc,metaspace ] GC(0) Metaspace: 13901K(14592K)->13901K(14592K) NonClass: 12178K(12544K)->12178K(12544K) Class: 1723K(2048K)->1723K(2048K)
[2024-06-15T19:24:58.179+0300][gc           ] GC(0) Pause Young (Normal) (G1 Evacuation Pause) 51M->8M(1024M) 13.434ms
[2024-06-15T19:24:58.179+0300][gc,cpu       ] GC(0) User=0.02s Sys=0.02s Real=0.00s
[2024-06-15T19:24:59.186+0300][gc,start     ] GC(1) Pause Young (Concurrent Start) (Metadata GC Threshold)
[2024-06-15T19:24:59.186+0300][gc,task      ] GC(1) Using 4 workers of 4 for evacuation
[2024-06-15T19:24:59.222+0300][gc,mmu       ] GC(1) MMU target violated: 21.0ms (20.0ms/21.0ms)
[2024-06-15T19:24:59.222+0300][gc,phases    ] GC(1)   Pre Evacuate Collection Set: 0.1ms
[2024-06-15T19:24:59.222+0300][gc,phases    ] GC(1)   Evacuate Collection Set: 29.9ms
[2024-06-15T19:24:59.222+0300][gc,phases    ] GC(1)   Post Evacuate Collection Set: 1.1ms
[2024-06-15T19:24:59.222+0300][gc,phases    ] GC(1)   Other: 4.9ms
[2024-06-15T19:24:59.222+0300][gc,heap      ] GC(1) Eden regions: 31->0(49)
[2024-06-15T19:24:59.222+0300][gc,heap      ] GC(1) Survivor regions: 7->2(7)
[2024-06-15T19:24:59.222+0300][gc,heap      ] GC(1) Old regions: 3->10
[2024-06-15T19:24:59.222+0300][gc,heap      ] GC(1) Humongous regions: 0->0
[2024-06-15T19:24:59.222+0300][gc,metaspace ] GC(1) Metaspace: 20407K(21296K)->20407K(21296K) NonClass: 17954K(18608K)->17954K(18608K) Class: 2453K(2688K)->2453K(2688K)
[2024-06-15T19:24:59.222+0300][gc           ] GC(1) Pause Young (Concurrent Start) (Metadata GC Threshold) 38M->9M(1024M) 36.134ms
[2024-06-15T19:24:59.222+0300][gc,cpu       ] GC(1) User=0.02s Sys=0.06s Real=0.04s
[2024-06-15T19:24:59.222+0300][gc           ] GC(2) Concurrent Cycle
[2024-06-15T19:24:59.222+0300][gc,marking   ] GC(2) Concurrent Clear Claimed Marks
[2024-06-15T19:24:59.222+0300][gc,marking   ] GC(2) Concurrent Clear Claimed Marks 0.045ms
[2024-06-15T19:24:59.222+0300][gc,marking   ] GC(2) Concurrent Scan Root Regions
[2024-06-15T19:24:59.224+0300][gc,marking   ] GC(2) Concurrent Scan Root Regions 2.093ms
[2024-06-15T19:24:59.224+0300][gc,marking   ] GC(2) Concurrent Mark (2.542s)
[2024-06-15T19:24:59.224+0300][gc,marking   ] GC(2) Concurrent Mark From Roots
[2024-06-15T19:24:59.224+0300][gc,task      ] GC(2) Using 1 workers of 1 for marking
[2024-06-15T19:24:59.236+0300][gc,marking   ] GC(2) Concurrent Mark From Roots 11.219ms
[2024-06-15T19:24:59.236+0300][gc,marking   ] GC(2) Concurrent Preclean
[2024-06-15T19:24:59.236+0300][gc,marking   ] GC(2) Concurrent Preclean 0.120ms
[2024-06-15T19:24:59.236+0300][gc,marking   ] GC(2) Concurrent Mark (2.542s, 2.554s) 11.468ms
[2024-06-15T19:24:59.236+0300][gc,start     ] GC(2) Pause Remark
[2024-06-15T19:24:59.239+0300][gc,stringtable] GC(2) Cleaned string and symbol table, strings: 5685 processed, 0 removed, symbols: 53812 processed, 42 removed
[2024-06-15T19:24:59.240+0300][gc            ] GC(2) Pause Remark 10M->10M(1024M) 3.722ms
[2024-06-15T19:24:59.240+0300][gc,cpu        ] GC(2) User=0.01s Sys=0.01s Real=0.01s
[2024-06-15T19:24:59.240+0300][gc,marking    ] GC(2) Concurrent Rebuild Remembered Sets
[2024-06-15T19:24:59.245+0300][gc,marking    ] GC(2) Concurrent Rebuild Remembered Sets 5.052ms
[2024-06-15T19:24:59.248+0300][gc,start      ] GC(2) Pause Cleanup
[2024-06-15T19:24:59.248+0300][gc            ] GC(2) Pause Cleanup 10M->10M(1024M) 0.560ms
[2024-06-15T19:24:59.248+0300][gc,cpu        ] GC(2) User=0.00s Sys=0.00s Real=0.00s
[2024-06-15T19:24:59.248+0300][gc,marking    ] GC(2) Concurrent Cleanup for Next Mark
[2024-06-15T19:24:59.320+0300][gc,marking    ] GC(2) Concurrent Cleanup for Next Mark 72.035ms
[2024-06-15T19:24:59.321+0300][gc            ] GC(2) Concurrent Cycle 98.460ms
[2024-06-15T19:25:01.464+0300][gc,start      ] GC(3) Pause Young (Normal) (G1 Evacuation Pause)
[2024-06-15T19:25:01.464+0300][gc,task       ] GC(3) Using 4 workers of 4 for evacuation
[2024-06-15T19:25:01.472+0300][gc,phases     ] GC(3)   Pre Evacuate Collection Set: 0.3ms
[2024-06-15T19:25:01.472+0300][gc,phases     ] GC(3)   Evacuate Collection Set: 6.8ms
[2024-06-15T19:25:01.472+0300][gc,phases     ] GC(3)   Post Evacuate Collection Set: 0.6ms
[2024-06-15T19:25:01.472+0300][gc,phases     ] GC(3)   Other: 0.3ms
[2024-06-15T19:25:01.472+0300][gc,heap       ] GC(3) Eden regions: 49->0(46)
[2024-06-15T19:25:01.472+0300][gc,heap       ] GC(3) Survivor regions: 2->5(7)
[2024-06-15T19:25:01.472+0300][gc,heap       ] GC(3) Old regions: 10->10
[2024-06-15T19:25:01.472+0300][gc,heap       ] GC(3) Humongous regions: 129->129
[2024-06-15T19:25:01.472+0300][gc,metaspace  ] GC(3) Metaspace: 28825K(30128K)->28825K(30128K) NonClass: 25465K(26288K)->25465K(26288K) Class: 3359K(3840K)->3359K(3840K)
[2024-06-15T19:25:01.472+0300][gc            ] GC(3) Pause Young (Normal) (G1 Evacuation Pause) 187M->141M(1024M) 8.260ms
[2024-06-15T19:25:01.472+0300][gc,cpu        ] GC(3) User=0.02s Sys=0.01s Real=0.01s
[2024-06-15T19:25:02.589+0300][gc,start      ] GC(4) Pause Young (Concurrent Start) (Metadata GC Threshold)
[2024-06-15T19:25:02.589+0300][gc,task       ] GC(4) Using 4 workers of 4 for evacuation
[2024-06-15T19:25:02.610+0300][gc,mmu        ] GC(4) MMU target violated: 20.9ms (20.0ms/21.0ms)
[2024-06-15T19:25:02.610+0300][gc,phases     ] GC(4)   Pre Evacuate Collection Set: 0.3ms
[2024-06-15T19:25:02.610+0300][gc,phases     ] GC(4)   Evacuate Collection Set: 17.3ms
[2024-06-15T19:25:02.610+0300][gc,phases     ] GC(4)   Post Evacuate Collection Set: 2.7ms
[2024-06-15T19:25:02.610+0300][gc,phases     ] GC(4)   Other: 1.3ms
[2024-06-15T19:25:02.610+0300][gc,heap       ] GC(4) Eden regions: 34->0(44)
[2024-06-15T19:25:02.610+0300][gc,heap       ] GC(4) Survivor regions: 5->7(7)
[2024-06-15T19:25:02.610+0300][gc,heap       ] GC(4) Old regions: 10->10
[2024-06-15T19:25:02.610+0300][gc,heap       ] GC(4) Humongous regions: 129->129
[2024-06-15T19:25:02.610+0300][gc,metaspace  ] GC(4) Metaspace: 34372K(35708K)->34372K(35708K) NonClass: 30388K(31100K)->30388K(31100K) Class: 3984K(4608K)->3984K(4608K)
[2024-06-15T19:25:02.610+0300][gc            ] GC(4) Pause Young (Concurrent Start) (Metadata GC Threshold) 174M->144M(1024M) 21.622ms
[2024-06-15T19:25:02.610+0300][gc,cpu        ] GC(4) User=0.05s Sys=0.01s Real=0.02s
[2024-06-15T19:25:02.611+0300][gc            ] GC(5) Concurrent Cycle
[2024-06-15T19:25:02.611+0300][gc,marking    ] GC(5) Concurrent Clear Claimed Marks
[2024-06-15T19:25:02.611+0300][gc,marking    ] GC(5) Concurrent Clear Claimed Marks 0.493ms
[2024-06-15T19:25:02.611+0300][gc,marking    ] GC(5) Concurrent Scan Root Regions
[2024-06-15T19:25:02.617+0300][gc,marking    ] GC(5) Concurrent Scan Root Regions 5.982ms
[2024-06-15T19:25:02.617+0300][gc,marking    ] GC(5) Concurrent Mark (5.935s)
[2024-06-15T19:25:02.617+0300][gc,marking    ] GC(5) Concurrent Mark From Roots
[2024-06-15T19:25:02.617+0300][gc,task       ] GC(5) Using 1 workers of 1 for marking
[2024-06-15T19:25:02.638+0300][gc,marking    ] GC(5) Concurrent Mark From Roots 21.100ms
[2024-06-15T19:25:02.638+0300][gc,marking    ] GC(5) Concurrent Preclean
[2024-06-15T19:25:02.639+0300][gc,marking    ] GC(5) Concurrent Preclean 0.410ms
[2024-06-15T19:25:02.639+0300][gc,marking    ] GC(5) Concurrent Mark (5.935s, 5.957s) 21.579ms
[2024-06-15T19:25:02.639+0300][gc,start      ] GC(5) Pause Remark
[2024-06-15T19:25:02.645+0300][gc,stringtable] GC(5) Cleaned string and symbol table, strings: 11556 processed, 10 removed, symbols: 88025 processed, 16 removed
[2024-06-15T19:25:02.645+0300][gc            ] GC(5) Pause Remark 145M->145M(1024M) 6.096ms
[2024-06-15T19:25:02.645+0300][gc,cpu        ] GC(5) User=0.01s Sys=0.01s Real=0.01s
[2024-06-15T19:25:02.646+0300][gc,marking    ] GC(5) Concurrent Rebuild Remembered Sets
[2024-06-15T19:25:02.656+0300][gc,marking    ] GC(5) Concurrent Rebuild Remembered Sets 10.515ms
[2024-06-15T19:25:02.660+0300][gc,start      ] GC(5) Pause Cleanup
[2024-06-15T19:25:02.660+0300][gc            ] GC(5) Pause Cleanup 145M->145M(1024M) 0.429ms
[2024-06-15T19:25:02.660+0300][gc,cpu        ] GC(5) User=0.00s Sys=0.00s Real=0.00s
[2024-06-15T19:25:02.666+0300][gc,marking    ] GC(5) Concurrent Cleanup for Next Mark
[2024-06-15T19:25:02.673+0300][gc,marking    ] GC(5) Concurrent Cleanup for Next Mark 7.813ms
[2024-06-15T19:25:02.673+0300][gc            ] GC(5) Concurrent Cycle 62.736ms
[2024-06-15T19:46:53.036+0300][gc,start      ] GC(6) Pause Young (Normal) (G1 Evacuation Pause)
[2024-06-15T19:46:53.037+0300][gc,task       ] GC(6) Using 4 workers of 4 for evacuation
[2024-06-15T19:46:53.058+0300][gc,mmu        ] GC(6) MMU target violated: 21.0ms (20.0ms/21.0ms)
[2024-06-15T19:46:53.058+0300][gc,phases     ] GC(6)   Pre Evacuate Collection Set: 3.8ms
[2024-06-15T19:46:53.058+0300][gc,phases     ] GC(6)   Evacuate Collection Set: 11.2ms
[2024-06-15T19:46:53.058+0300][gc,phases     ] GC(6)   Post Evacuate Collection Set: 2.0ms
[2024-06-15T19:46:53.058+0300][gc,phases     ] GC(6)   Other: 4.8ms
[2024-06-15T19:46:53.059+0300][gc,heap       ] GC(6) Eden regions: 44->0(46)
[2024-06-15T19:46:53.059+0300][gc,heap       ] GC(6) Survivor regions: 7->5(7)
[2024-06-15T19:46:53.059+0300][gc,heap       ] GC(6) Old regions: 10->13
[2024-06-15T19:46:53.059+0300][gc,heap       ] GC(6) Humongous regions: 129->129
[2024-06-15T19:46:53.059+0300][gc,metaspace  ] GC(6) Metaspace: 40887K(43004K)->40887K(43004K) NonClass: 35678K(36732K)->35678K(36732K) Class: 5208K(6272K)->5208K(6272K)
[2024-06-15T19:46:53.059+0300][gc            ] GC(6) Pause Young (Normal) (G1 Evacuation Pause) 188M->145M(1024M) 22.110ms
[2024-06-15T19:46:53.059+0300][gc,cpu        ] GC(6) User=0.03s Sys=0.01s Real=0.03s
