[2024-06-17T16:02:35.820+0300][gc,heap] Heap region size: 1M
[2024-06-17T16:02:35.831+0300][gc     ] Using G1
[2024-06-17T16:02:35.832+0300][gc,heap,coops] Heap address: 0x00000000c0000000, size: 1024 MB, Compressed Oops mode: 32-bit
[2024-06-17T16:02:35.833+0300][gc,cds       ] Mark closed archive regions in map: [0x00000000fff00000, 0x00000000fff6bff8]
[2024-06-17T16:02:35.833+0300][gc,cds       ] Mark open archive regions in map: [0x00000000ffe00000, 0x00000000ffe47ff8]
[2024-06-17T16:02:38.139+0300][gc,start     ] GC(0) Pause Young (Normal) (G1 Evacuation Pause)
[2024-06-17T16:02:38.143+0300][gc,task      ] GC(0) Using 4 workers of 4 for evacuation
[2024-06-17T16:02:38.179+0300][gc,mmu       ] GC(0) MMU target violated: 21.0ms (20.0ms/21.0ms)
[2024-06-17T16:02:38.188+0300][gc,phases    ] GC(0)   Pre Evacuate Collection Set: 0.0ms
[2024-06-17T16:02:38.192+0300][gc,phases    ] GC(0)   Evacuate Collection Set: 4.4ms
[2024-06-17T16:02:38.192+0300][gc,phases    ] GC(0)   Post Evacuate Collection Set: 32.1ms
[2024-06-17T16:02:38.192+0300][gc,phases    ] GC(0)   Other: 12.9ms
[2024-06-17T16:02:38.192+0300][gc,heap      ] GC(0) Eden regions: 51->0(44)
[2024-06-17T16:02:38.192+0300][gc,heap      ] GC(0) Survivor regions: 0->7(7)
[2024-06-17T16:02:38.192+0300][gc,heap      ] GC(0) Old regions: 2->3
[2024-06-17T16:02:38.192+0300][gc,heap      ] GC(0) Humongous regions: 0->0
[2024-06-17T16:02:38.192+0300][gc,metaspace ] GC(0) Metaspace: 13832K(14592K)->13832K(14592K) NonClass: 12110K(12544K)->12110K(12544K) Class: 1722K(2048K)->1722K(2048K)
[2024-06-17T16:02:38.192+0300][gc           ] GC(0) Pause Young (Normal) (G1 Evacuation Pause) 51M->7M(1024M) 53.223ms
[2024-06-17T16:02:38.192+0300][gc,cpu       ] GC(0) User=0.01s Sys=0.04s Real=0.05s
[2024-06-17T16:02:39.728+0300][gc,start     ] GC(1) Pause Young (Concurrent Start) (Metadata GC Threshold)
[2024-06-17T16:02:39.728+0300][gc,task      ] GC(1) Using 4 workers of 4 for evacuation
[2024-06-17T16:02:39.779+0300][gc,mmu       ] GC(1) MMU target violated: 21.0ms (20.0ms/21.0ms)
[2024-06-17T16:02:39.779+0300][gc,phases    ] GC(1)   Pre Evacuate Collection Set: 0.1ms
[2024-06-17T16:02:39.779+0300][gc,phases    ] GC(1)   Evacuate Collection Set: 50.3ms
[2024-06-17T16:02:39.779+0300][gc,phases    ] GC(1)   Post Evacuate Collection Set: 0.5ms
[2024-06-17T16:02:39.779+0300][gc,phases    ] GC(1)   Other: 0.3ms
[2024-06-17T16:02:39.779+0300][gc,heap      ] GC(1) Eden regions: 31->0(50)
[2024-06-17T16:02:39.779+0300][gc,heap      ] GC(1) Survivor regions: 7->1(7)
[2024-06-17T16:02:39.779+0300][gc,heap      ] GC(1) Old regions: 3->10
[2024-06-17T16:02:39.779+0300][gc,heap      ] GC(1) Humongous regions: 0->0
[2024-06-17T16:02:39.779+0300][gc,metaspace ] GC(1) Metaspace: 20407K(21248K)->20407K(21248K) NonClass: 17932K(18432K)->17932K(18432K) Class: 2475K(2816K)->2475K(2816K)
[2024-06-17T16:02:39.779+0300][gc           ] GC(1) Pause Young (Concurrent Start) (Metadata GC Threshold) 38M->8M(1024M) 51.222ms
[2024-06-17T16:02:39.779+0300][gc,cpu       ] GC(1) User=0.02s Sys=0.11s Real=0.05s
[2024-06-17T16:02:39.780+0300][gc           ] GC(2) Concurrent Cycle
[2024-06-17T16:02:39.780+0300][gc,marking   ] GC(2) Concurrent Clear Claimed Marks
[2024-06-17T16:02:39.780+0300][gc,marking   ] GC(2) Concurrent Clear Claimed Marks 0.055ms
[2024-06-17T16:02:39.780+0300][gc,marking   ] GC(2) Concurrent Scan Root Regions
[2024-06-17T16:02:39.781+0300][gc,marking   ] GC(2) Concurrent Scan Root Regions 1.418ms
[2024-06-17T16:02:39.782+0300][gc,marking   ] GC(2) Concurrent Mark (3.966s)
[2024-06-17T16:02:39.782+0300][gc,marking   ] GC(2) Concurrent Mark From Roots
[2024-06-17T16:02:39.782+0300][gc,task      ] GC(2) Using 1 workers of 1 for marking
[2024-06-17T16:02:39.789+0300][gc,marking   ] GC(2) Concurrent Mark From Roots 6.720ms
[2024-06-17T16:02:39.789+0300][gc,marking   ] GC(2) Concurrent Preclean
[2024-06-17T16:02:39.790+0300][gc,marking   ] GC(2) Concurrent Preclean 0.398ms
[2024-06-17T16:02:39.790+0300][gc,marking   ] GC(2) Concurrent Mark (3.966s, 3.974s) 8.055ms
[2024-06-17T16:02:39.791+0300][gc,start     ] GC(2) Pause Remark
[2024-06-17T16:02:39.793+0300][gc,stringtable] GC(2) Cleaned string and symbol table, strings: 5686 processed, 0 removed, symbols: 53855 processed, 42 removed
[2024-06-17T16:02:39.794+0300][gc            ] GC(2) Pause Remark 9M->9M(1024M) 3.487ms
[2024-06-17T16:02:39.794+0300][gc,cpu        ] GC(2) User=0.01s Sys=0.00s Real=0.00s
[2024-06-17T16:02:39.794+0300][gc,marking    ] GC(2) Concurrent Rebuild Remembered Sets
[2024-06-17T16:02:39.798+0300][gc,marking    ] GC(2) Concurrent Rebuild Remembered Sets 3.631ms
[2024-06-17T16:02:39.798+0300][gc,start      ] GC(2) Pause Cleanup
[2024-06-17T16:02:39.799+0300][gc            ] GC(2) Pause Cleanup 9M->9M(1024M) 0.341ms
[2024-06-17T16:02:39.799+0300][gc,cpu        ] GC(2) User=0.00s Sys=0.00s Real=0.00s
[2024-06-17T16:02:39.799+0300][gc,marking    ] GC(2) Concurrent Cleanup for Next Mark
[2024-06-17T16:02:39.804+0300][gc,marking    ] GC(2) Concurrent Cleanup for Next Mark 5.178ms
[2024-06-17T16:02:39.805+0300][gc            ] GC(2) Concurrent Cycle 24.768ms
[2024-06-17T16:02:41.702+0300][gc,start      ] GC(3) Pause Young (Normal) (G1 Evacuation Pause)
[2024-06-17T16:02:41.702+0300][gc,task       ] GC(3) Using 4 workers of 4 for evacuation
[2024-06-17T16:02:41.708+0300][gc,phases     ] GC(3)   Pre Evacuate Collection Set: 0.4ms
[2024-06-17T16:02:41.708+0300][gc,phases     ] GC(3)   Evacuate Collection Set: 4.7ms
[2024-06-17T16:02:41.708+0300][gc,phases     ] GC(3)   Post Evacuate Collection Set: 0.5ms
[2024-06-17T16:02:41.708+0300][gc,phases     ] GC(3)   Other: 0.3ms
[2024-06-17T16:02:41.708+0300][gc,heap       ] GC(3) Eden regions: 50->0(46)
[2024-06-17T16:02:41.708+0300][gc,heap       ] GC(3) Survivor regions: 1->5(7)
[2024-06-17T16:02:41.708+0300][gc,heap       ] GC(3) Old regions: 10->10
[2024-06-17T16:02:41.708+0300][gc,heap       ] GC(3) Humongous regions: 129->129
[2024-06-17T16:02:41.708+0300][gc,metaspace  ] GC(3) Metaspace: 28820K(29952K)->28820K(29952K) NonClass: 25460K(26112K)->25460K(26112K) Class: 3360K(3840K)->3360K(3840K)
[2024-06-17T16:02:41.708+0300][gc            ] GC(3) Pause Young (Normal) (G1 Evacuation Pause) 187M->141M(1024M) 6.155ms
[2024-06-17T16:02:41.708+0300][gc,cpu        ] GC(3) User=0.01s Sys=0.01s Real=0.00s
[2024-06-17T16:02:42.940+0300][gc,start      ] GC(4) Pause Young (Concurrent Start) (Metadata GC Threshold)
[2024-06-17T16:02:42.949+0300][gc,task       ] GC(4) Using 4 workers of 4 for evacuation
[2024-06-17T16:02:42.960+0300][gc,phases     ] GC(4)   Pre Evacuate Collection Set: 0.1ms
[2024-06-17T16:02:42.961+0300][gc,phases     ] GC(4)   Evacuate Collection Set: 8.2ms
[2024-06-17T16:02:42.961+0300][gc,phases     ] GC(4)   Post Evacuate Collection Set: 1.0ms
[2024-06-17T16:02:42.961+0300][gc,phases     ] GC(4)   Other: 11.2ms
[2024-06-17T16:02:42.961+0300][gc,heap       ] GC(4) Eden regions: 35->0(44)
[2024-06-17T16:02:42.961+0300][gc,heap       ] GC(4) Survivor regions: 5->7(7)
[2024-06-17T16:02:42.961+0300][gc,heap       ] GC(4) Old regions: 10->11
[2024-06-17T16:02:42.961+0300][gc,heap       ] GC(4) Humongous regions: 129->129
[2024-06-17T16:02:42.961+0300][gc,metaspace  ] GC(4) Metaspace: 34629K(35840K)->34629K(35840K) NonClass: 30681K(31360K)->30681K(31360K) Class: 3947K(4480K)->3947K(4480K)
[2024-06-17T16:02:42.961+0300][gc            ] GC(4) Pause Young (Concurrent Start) (Metadata GC Threshold) 176M->144M(1024M) 20.661ms
[2024-06-17T16:02:42.961+0300][gc,cpu        ] GC(4) User=0.01s Sys=0.01s Real=0.02s
[2024-06-17T16:02:42.961+0300][gc            ] GC(5) Concurrent Cycle
[2024-06-17T16:02:42.961+0300][gc,marking    ] GC(5) Concurrent Clear Claimed Marks
[2024-06-17T16:02:42.961+0300][gc,marking    ] GC(5) Concurrent Clear Claimed Marks 0.104ms
[2024-06-17T16:02:42.961+0300][gc,marking    ] GC(5) Concurrent Scan Root Regions
[2024-06-17T16:02:42.964+0300][gc,marking    ] GC(5) Concurrent Scan Root Regions 3.581ms
[2024-06-17T16:02:42.965+0300][gc,marking    ] GC(5) Concurrent Mark (7.149s)
[2024-06-17T16:02:42.965+0300][gc,marking    ] GC(5) Concurrent Mark From Roots
[2024-06-17T16:02:42.965+0300][gc,task       ] GC(5) Using 1 workers of 1 for marking
[2024-06-17T16:02:42.975+0300][gc,marking    ] GC(5) Concurrent Mark From Roots 10.788ms
[2024-06-17T16:02:42.975+0300][gc,marking    ] GC(5) Concurrent Preclean
[2024-06-17T16:02:42.976+0300][gc,marking    ] GC(5) Concurrent Preclean 0.086ms
[2024-06-17T16:02:42.976+0300][gc,marking    ] GC(5) Concurrent Mark (7.149s, 7.160s) 10.992ms
[2024-06-17T16:02:42.977+0300][gc,start      ] GC(5) Pause Remark
[2024-06-17T16:02:42.981+0300][gc,stringtable] GC(5) Cleaned string and symbol table, strings: 11616 processed, 10 removed, symbols: 88981 processed, 19 removed
[2024-06-17T16:02:42.981+0300][gc            ] GC(5) Pause Remark 146M->146M(1024M) 3.646ms
[2024-06-17T16:02:42.981+0300][gc,cpu        ] GC(5) User=0.00s Sys=0.00s Real=0.00s
[2024-06-17T16:02:42.981+0300][gc,marking    ] GC(5) Concurrent Rebuild Remembered Sets
[2024-06-17T16:02:42.986+0300][gc,marking    ] GC(5) Concurrent Rebuild Remembered Sets 4.931ms
[2024-06-17T16:02:42.991+0300][gc,start      ] GC(5) Pause Cleanup
[2024-06-17T16:02:42.992+0300][gc            ] GC(5) Pause Cleanup 146M->146M(1024M) 0.338ms
[2024-06-17T16:02:42.992+0300][gc,cpu        ] GC(5) User=0.01s Sys=0.00s Real=0.00s
[2024-06-17T16:02:42.992+0300][gc,marking    ] GC(5) Concurrent Cleanup for Next Mark
[2024-06-17T16:02:43.000+0300][gc,marking    ] GC(5) Concurrent Cleanup for Next Mark 8.076ms
[2024-06-17T16:02:43.001+0300][gc            ] GC(5) Concurrent Cycle 39.845ms
[2024-06-17T16:03:49.279+0300][gc,start      ] GC(6) Pause Young (Normal) (G1 Evacuation Pause)
[2024-06-17T16:03:49.279+0300][gc,task       ] GC(6) Using 4 workers of 4 for evacuation
[2024-06-17T16:03:49.303+0300][gc,mmu        ] GC(6) MMU target violated: 21.0ms (20.0ms/21.0ms)
[2024-06-17T16:03:49.303+0300][gc,phases     ] GC(6)   Pre Evacuate Collection Set: 0.4ms
[2024-06-17T16:03:49.303+0300][gc,phases     ] GC(6)   Evacuate Collection Set: 20.1ms
[2024-06-17T16:03:49.303+0300][gc,phases     ] GC(6)   Post Evacuate Collection Set: 2.8ms
[2024-06-17T16:03:49.303+0300][gc,phases     ] GC(6)   Other: 0.7ms
[2024-06-17T16:03:49.303+0300][gc,heap       ] GC(6) Eden regions: 44->0(45)
[2024-06-17T16:03:49.303+0300][gc,heap       ] GC(6) Survivor regions: 7->6(7)
[2024-06-17T16:03:49.303+0300][gc,heap       ] GC(6) Old regions: 11->14
[2024-06-17T16:03:49.303+0300][gc,heap       ] GC(6) Humongous regions: 129->129
[2024-06-17T16:03:49.303+0300][gc,metaspace  ] GC(6) Metaspace: 41109K(43520K)->41109K(43520K) NonClass: 35856K(37120K)->35856K(37120K) Class: 5253K(6400K)->5253K(6400K)
[2024-06-17T16:03:49.303+0300][gc            ] GC(6) Pause Young (Normal) (G1 Evacuation Pause) 188M->146M(1024M) 24.203ms
[2024-06-17T16:03:49.303+0300][gc,cpu        ] GC(6) User=0.04s Sys=0.01s Real=0.02s
[2024-06-17T16:05:38.476+0300][gc,start      ] GC(7) Pause Young (Concurrent Start) (G1 Humongous Allocation)
[2024-06-17T16:05:38.477+0300][gc,task       ] GC(7) Using 4 workers of 4 for evacuation
[2024-06-17T16:05:38.687+0300][gc,mmu        ] GC(7) MMU target violated: 21.0ms (20.0ms/21.0ms)
[2024-06-17T16:05:38.687+0300][gc,phases     ] GC(7)   Pre Evacuate Collection Set: 1.6ms
[2024-06-17T16:05:38.687+0300][gc,phases     ] GC(7)   Evacuate Collection Set: 60.1ms
[2024-06-17T16:05:38.687+0300][gc,phases     ] GC(7)   Post Evacuate Collection Set: 147.1ms
[2024-06-17T16:05:38.687+0300][gc,phases     ] GC(7)   Other: 2.6ms
[2024-06-17T16:05:38.687+0300][gc,heap       ] GC(7) Eden regions: 31->0(46)
[2024-06-17T16:05:38.687+0300][gc,heap       ] GC(7) Survivor regions: 6->5(7)
[2024-06-17T16:05:38.687+0300][gc,heap       ] GC(7) Old regions: 14->17
[2024-06-17T16:05:38.687+0300][gc,heap       ] GC(7) Humongous regions: 344->129
[2024-06-17T16:05:38.687+0300][gc,metaspace  ] GC(7) Metaspace: 44144K(46848K)->44144K(46848K) NonClass: 38392K(39680K)->38392K(39680K) Class: 5751K(7168K)->5751K(7168K)
[2024-06-17T16:05:38.688+0300][gc            ] GC(7) Pause Young (Concurrent Start) (G1 Humongous Allocation) 391M->148M(1024M) 211.543ms
[2024-06-17T16:05:38.688+0300][gc,cpu        ] GC(7) User=0.04s Sys=0.03s Real=0.20s
[2024-06-17T16:05:38.689+0300][gc            ] GC(8) Concurrent Cycle
[2024-06-17T16:05:38.689+0300][gc,marking    ] GC(8) Concurrent Clear Claimed Marks
[2024-06-17T16:05:38.689+0300][gc,marking    ] GC(8) Concurrent Clear Claimed Marks 0.356ms
[2024-06-17T16:05:38.689+0300][gc,marking    ] GC(8) Concurrent Scan Root Regions
[2024-06-17T16:05:38.698+0300][gc,marking    ] GC(8) Concurrent Scan Root Regions 8.525ms
[2024-06-17T16:05:38.698+0300][gc,marking    ] GC(8) Concurrent Mark (182.882s)
[2024-06-17T16:05:38.698+0300][gc,marking    ] GC(8) Concurrent Mark From Roots
[2024-06-17T16:05:38.698+0300][gc,task       ] GC(8) Using 1 workers of 1 for marking
[2024-06-17T16:05:38.866+0300][gc,marking    ] GC(8) Concurrent Mark From Roots 167.505ms
[2024-06-17T16:05:38.866+0300][gc,marking    ] GC(8) Concurrent Preclean
[2024-06-17T16:05:38.866+0300][gc,marking    ] GC(8) Concurrent Preclean 0.188ms
[2024-06-17T16:05:38.866+0300][gc,marking    ] GC(8) Concurrent Mark (182.882s, 183.050s) 167.907ms
[2024-06-17T16:05:38.874+0300][gc,start      ] GC(8) Pause Remark
[2024-06-17T16:05:38.932+0300][gc,stringtable] GC(8) Cleaned string and symbol table, strings: 13705 processed, 10 removed, symbols: 98662 processed, 3 removed
[2024-06-17T16:05:38.933+0300][gc,mmu        ] GC(8) MMU target violated: 21.0ms (20.0ms/21.0ms)
[2024-06-17T16:05:38.933+0300][gc            ] GC(8) Pause Remark 150M->150M(1024M) 58.496ms
[2024-06-17T16:05:38.933+0300][gc,cpu        ] GC(8) User=0.04s Sys=0.00s Real=0.06s
[2024-06-17T16:05:38.956+0300][gc,marking    ] GC(8) Concurrent Rebuild Remembered Sets
[2024-06-17T16:05:38.970+0300][gc,marking    ] GC(8) Concurrent Rebuild Remembered Sets 13.659ms
[2024-06-17T16:05:39.141+0300][gc,start      ] GC(8) Pause Cleanup
[2024-06-17T16:05:39.150+0300][gc            ] GC(8) Pause Cleanup 151M->151M(1024M) 8.788ms
[2024-06-17T16:05:39.150+0300][gc,cpu        ] GC(8) User=0.00s Sys=0.00s Real=0.01s
[2024-06-17T16:05:39.151+0300][gc,marking    ] GC(8) Concurrent Cleanup for Next Mark
[2024-06-17T16:05:39.164+0300][gc,marking    ] GC(8) Concurrent Cleanup for Next Mark 13.604ms
[2024-06-17T16:05:39.195+0300][gc            ] GC(8) Concurrent Cycle 506.339ms
[2024-06-17T16:07:07.942+0300][gc,start      ] GC(9) Pause Young (Concurrent Start) (G1 Humongous Allocation)
[2024-06-17T16:07:07.942+0300][gc,task       ] GC(9) Using 4 workers of 4 for evacuation
[2024-06-17T16:07:07.989+0300][gc,mmu        ] GC(9) MMU target violated: 21.0ms (20.0ms/21.0ms)
[2024-06-17T16:07:07.990+0300][gc,phases     ] GC(9)   Pre Evacuate Collection Set: 1.2ms
[2024-06-17T16:07:07.990+0300][gc,phases     ] GC(9)   Evacuate Collection Set: 44.8ms
[2024-06-17T16:07:07.990+0300][gc,phases     ] GC(9)   Post Evacuate Collection Set: 1.1ms
[2024-06-17T16:07:07.990+0300][gc,phases     ] GC(9)   Other: 2.6ms
[2024-06-17T16:07:07.990+0300][gc,heap       ] GC(9) Eden regions: 11->0(48)
[2024-06-17T16:07:07.990+0300][gc,heap       ] GC(9) Survivor regions: 5->3(7)
[2024-06-17T16:07:07.990+0300][gc,heap       ] GC(9) Old regions: 17->19
[2024-06-17T16:07:07.990+0300][gc,heap       ] GC(9) Humongous regions: 341->129
[2024-06-17T16:07:07.990+0300][gc,metaspace  ] GC(9) Metaspace: 44712K(47616K)->44712K(47616K) NonClass: 38960K(40448K)->38960K(40448K) Class: 5751K(7168K)->5751K(7168K)
[2024-06-17T16:07:07.990+0300][gc            ] GC(9) Pause Young (Concurrent Start) (G1 Humongous Allocation) 370M->148M(1024M) 48.143ms
[2024-06-17T16:07:07.990+0300][gc,cpu        ] GC(9) User=0.02s Sys=0.01s Real=0.06s
[2024-06-17T16:07:07.990+0300][gc            ] GC(10) Concurrent Cycle
[2024-06-17T16:07:07.990+0300][gc,marking    ] GC(10) Concurrent Clear Claimed Marks
[2024-06-17T16:07:07.990+0300][gc,marking    ] GC(10) Concurrent Clear Claimed Marks 0.266ms
[2024-06-17T16:07:07.990+0300][gc,marking    ] GC(10) Concurrent Scan Root Regions
[2024-06-17T16:07:07.992+0300][gc,marking    ] GC(10) Concurrent Scan Root Regions 1.568ms
[2024-06-17T16:07:07.992+0300][gc,marking    ] GC(10) Concurrent Mark (272.177s)
[2024-06-17T16:07:07.992+0300][gc,marking    ] GC(10) Concurrent Mark From Roots
[2024-06-17T16:07:07.992+0300][gc,task       ] GC(10) Using 1 workers of 1 for marking
[2024-06-17T16:07:08.044+0300][gc,marking    ] GC(10) Concurrent Mark From Roots 52.019ms
[2024-06-17T16:07:08.044+0300][gc,marking    ] GC(10) Concurrent Preclean
[2024-06-17T16:07:08.044+0300][gc,marking    ] GC(10) Concurrent Preclean 0.161ms
[2024-06-17T16:07:08.045+0300][gc,marking    ] GC(10) Concurrent Mark (272.177s, 272.229s) 52.317ms
[2024-06-17T16:07:08.046+0300][gc,start      ] GC(10) Pause Remark
[2024-06-17T16:07:08.073+0300][gc,stringtable] GC(10) Cleaned string and symbol table, strings: 13809 processed, 4 removed, symbols: 98659 processed, 0 removed
[2024-06-17T16:07:08.080+0300][gc,mmu        ] GC(10) MMU target violated: 21.0ms (20.0ms/21.0ms)
[2024-06-17T16:07:08.080+0300][gc            ] GC(10) Pause Remark 150M->150M(1024M) 33.750ms
[2024-06-17T16:07:08.080+0300][gc,cpu        ] GC(10) User=0.02s Sys=0.00s Real=0.04s
[2024-06-17T16:07:08.081+0300][gc,marking    ] GC(10) Concurrent Rebuild Remembered Sets
[2024-06-17T16:07:08.162+0300][gc,marking    ] GC(10) Concurrent Rebuild Remembered Sets 81.157ms
[2024-06-17T16:07:08.175+0300][gc,start      ] GC(10) Pause Cleanup
[2024-06-17T16:07:08.175+0300][gc            ] GC(10) Pause Cleanup 150M->150M(1024M) 0.323ms
[2024-06-17T16:07:08.175+0300][gc,cpu        ] GC(10) User=0.00s Sys=0.00s Real=0.00s
[2024-06-17T16:07:08.176+0300][gc,marking    ] GC(10) Concurrent Cleanup for Next Mark
[2024-06-17T16:07:08.183+0300][gc,marking    ] GC(10) Concurrent Cleanup for Next Mark 7.274ms
[2024-06-17T16:07:08.183+0300][gc            ] GC(10) Concurrent Cycle 193.141ms
[2024-06-17T16:08:50.910+0300][gc,start      ] GC(11) Pause Young (Concurrent Start) (G1 Humongous Allocation)
[2024-06-17T16:08:50.910+0300][gc,task       ] GC(11) Using 4 workers of 4 for evacuation
[2024-06-17T16:08:51.079+0300][gc,mmu        ] GC(11) MMU target violated: 21.0ms (20.0ms/21.0ms)
[2024-06-17T16:08:51.079+0300][gc,phases     ] GC(11)   Pre Evacuate Collection Set: 60.5ms
[2024-06-17T16:08:51.079+0300][gc,phases     ] GC(11)   Evacuate Collection Set: 91.0ms
[2024-06-17T16:08:51.079+0300][gc,phases     ] GC(11)   Post Evacuate Collection Set: 4.5ms
[2024-06-17T16:08:51.079+0300][gc,phases     ] GC(11)   Other: 14.0ms
[2024-06-17T16:08:51.079+0300][gc,heap       ] GC(11) Eden regions: 14->0(48)
[2024-06-17T16:08:51.079+0300][gc,heap       ] GC(11) Survivor regions: 3->3(7)
[2024-06-17T16:08:51.079+0300][gc,heap       ] GC(11) Old regions: 19->19
[2024-06-17T16:08:51.079+0300][gc,heap       ] GC(11) Humongous regions: 339->129
[2024-06-17T16:08:51.079+0300][gc,metaspace  ] GC(11) Metaspace: 45207K(48128K)->45207K(48128K) NonClass: 39440K(40960K)->39440K(40960K) Class: 5767K(7168K)->5767K(7168K)
[2024-06-17T16:08:51.080+0300][gc            ] GC(11) Pause Young (Concurrent Start) (G1 Humongous Allocation) 371M->148M(1024M) 170.687ms
[2024-06-17T16:08:51.084+0300][gc,cpu        ] GC(11) User=0.07s Sys=0.03s Real=0.17s
[2024-06-17T16:08:51.084+0300][gc            ] GC(12) Concurrent Cycle
[2024-06-17T16:08:51.084+0300][gc,marking    ] GC(12) Concurrent Clear Claimed Marks
[2024-06-17T16:08:51.084+0300][gc,marking    ] GC(12) Concurrent Clear Claimed Marks 0.372ms
[2024-06-17T16:08:51.084+0300][gc,marking    ] GC(12) Concurrent Scan Root Regions
[2024-06-17T16:08:51.091+0300][gc,marking    ] GC(12) Concurrent Scan Root Regions 6.793ms
[2024-06-17T16:08:51.092+0300][gc,marking    ] GC(12) Concurrent Mark (375.276s)
[2024-06-17T16:08:51.092+0300][gc,marking    ] GC(12) Concurrent Mark From Roots
[2024-06-17T16:08:51.092+0300][gc,task       ] GC(12) Using 1 workers of 1 for marking
[2024-06-17T16:08:51.150+0300][gc,marking    ] GC(12) Concurrent Mark From Roots 57.831ms
[2024-06-17T16:08:51.150+0300][gc,marking    ] GC(12) Concurrent Preclean
[2024-06-17T16:08:51.151+0300][gc,marking    ] GC(12) Concurrent Preclean 0.395ms
[2024-06-17T16:08:51.151+0300][gc,marking    ] GC(12) Concurrent Mark (375.276s, 375.335s) 58.789ms
[2024-06-17T16:08:51.151+0300][gc,start      ] GC(12) Pause Remark
[2024-06-17T16:08:51.781+0300][gc,stringtable] GC(12) Cleaned string and symbol table, strings: 13887 processed, 10 removed, symbols: 98720 processed, 2 removed
[2024-06-17T16:08:51.782+0300][gc,mmu        ] GC(12) MMU target violated: 21.0ms (20.0ms/21.0ms)
[2024-06-17T16:08:51.782+0300][gc            ] GC(12) Pause Remark 150M->150M(1024M) 630.737ms
[2024-06-17T16:08:51.782+0300][gc,cpu        ] GC(12) User=0.10s Sys=0.16s Real=0.63s
[2024-06-17T16:08:51.782+0300][gc,marking    ] GC(12) Concurrent Rebuild Remembered Sets
[2024-06-17T16:08:51.824+0300][gc,marking    ] GC(12) Concurrent Rebuild Remembered Sets 41.751ms
[2024-06-17T16:08:51.829+0300][gc,start      ] GC(12) Pause Cleanup
[2024-06-17T16:08:51.829+0300][gc            ] GC(12) Pause Cleanup 153M->153M(1024M) 0.250ms
[2024-06-17T16:08:51.829+0300][gc,cpu        ] GC(12) User=0.00s Sys=0.00s Real=0.00s
[2024-06-17T16:08:51.829+0300][gc,marking    ] GC(12) Concurrent Cleanup for Next Mark
[2024-06-17T16:08:51.895+0300][gc,marking    ] GC(12) Concurrent Cleanup for Next Mark 65.498ms
[2024-06-17T16:08:51.895+0300][gc            ] GC(12) Concurrent Cycle 811.046ms
[2024-06-17T16:11:00.823+0300][gc,start      ] GC(13) Pause Young (Concurrent Start) (G1 Humongous Allocation)
[2024-06-17T16:11:00.823+0300][gc,task       ] GC(13) Using 4 workers of 4 for evacuation
[2024-06-17T16:11:00.915+0300][gc,mmu        ] GC(13) MMU target violated: 21.0ms (20.0ms/21.0ms)
[2024-06-17T16:11:00.919+0300][gc,phases     ] GC(13)   Pre Evacuate Collection Set: 0.5ms
[2024-06-17T16:11:00.919+0300][gc,phases     ] GC(13)   Evacuate Collection Set: 82.2ms
[2024-06-17T16:11:00.919+0300][gc,phases     ] GC(13)   Post Evacuate Collection Set: 1.1ms
[2024-06-17T16:11:00.919+0300][gc,phases     ] GC(13)   Other: 11.7ms
[2024-06-17T16:11:00.919+0300][gc,heap       ] GC(13) Eden regions: 13->0(47)
[2024-06-17T16:11:00.919+0300][gc,heap       ] GC(13) Survivor regions: 3->4(7)
[2024-06-17T16:11:00.919+0300][gc,heap       ] GC(13) Old regions: 19->19
[2024-06-17T16:11:00.919+0300][gc,heap       ] GC(13) Humongous regions: 339->129
[2024-06-17T16:11:00.919+0300][gc,metaspace  ] GC(13) Metaspace: 45211K(48128K)->45211K(48128K) NonClass: 39469K(40960K)->39469K(40960K) Class: 5741K(7168K)->5741K(7168K)
[2024-06-17T16:11:00.919+0300][gc            ] GC(13) Pause Young (Concurrent Start) (G1 Humongous Allocation) 371M->149M(1024M) 95.659ms
[2024-06-17T16:11:00.919+0300][gc,cpu        ] GC(13) User=0.06s Sys=0.01s Real=0.12s
[2024-06-17T16:11:00.921+0300][gc            ] GC(14) Concurrent Cycle
[2024-06-17T16:11:00.940+0300][gc,marking    ] GC(14) Concurrent Clear Claimed Marks
[2024-06-17T16:11:00.940+0300][gc,marking    ] GC(14) Concurrent Clear Claimed Marks 0.380ms
[2024-06-17T16:11:00.940+0300][gc,marking    ] GC(14) Concurrent Scan Root Regions
[2024-06-17T16:11:00.954+0300][gc,marking    ] GC(14) Concurrent Scan Root Regions 13.895ms
[2024-06-17T16:11:00.954+0300][gc,marking    ] GC(14) Concurrent Mark (505.138s)
[2024-06-17T16:11:00.954+0300][gc,marking    ] GC(14) Concurrent Mark From Roots
[2024-06-17T16:11:00.954+0300][gc,task       ] GC(14) Using 1 workers of 1 for marking
[2024-06-17T16:11:01.109+0300][gc,marking    ] GC(14) Concurrent Mark From Roots 154.825ms
[2024-06-17T16:11:01.109+0300][gc,marking    ] GC(14) Concurrent Preclean
[2024-06-17T16:11:01.109+0300][gc,marking    ] GC(14) Concurrent Preclean 0.267ms
[2024-06-17T16:11:01.109+0300][gc,marking    ] GC(14) Concurrent Mark (505.138s, 505.294s) 155.264ms
[2024-06-17T16:11:01.116+0300][gc,start      ] GC(14) Pause Remark
[2024-06-17T16:11:01.160+0300][gc,stringtable] GC(14) Cleaned string and symbol table, strings: 13937 processed, 0 removed, symbols: 98718 processed, 15 removed
[2024-06-17T16:11:01.161+0300][gc,mmu        ] GC(14) MMU target violated: 21.0ms (20.0ms/21.0ms)
[2024-06-17T16:11:01.161+0300][gc            ] GC(14) Pause Remark 151M->151M(1024M) 44.947ms
[2024-06-17T16:11:01.161+0300][gc,cpu        ] GC(14) User=0.00s Sys=0.01s Real=0.05s
[2024-06-17T16:11:01.163+0300][gc,marking    ] GC(14) Concurrent Rebuild Remembered Sets
[2024-06-17T16:11:01.178+0300][gc,marking    ] GC(14) Concurrent Rebuild Remembered Sets 15.402ms
[2024-06-17T16:11:01.181+0300][gc,start      ] GC(14) Pause Cleanup
[2024-06-17T16:11:01.183+0300][gc            ] GC(14) Pause Cleanup 152M->152M(1024M) 2.021ms
[2024-06-17T16:11:01.183+0300][gc,cpu        ] GC(14) User=0.00s Sys=0.00s Real=0.00s
[2024-06-17T16:11:01.183+0300][gc,marking    ] GC(14) Concurrent Cleanup for Next Mark
[2024-06-17T16:11:01.199+0300][gc,marking    ] GC(14) Concurrent Cleanup for Next Mark 16.258ms
[2024-06-17T16:11:01.200+0300][gc            ] GC(14) Concurrent Cycle 278.379ms
[2024-06-17T16:12:03.431+0300][gc,start      ] GC(15) Pause Young (Concurrent Start) (G1 Humongous Allocation)
[2024-06-17T16:12:03.431+0300][gc,task       ] GC(15) Using 4 workers of 4 for evacuation
[2024-06-17T16:12:03.498+0300][gc,mmu        ] GC(15) MMU target violated: 21.0ms (20.0ms/21.0ms)
[2024-06-17T16:12:03.498+0300][gc,phases     ] GC(15)   Pre Evacuate Collection Set: 2.0ms
[2024-06-17T16:12:03.498+0300][gc,phases     ] GC(15)   Evacuate Collection Set: 63.4ms
[2024-06-17T16:12:03.499+0300][gc,phases     ] GC(15)   Post Evacuate Collection Set: 0.8ms
[2024-06-17T16:12:03.499+0300][gc,phases     ] GC(15)   Other: 1.3ms
[2024-06-17T16:12:03.499+0300][gc,heap       ] GC(15) Eden regions: 8->0(47)
[2024-06-17T16:12:03.499+0300][gc,heap       ] GC(15) Survivor regions: 4->4(7)
[2024-06-17T16:12:03.499+0300][gc,heap       ] GC(15) Old regions: 19->19
[2024-06-17T16:12:03.499+0300][gc,heap       ] GC(15) Humongous regions: 339->129
[2024-06-17T16:12:03.499+0300][gc,metaspace  ] GC(15) Metaspace: 45246K(48384K)->45246K(48384K) NonClass: 39504K(41216K)->39504K(41216K) Class: 5741K(7168K)->5741K(7168K)
[2024-06-17T16:12:03.500+0300][gc            ] GC(15) Pause Young (Concurrent Start) (G1 Humongous Allocation) 367M->149M(1024M) 68.773ms
[2024-06-17T16:12:03.500+0300][gc,cpu        ] GC(15) User=0.00s Sys=0.01s Real=0.01s
[2024-06-17T16:12:03.500+0300][gc            ] GC(16) Concurrent Cycle
[2024-06-17T16:12:03.500+0300][gc,marking    ] GC(16) Concurrent Clear Claimed Marks
[2024-06-17T16:12:03.501+0300][gc,marking    ] GC(16) Concurrent Clear Claimed Marks 1.052ms
[2024-06-17T16:12:03.501+0300][gc,marking    ] GC(16) Concurrent Scan Root Regions
[2024-06-17T16:12:03.505+0300][gc,marking    ] GC(16) Concurrent Scan Root Regions 3.123ms
[2024-06-17T16:12:03.505+0300][gc,marking    ] GC(16) Concurrent Mark (567.689s)
[2024-06-17T16:12:03.505+0300][gc,marking    ] GC(16) Concurrent Mark From Roots
[2024-06-17T16:12:03.505+0300][gc,task       ] GC(16) Using 1 workers of 1 for marking
[2024-06-17T16:12:03.521+0300][gc,marking    ] GC(16) Concurrent Mark From Roots 16.887ms
[2024-06-17T16:12:03.522+0300][gc,marking    ] GC(16) Concurrent Preclean
[2024-06-17T16:12:03.522+0300][gc,marking    ] GC(16) Concurrent Preclean 0.105ms
[2024-06-17T16:12:03.522+0300][gc,marking    ] GC(16) Concurrent Mark (567.689s, 567.706s) 17.149ms
[2024-06-17T16:12:03.522+0300][gc,start      ] GC(16) Pause Remark
[2024-06-17T16:12:03.531+0300][gc,stringtable] GC(16) Cleaned string and symbol table, strings: 13963 processed, 0 removed, symbols: 98703 processed, 0 removed
[2024-06-17T16:12:03.532+0300][gc            ] GC(16) Pause Remark 151M->151M(1024M) 9.813ms
[2024-06-17T16:12:03.532+0300][gc,cpu        ] GC(16) User=0.01s Sys=0.01s Real=0.00s
[2024-06-17T16:12:03.532+0300][gc,marking    ] GC(16) Concurrent Rebuild Remembered Sets
[2024-06-17T16:12:03.542+0300][gc,marking    ] GC(16) Concurrent Rebuild Remembered Sets 9.825ms
[2024-06-17T16:12:03.543+0300][gc,start      ] GC(16) Pause Cleanup
[2024-06-17T16:12:03.543+0300][gc            ] GC(16) Pause Cleanup 151M->151M(1024M) 0.249ms
[2024-06-17T16:12:03.543+0300][gc,cpu        ] GC(16) User=0.00s Sys=0.00s Real=0.00s
[2024-06-17T16:12:03.544+0300][gc,marking    ] GC(16) Concurrent Cleanup for Next Mark
[2024-06-17T16:12:03.546+0300][gc,marking    ] GC(16) Concurrent Cleanup for Next Mark 2.823ms
[2024-06-17T16:12:03.546+0300][gc            ] GC(16) Concurrent Cycle 46.439ms
[2024-06-17T16:15:19.741+0300][gc,start      ] GC(17) Pause Young (Concurrent Start) (G1 Humongous Allocation)
[2024-06-17T16:15:19.741+0300][gc,task       ] GC(17) Using 4 workers of 4 for evacuation
[2024-06-17T16:15:19.801+0300][gc,mmu        ] GC(17) MMU target violated: 21.0ms (20.0ms/21.0ms)
[2024-06-17T16:15:19.802+0300][gc,phases     ] GC(17)   Pre Evacuate Collection Set: 0.8ms
[2024-06-17T16:15:19.802+0300][gc,phases     ] GC(17)   Evacuate Collection Set: 57.8ms
[2024-06-17T16:15:19.802+0300][gc,phases     ] GC(17)   Post Evacuate Collection Set: 1.2ms
[2024-06-17T16:15:19.802+0300][gc,phases     ] GC(17)   Other: 3.6ms
[2024-06-17T16:15:19.802+0300][gc,heap       ] GC(17) Eden regions: 17->0(46)
[2024-06-17T16:15:19.802+0300][gc,heap       ] GC(17) Survivor regions: 4->5(7)
[2024-06-17T16:15:19.802+0300][gc,heap       ] GC(17) Old regions: 19->19
[2024-06-17T16:15:19.802+0300][gc,heap       ] GC(17) Humongous regions: 339->129
[2024-06-17T16:15:19.802+0300][gc,metaspace  ] GC(17) Metaspace: 45409K(48384K)->45409K(48384K) NonClass: 39642K(41216K)->39642K(41216K) Class: 5766K(7168K)->5766K(7168K)
[2024-06-17T16:15:19.802+0300][gc            ] GC(17) Pause Young (Concurrent Start) (G1 Humongous Allocation) 376M->150M(1024M) 60.961ms
[2024-06-17T16:15:19.802+0300][gc,cpu        ] GC(17) User=0.05s Sys=0.01s Real=0.06s
[2024-06-17T16:15:19.802+0300][gc            ] GC(18) Concurrent Cycle
[2024-06-17T16:15:19.802+0300][gc,marking    ] GC(18) Concurrent Clear Claimed Marks
[2024-06-17T16:15:19.803+0300][gc,marking    ] GC(18) Concurrent Clear Claimed Marks 0.437ms
[2024-06-17T16:15:19.803+0300][gc,marking    ] GC(18) Concurrent Scan Root Regions
[2024-06-17T16:15:19.806+0300][gc,marking    ] GC(18) Concurrent Scan Root Regions 3.092ms
[2024-06-17T16:15:19.806+0300][gc,marking    ] GC(18) Concurrent Mark (763.991s)
[2024-06-17T16:15:19.806+0300][gc,marking    ] GC(18) Concurrent Mark From Roots
[2024-06-17T16:15:19.807+0300][gc,task       ] GC(18) Using 1 workers of 1 for marking
[2024-06-17T16:15:19.915+0300][gc,marking    ] GC(18) Concurrent Mark From Roots 108.626ms
[2024-06-17T16:15:19.915+0300][gc,marking    ] GC(18) Concurrent Preclean
[2024-06-17T16:15:19.915+0300][gc,marking    ] GC(18) Concurrent Preclean 0.180ms
[2024-06-17T16:15:19.915+0300][gc,marking    ] GC(18) Concurrent Mark (763.991s, 764.100s) 109.021ms
[2024-06-17T16:15:19.916+0300][gc,start      ] GC(18) Pause Remark
[2024-06-17T16:15:19.992+0300][gc,stringtable] GC(18) Cleaned string and symbol table, strings: 14313 processed, 0 removed, symbols: 98740 processed, 0 removed
[2024-06-17T16:15:19.992+0300][gc,mmu        ] GC(18) MMU target violated: 21.0ms (20.0ms/21.0ms)
[2024-06-17T16:15:19.992+0300][gc            ] GC(18) Pause Remark 151M->151M(1024M) 76.385ms
[2024-06-17T16:15:19.992+0300][gc,cpu        ] GC(18) User=0.02s Sys=0.01s Real=0.13s
[2024-06-17T16:15:19.993+0300][gc,marking    ] GC(18) Concurrent Rebuild Remembered Sets
[2024-06-17T16:15:20.076+0300][gc,marking    ] GC(18) Concurrent Rebuild Remembered Sets 83.382ms
[2024-06-17T16:15:20.077+0300][gc,start      ] GC(18) Pause Cleanup
[2024-06-17T16:15:20.077+0300][gc            ] GC(18) Pause Cleanup 153M->153M(1024M) 0.201ms
[2024-06-17T16:15:20.077+0300][gc,cpu        ] GC(18) User=0.00s Sys=0.00s Real=0.00s
[2024-06-17T16:15:20.077+0300][gc,marking    ] GC(18) Concurrent Cleanup for Next Mark
[2024-06-17T16:15:20.084+0300][gc,marking    ] GC(18) Concurrent Cleanup for Next Mark 6.562ms
[2024-06-17T16:15:20.084+0300][gc            ] GC(18) Concurrent Cycle 281.297ms
[2024-06-17T16:15:58.927+0300][gc,start      ] GC(19) Pause Young (Concurrent Start) (G1 Humongous Allocation)
[2024-06-17T16:15:58.927+0300][gc,task       ] GC(19) Using 4 workers of 4 for evacuation
[2024-06-17T16:15:58.978+0300][gc,mmu        ] GC(19) MMU target violated: 21.0ms (20.0ms/21.0ms)
[2024-06-17T16:15:58.978+0300][gc,phases     ] GC(19)   Pre Evacuate Collection Set: 0.6ms
[2024-06-17T16:15:58.978+0300][gc,phases     ] GC(19)   Evacuate Collection Set: 44.6ms
[2024-06-17T16:15:58.978+0300][gc,phases     ] GC(19)   Post Evacuate Collection Set: 4.6ms
[2024-06-17T16:15:58.978+0300][gc,phases     ] GC(19)   Other: 0.7ms
[2024-06-17T16:15:58.978+0300][gc,heap       ] GC(19) Eden regions: 7->0(48)
[2024-06-17T16:15:58.978+0300][gc,heap       ] GC(19) Survivor regions: 5->3(7)
[2024-06-17T16:15:58.978+0300][gc,heap       ] GC(19) Old regions: 19->20
[2024-06-17T16:15:58.978+0300][gc,heap       ] GC(19) Humongous regions: 339->129
[2024-06-17T16:15:58.978+0300][gc,metaspace  ] GC(19) Metaspace: 45417K(48384K)->45417K(48384K) NonClass: 39650K(41216K)->39650K(41216K) Class: 5766K(7168K)->5766K(7168K)
[2024-06-17T16:15:58.978+0300][gc            ] GC(19) Pause Young (Concurrent Start) (G1 Humongous Allocation) 366M->150M(1024M) 50.615ms
[2024-06-17T16:15:58.978+0300][gc,cpu        ] GC(19) User=0.02s Sys=0.00s Real=0.06s
[2024-06-17T16:15:58.978+0300][gc            ] GC(20) Concurrent Cycle
[2024-06-17T16:15:58.978+0300][gc,marking    ] GC(20) Concurrent Clear Claimed Marks
[2024-06-17T16:15:58.978+0300][gc,marking    ] GC(20) Concurrent Clear Claimed Marks 0.301ms
[2024-06-17T16:15:58.978+0300][gc,marking    ] GC(20) Concurrent Scan Root Regions
[2024-06-17T16:15:58.981+0300][gc,marking    ] GC(20) Concurrent Scan Root Regions 2.425ms
[2024-06-17T16:15:58.981+0300][gc,marking    ] GC(20) Concurrent Mark (803.165s)
[2024-06-17T16:15:58.981+0300][gc,marking    ] GC(20) Concurrent Mark From Roots
[2024-06-17T16:15:58.981+0300][gc,task       ] GC(20) Using 1 workers of 1 for marking
[2024-06-17T16:15:59.064+0300][gc,marking    ] GC(20) Concurrent Mark From Roots 82.862ms
[2024-06-17T16:15:59.064+0300][gc,marking    ] GC(20) Concurrent Preclean
[2024-06-17T16:15:59.064+0300][gc,marking    ] GC(20) Concurrent Preclean 0.126ms
[2024-06-17T16:15:59.064+0300][gc,marking    ] GC(20) Concurrent Mark (803.165s, 803.248s) 83.132ms
[2024-06-17T16:15:59.065+0300][gc,start      ] GC(20) Pause Remark
[2024-06-17T16:15:59.087+0300][gc,stringtable] GC(20) Cleaned string and symbol table, strings: 14332 processed, 0 removed, symbols: 98740 processed, 0 removed
[2024-06-17T16:15:59.097+0300][gc,mmu        ] GC(20) MMU target violated: 21.0ms (20.0ms/21.0ms)
[2024-06-17T16:15:59.097+0300][gc            ] GC(20) Pause Remark 152M->152M(1024M) 32.243ms
[2024-06-17T16:15:59.097+0300][gc,cpu        ] GC(20) User=0.01s Sys=0.00s Real=0.04s
[2024-06-17T16:15:59.102+0300][gc,marking    ] GC(20) Concurrent Rebuild Remembered Sets
[2024-06-17T16:15:59.127+0300][gc,marking    ] GC(20) Concurrent Rebuild Remembered Sets 24.336ms
[2024-06-17T16:15:59.127+0300][gc,start      ] GC(20) Pause Cleanup
[2024-06-17T16:15:59.128+0300][gc            ] GC(20) Pause Cleanup 152M->152M(1024M) 0.621ms
[2024-06-17T16:15:59.128+0300][gc,cpu        ] GC(20) User=0.01s Sys=0.00s Real=0.00s
[2024-06-17T16:15:59.128+0300][gc,marking    ] GC(20) Concurrent Cleanup for Next Mark
[2024-06-17T16:15:59.140+0300][gc,marking    ] GC(20) Concurrent Cleanup for Next Mark 11.476ms
[2024-06-17T16:15:59.140+0300][gc            ] GC(20) Concurrent Cycle 162.191ms
[2024-06-17T16:17:36.889+0300][gc,start      ] GC(21) Pause Young (Concurrent Start) (G1 Humongous Allocation)
[2024-06-17T16:17:36.889+0300][gc,task       ] GC(21) Using 4 workers of 4 for evacuation
[2024-06-17T16:17:36.911+0300][gc,mmu        ] GC(21) MMU target violated: 21.0ms (20.0ms/21.0ms)
[2024-06-17T16:17:36.911+0300][gc,phases     ] GC(21)   Pre Evacuate Collection Set: 0.6ms
[2024-06-17T16:17:36.911+0300][gc,phases     ] GC(21)   Evacuate Collection Set: 20.5ms
[2024-06-17T16:17:36.911+0300][gc,phases     ] GC(21)   Post Evacuate Collection Set: 0.6ms
[2024-06-17T16:17:36.911+0300][gc,phases     ] GC(21)   Other: 0.8ms
[2024-06-17T16:17:36.912+0300][gc,heap       ] GC(21) Eden regions: 10->0(47)
[2024-06-17T16:17:36.912+0300][gc,heap       ] GC(21) Survivor regions: 3->4(7)
[2024-06-17T16:17:36.912+0300][gc,heap       ] GC(21) Old regions: 20->20
[2024-06-17T16:17:36.912+0300][gc,heap       ] GC(21) Humongous regions: 338->129
[2024-06-17T16:17:36.912+0300][gc,metaspace  ] GC(21) Metaspace: 45429K(48384K)->45429K(48384K) NonClass: 39662K(41216K)->39662K(41216K) Class: 5766K(7168K)->5766K(7168K)
[2024-06-17T16:17:36.912+0300][gc            ] GC(21) Pause Young (Concurrent Start) (G1 Humongous Allocation) 369M->150M(1024M) 23.469ms
[2024-06-17T16:17:36.912+0300][gc,cpu        ] GC(21) User=0.02s Sys=0.01s Real=0.02s
[2024-06-17T16:17:36.912+0300][gc            ] GC(22) Concurrent Cycle
[2024-06-17T16:17:36.913+0300][gc,marking    ] GC(22) Concurrent Clear Claimed Marks
[2024-06-17T16:17:36.913+0300][gc,marking    ] GC(22) Concurrent Clear Claimed Marks 0.212ms
[2024-06-17T16:17:36.913+0300][gc,marking    ] GC(22) Concurrent Scan Root Regions
[2024-06-17T16:17:36.916+0300][gc,marking    ] GC(22) Concurrent Scan Root Regions 2.759ms
[2024-06-17T16:17:36.916+0300][gc,marking    ] GC(22) Concurrent Mark (901.100s)
[2024-06-17T16:17:36.916+0300][gc,marking    ] GC(22) Concurrent Mark From Roots
[2024-06-17T16:17:36.916+0300][gc,task       ] GC(22) Using 1 workers of 1 for marking
[2024-06-17T16:17:36.939+0300][gc,marking    ] GC(22) Concurrent Mark From Roots 22.576ms
[2024-06-17T16:17:36.939+0300][gc,marking    ] GC(22) Concurrent Preclean
[2024-06-17T16:17:36.939+0300][gc,marking    ] GC(22) Concurrent Preclean 0.244ms
[2024-06-17T16:17:36.939+0300][gc,marking    ] GC(22) Concurrent Mark (901.100s, 901.123s) 23.004ms
[2024-06-17T16:17:36.940+0300][gc,start      ] GC(22) Pause Remark
[2024-06-17T16:17:36.957+0300][gc,stringtable] GC(22) Cleaned string and symbol table, strings: 14352 processed, 276 removed, symbols: 98740 processed, 0 removed
[2024-06-17T16:17:36.963+0300][gc,mmu        ] GC(22) MMU target violated: 21.0ms (20.0ms/21.0ms)
[2024-06-17T16:17:36.963+0300][gc            ] GC(22) Pause Remark 152M->152M(1024M) 23.145ms
[2024-06-17T16:17:36.963+0300][gc,cpu        ] GC(22) User=0.03s Sys=0.00s Real=0.02s
[2024-06-17T16:17:36.963+0300][gc,marking    ] GC(22) Concurrent Rebuild Remembered Sets
[2024-06-17T16:17:36.979+0300][gc,marking    ] GC(22) Concurrent Rebuild Remembered Sets 15.416ms
[2024-06-17T16:17:36.979+0300][gc,start      ] GC(22) Pause Cleanup
[2024-06-17T16:17:36.980+0300][gc            ] GC(22) Pause Cleanup 152M->152M(1024M) 0.402ms
[2024-06-17T16:17:36.980+0300][gc,cpu        ] GC(22) User=0.00s Sys=0.00s Real=0.00s
[2024-06-17T16:17:36.980+0300][gc,marking    ] GC(22) Concurrent Cleanup for Next Mark
[2024-06-17T16:17:36.982+0300][gc,marking    ] GC(22) Concurrent Cleanup for Next Mark 2.266ms
[2024-06-17T16:17:36.982+0300][gc            ] GC(22) Concurrent Cycle 69.887ms
[2024-06-17T16:19:19.267+0300][gc,start      ] GC(23) Pause Young (Concurrent Start) (G1 Humongous Allocation)
[2024-06-17T16:19:19.267+0300][gc,task       ] GC(23) Using 4 workers of 4 for evacuation
[2024-06-17T16:19:19.279+0300][gc,phases     ] GC(23)   Pre Evacuate Collection Set: 0.5ms
[2024-06-17T16:19:19.279+0300][gc,phases     ] GC(23)   Evacuate Collection Set: 10.9ms
[2024-06-17T16:19:19.279+0300][gc,phases     ] GC(23)   Post Evacuate Collection Set: 0.7ms
[2024-06-17T16:19:19.279+0300][gc,phases     ] GC(23)   Other: 0.5ms
[2024-06-17T16:19:19.279+0300][gc,heap       ] GC(23) Eden regions: 11->0(47)
[2024-06-17T16:19:19.279+0300][gc,heap       ] GC(23) Survivor regions: 4->4(7)
[2024-06-17T16:19:19.279+0300][gc,heap       ] GC(23) Old regions: 20->20
[2024-06-17T16:19:19.279+0300][gc,heap       ] GC(23) Humongous regions: 338->129
[2024-06-17T16:19:19.279+0300][gc,metaspace  ] GC(23) Metaspace: 45311K(48384K)->45311K(48384K) NonClass: 39581K(41216K)->39581K(41216K) Class: 5730K(7168K)->5730K(7168K)
[2024-06-17T16:19:19.279+0300][gc            ] GC(23) Pause Young (Concurrent Start) (G1 Humongous Allocation) 370M->151M(1024M) 12.649ms
[2024-06-17T16:19:19.279+0300][gc,cpu        ] GC(23) User=0.03s Sys=0.00s Real=0.02s
[2024-06-17T16:19:19.280+0300][gc            ] GC(24) Concurrent Cycle
[2024-06-17T16:19:19.280+0300][gc,marking    ] GC(24) Concurrent Clear Claimed Marks
[2024-06-17T16:19:19.280+0300][gc,marking    ] GC(24) Concurrent Clear Claimed Marks 0.072ms
[2024-06-17T16:19:19.280+0300][gc,marking    ] GC(24) Concurrent Scan Root Regions
[2024-06-17T16:19:19.282+0300][gc,marking    ] GC(24) Concurrent Scan Root Regions 1.525ms
[2024-06-17T16:19:19.282+0300][gc,marking    ] GC(24) Concurrent Mark (1003.466s)
[2024-06-17T16:19:19.282+0300][gc,marking    ] GC(24) Concurrent Mark From Roots
[2024-06-17T16:19:19.282+0300][gc,task       ] GC(24) Using 1 workers of 1 for marking
[2024-06-17T16:19:19.298+0300][gc,marking    ] GC(24) Concurrent Mark From Roots 16.388ms
[2024-06-17T16:19:19.298+0300][gc,marking    ] GC(24) Concurrent Preclean
[2024-06-17T16:19:19.298+0300][gc,marking    ] GC(24) Concurrent Preclean 0.119ms
[2024-06-17T16:19:19.298+0300][gc,marking    ] GC(24) Concurrent Mark (1003.466s, 1003.483s) 16.612ms
[2024-06-17T16:19:19.299+0300][gc,start      ] GC(24) Pause Remark
[2024-06-17T16:19:19.306+0300][gc,stringtable] GC(24) Cleaned string and symbol table, strings: 14197 processed, 4 removed, symbols: 98740 processed, 13 removed
[2024-06-17T16:19:19.307+0300][gc            ] GC(24) Pause Remark 152M->152M(1024M) 7.640ms
[2024-06-17T16:19:19.307+0300][gc,cpu        ] GC(24) User=0.01s Sys=0.00s Real=0.00s
[2024-06-17T16:19:19.307+0300][gc,marking    ] GC(24) Concurrent Rebuild Remembered Sets
[2024-06-17T16:19:19.316+0300][gc,marking    ] GC(24) Concurrent Rebuild Remembered Sets 9.325ms
[2024-06-17T16:19:19.317+0300][gc,start      ] GC(24) Pause Cleanup
[2024-06-17T16:19:19.317+0300][gc            ] GC(24) Pause Cleanup 152M->152M(1024M) 0.173ms
[2024-06-17T16:19:19.317+0300][gc,cpu        ] GC(24) User=0.00s Sys=0.00s Real=0.00s
[2024-06-17T16:19:19.317+0300][gc,marking    ] GC(24) Concurrent Cleanup for Next Mark
[2024-06-17T16:19:19.319+0300][gc,marking    ] GC(24) Concurrent Cleanup for Next Mark 1.497ms
[2024-06-17T16:19:19.319+0300][gc            ] GC(24) Concurrent Cycle 39.305ms
[2024-06-17T16:20:08.596+0300][gc,start      ] GC(25) Pause Young (Concurrent Start) (G1 Humongous Allocation)
[2024-06-17T16:20:08.597+0300][gc,task       ] GC(25) Using 4 workers of 4 for evacuation
[2024-06-17T16:20:08.606+0300][gc,phases     ] GC(25)   Pre Evacuate Collection Set: 0.3ms
[2024-06-17T16:20:08.606+0300][gc,phases     ] GC(25)   Evacuate Collection Set: 8.1ms
[2024-06-17T16:20:08.606+0300][gc,phases     ] GC(25)   Post Evacuate Collection Set: 0.5ms
[2024-06-17T16:20:08.607+0300][gc,phases     ] GC(25)   Other: 2.9ms
[2024-06-17T16:20:08.607+0300][gc,heap       ] GC(25) Eden regions: 8->0(47)
[2024-06-17T16:20:08.607+0300][gc,heap       ] GC(25) Survivor regions: 4->4(7)
[2024-06-17T16:20:08.607+0300][gc,heap       ] GC(25) Old regions: 20->20
[2024-06-17T16:20:08.607+0300][gc,heap       ] GC(25) Humongous regions: 338->129
[2024-06-17T16:20:08.608+0300][gc,metaspace  ] GC(25) Metaspace: 45320K(48384K)->45320K(48384K) NonClass: 39590K(41216K)->39590K(41216K) Class: 5730K(7168K)->5730K(7168K)
[2024-06-17T16:20:08.608+0300][gc            ] GC(25) Pause Young (Concurrent Start) (G1 Humongous Allocation) 368M->151M(1024M) 11.926ms
[2024-06-17T16:20:08.608+0300][gc,cpu        ] GC(25) User=0.02s Sys=0.00s Real=0.01s
[2024-06-17T16:20:08.608+0300][gc            ] GC(26) Concurrent Cycle
[2024-06-17T16:20:08.608+0300][gc,marking    ] GC(26) Concurrent Clear Claimed Marks
[2024-06-17T16:20:08.608+0300][gc,marking    ] GC(26) Concurrent Clear Claimed Marks 0.095ms
[2024-06-17T16:20:08.608+0300][gc,marking    ] GC(26) Concurrent Scan Root Regions
[2024-06-17T16:20:08.610+0300][gc,marking    ] GC(26) Concurrent Scan Root Regions 1.902ms
[2024-06-17T16:20:08.610+0300][gc,marking    ] GC(26) Concurrent Mark (1052.795s)
[2024-06-17T16:20:08.611+0300][gc,marking    ] GC(26) Concurrent Mark From Roots
[2024-06-17T16:20:08.611+0300][gc,task       ] GC(26) Using 1 workers of 1 for marking
[2024-06-17T16:20:08.633+0300][gc,marking    ] GC(26) Concurrent Mark From Roots 22.754ms
[2024-06-17T16:20:08.633+0300][gc,marking    ] GC(26) Concurrent Preclean
[2024-06-17T16:20:08.634+0300][gc,marking    ] GC(26) Concurrent Preclean 0.141ms
[2024-06-17T16:20:08.634+0300][gc,marking    ] GC(26) Concurrent Mark (1052.795s, 1052.818s) 23.021ms
[2024-06-17T16:20:08.634+0300][gc,start      ] GC(26) Pause Remark
[2024-06-17T16:20:08.640+0300][gc,stringtable] GC(26) Cleaned string and symbol table, strings: 14195 processed, 0 removed, symbols: 98727 processed, 0 removed
[2024-06-17T16:20:08.641+0300][gc            ] GC(26) Pause Remark 152M->152M(1024M) 7.423ms
[2024-06-17T16:20:08.641+0300][gc,cpu        ] GC(26) User=0.02s Sys=0.00s Real=0.01s
[2024-06-17T16:20:08.641+0300][gc,marking    ] GC(26) Concurrent Rebuild Remembered Sets
[2024-06-17T16:20:08.656+0300][gc,marking    ] GC(26) Concurrent Rebuild Remembered Sets 14.521ms
[2024-06-17T16:20:08.657+0300][gc,start      ] GC(26) Pause Cleanup
[2024-06-17T16:20:08.657+0300][gc            ] GC(26) Pause Cleanup 153M->153M(1024M) 0.451ms
[2024-06-17T16:20:08.657+0300][gc,cpu        ] GC(26) User=0.00s Sys=0.00s Real=0.00s
[2024-06-17T16:20:08.657+0300][gc,marking    ] GC(26) Concurrent Cleanup for Next Mark
[2024-06-17T16:20:08.660+0300][gc,marking    ] GC(26) Concurrent Cleanup for Next Mark 3.161ms
[2024-06-17T16:20:08.661+0300][gc            ] GC(26) Concurrent Cycle 52.160ms
[2024-06-17T16:21:22.772+0300][gc,start      ] GC(27) Pause Young (Concurrent Start) (G1 Humongous Allocation)
[2024-06-17T16:21:22.773+0300][gc,task       ] GC(27) Using 4 workers of 4 for evacuation
[2024-06-17T16:21:22.788+0300][gc,phases     ] GC(27)   Pre Evacuate Collection Set: 0.6ms
[2024-06-17T16:21:22.789+0300][gc,phases     ] GC(27)   Evacuate Collection Set: 13.8ms
[2024-06-17T16:21:22.789+0300][gc,phases     ] GC(27)   Post Evacuate Collection Set: 1.1ms
[2024-06-17T16:21:22.789+0300][gc,phases     ] GC(27)   Other: 0.6ms
[2024-06-17T16:21:22.789+0300][gc,heap       ] GC(27) Eden regions: 9->0(47)
[2024-06-17T16:21:22.789+0300][gc,heap       ] GC(27) Survivor regions: 4->4(7)
[2024-06-17T16:21:22.789+0300][gc,heap       ] GC(27) Old regions: 20->21
[2024-06-17T16:21:22.789+0300][gc,heap       ] GC(27) Humongous regions: 338->129
[2024-06-17T16:21:22.789+0300][gc,metaspace  ] GC(27) Metaspace: 45376K(48384K)->45376K(48384K) NonClass: 39632K(41216K)->39632K(41216K) Class: 5743K(7168K)->5743K(7168K)
[2024-06-17T16:21:22.789+0300][gc            ] GC(27) Pause Young (Concurrent Start) (G1 Humongous Allocation) 369M->151M(1024M) 16.292ms
[2024-06-17T16:21:22.789+0300][gc,cpu        ] GC(27) User=0.01s Sys=0.01s Real=0.02s
[2024-06-17T16:21:22.789+0300][gc            ] GC(28) Concurrent Cycle
[2024-06-17T16:21:22.790+0300][gc,marking    ] GC(28) Concurrent Clear Claimed Marks
[2024-06-17T16:21:22.791+0300][gc,marking    ] GC(28) Concurrent Clear Claimed Marks 0.875ms
[2024-06-17T16:21:22.791+0300][gc,marking    ] GC(28) Concurrent Scan Root Regions
[2024-06-17T16:21:22.794+0300][gc,marking    ] GC(28) Concurrent Scan Root Regions 3.180ms
[2024-06-17T16:21:22.795+0300][gc,marking    ] GC(28) Concurrent Mark (1126.979s)
[2024-06-17T16:21:22.795+0300][gc,marking    ] GC(28) Concurrent Mark From Roots
[2024-06-17T16:21:22.795+0300][gc,task       ] GC(28) Using 1 workers of 1 for marking
[2024-06-17T16:21:22.903+0300][gc,marking    ] GC(28) Concurrent Mark From Roots 107.626ms
[2024-06-17T16:21:22.903+0300][gc,marking    ] GC(28) Concurrent Preclean
[2024-06-17T16:21:22.903+0300][gc,marking    ] GC(28) Concurrent Preclean 0.156ms
[2024-06-17T16:21:22.903+0300][gc,marking    ] GC(28) Concurrent Mark (1126.979s, 1127.087s) 108.029ms
[2024-06-17T16:21:22.904+0300][gc,start      ] GC(28) Pause Remark
[2024-06-17T16:21:22.935+0300][gc,stringtable] GC(28) Cleaned string and symbol table, strings: 14211 processed, 0 removed, symbols: 98749 processed, 0 removed
[2024-06-17T16:21:22.936+0300][gc,mmu        ] GC(28) MMU target violated: 21.0ms (20.0ms/21.0ms)
[2024-06-17T16:21:22.936+0300][gc            ] GC(28) Pause Remark 155M->155M(1024M) 32.650ms
[2024-06-17T16:21:22.936+0300][gc,cpu        ] GC(28) User=0.02s Sys=0.02s Real=0.04s
[2024-06-17T16:21:22.937+0300][gc,marking    ] GC(28) Concurrent Rebuild Remembered Sets
[2024-06-17T16:21:22.952+0300][gc,marking    ] GC(28) Concurrent Rebuild Remembered Sets 15.337ms
[2024-06-17T16:21:22.956+0300][gc,start      ] GC(28) Pause Cleanup
[2024-06-17T16:21:22.956+0300][gc            ] GC(28) Pause Cleanup 156M->156M(1024M) 0.455ms
[2024-06-17T16:21:22.956+0300][gc,cpu        ] GC(28) User=0.00s Sys=0.00s Real=0.00s
[2024-06-17T16:21:22.957+0300][gc,marking    ] GC(28) Concurrent Cleanup for Next Mark
[2024-06-17T16:21:22.959+0300][gc,marking    ] GC(28) Concurrent Cleanup for Next Mark 2.647ms
[2024-06-17T16:21:22.960+0300][gc            ] GC(28) Concurrent Cycle 170.193ms
[2024-06-17T16:22:14.039+0300][gc,start      ] GC(29) Pause Young (Concurrent Start) (G1 Humongous Allocation)
[2024-06-17T16:22:14.039+0300][gc,task       ] GC(29) Using 4 workers of 4 for evacuation
[2024-06-17T16:22:14.051+0300][gc,phases     ] GC(29)   Pre Evacuate Collection Set: 0.5ms
[2024-06-17T16:22:14.051+0300][gc,phases     ] GC(29)   Evacuate Collection Set: 8.8ms
[2024-06-17T16:22:14.051+0300][gc,phases     ] GC(29)   Post Evacuate Collection Set: 1.8ms
[2024-06-17T16:22:14.051+0300][gc,phases     ] GC(29)   Other: 0.7ms
[2024-06-17T16:22:14.051+0300][gc,heap       ] GC(29) Eden regions: 9->0(47)
[2024-06-17T16:22:14.051+0300][gc,heap       ] GC(29) Survivor regions: 4->4(7)
[2024-06-17T16:22:14.051+0300][gc,heap       ] GC(29) Old regions: 21->21
[2024-06-17T16:22:14.051+0300][gc,heap       ] GC(29) Humongous regions: 337->129
[2024-06-17T16:22:14.051+0300][gc,metaspace  ] GC(29) Metaspace: 45398K(48384K)->45398K(48384K) NonClass: 39650K(41216K)->39650K(41216K) Class: 5748K(7168K)->5748K(7168K)
[2024-06-17T16:22:14.051+0300][gc            ] GC(29) Pause Young (Concurrent Start) (G1 Humongous Allocation) 368M->151M(1024M) 11.942ms
[2024-06-17T16:22:14.051+0300][gc,cpu        ] GC(29) User=0.02s Sys=0.01s Real=0.01s
[2024-06-17T16:22:14.052+0300][gc            ] GC(30) Concurrent Cycle
[2024-06-17T16:22:14.052+0300][gc,marking    ] GC(30) Concurrent Clear Claimed Marks
[2024-06-17T16:22:14.052+0300][gc,marking    ] GC(30) Concurrent Clear Claimed Marks 0.126ms
[2024-06-17T16:22:14.052+0300][gc,marking    ] GC(30) Concurrent Scan Root Regions
[2024-06-17T16:22:14.054+0300][gc,marking    ] GC(30) Concurrent Scan Root Regions 2.508ms
[2024-06-17T16:22:14.054+0300][gc,marking    ] GC(30) Concurrent Mark (1178.239s)
[2024-06-17T16:22:14.054+0300][gc,marking    ] GC(30) Concurrent Mark From Roots
[2024-06-17T16:22:14.055+0300][gc,task       ] GC(30) Using 1 workers of 1 for marking
[2024-06-17T16:22:14.128+0300][gc,marking    ] GC(30) Concurrent Mark From Roots 73.903ms
[2024-06-17T16:22:14.135+0300][gc,marking    ] GC(30) Concurrent Preclean
[2024-06-17T16:22:14.135+0300][gc,marking    ] GC(30) Concurrent Preclean 0.372ms
[2024-06-17T16:22:14.135+0300][gc,marking    ] GC(30) Concurrent Mark (1178.239s, 1178.319s) 80.690ms
[2024-06-17T16:22:14.152+0300][gc,start      ] GC(30) Pause Remark
[2024-06-17T16:22:14.194+0300][gc,stringtable] GC(30) Cleaned string and symbol table, strings: 14255 processed, 1 removed, symbols: 98751 processed, 0 removed
[2024-06-17T16:22:14.195+0300][gc,mmu        ] GC(30) MMU target violated: 21.0ms (20.0ms/21.0ms)
[2024-06-17T16:22:14.196+0300][gc            ] GC(30) Pause Remark 153M->153M(1024M) 43.964ms
[2024-06-17T16:22:14.196+0300][gc,cpu        ] GC(30) User=0.02s Sys=0.04s Real=0.04s
[2024-06-17T16:22:14.197+0300][gc,marking    ] GC(30) Concurrent Rebuild Remembered Sets
[2024-06-17T16:22:14.241+0300][gc,marking    ] GC(30) Concurrent Rebuild Remembered Sets 44.034ms
[2024-06-17T16:22:14.242+0300][gc,start      ] GC(30) Pause Cleanup
[2024-06-17T16:22:14.242+0300][gc            ] GC(30) Pause Cleanup 153M->153M(1024M) 0.342ms
[2024-06-17T16:22:14.242+0300][gc,cpu        ] GC(30) User=0.00s Sys=0.00s Real=0.00s
[2024-06-17T16:22:14.242+0300][gc,marking    ] GC(30) Concurrent Cleanup for Next Mark
[2024-06-17T16:22:14.244+0300][gc,marking    ] GC(30) Concurrent Cleanup for Next Mark 2.082ms
[2024-06-17T16:22:14.245+0300][gc            ] GC(30) Concurrent Cycle 193.007ms
[2024-06-17T16:24:02.552+0300][gc,start      ] GC(31) Pause Young (Concurrent Start) (G1 Humongous Allocation)
[2024-06-17T16:24:02.552+0300][gc,task       ] GC(31) Using 4 workers of 4 for evacuation
[2024-06-17T16:24:02.702+0300][gc,mmu        ] GC(31) MMU target violated: 21.0ms (20.0ms/21.0ms)
[2024-06-17T16:24:02.702+0300][gc,phases     ] GC(31)   Pre Evacuate Collection Set: 3.1ms
[2024-06-17T16:24:02.702+0300][gc,phases     ] GC(31)   Evacuate Collection Set: 141.1ms
[2024-06-17T16:24:02.702+0300][gc,phases     ] GC(31)   Post Evacuate Collection Set: 1.3ms
[2024-06-17T16:24:02.702+0300][gc,phases     ] GC(31)   Other: 4.5ms
[2024-06-17T16:24:02.702+0300][gc,heap       ] GC(31) Eden regions: 13->0(47)
[2024-06-17T16:24:02.702+0300][gc,heap       ] GC(31) Survivor regions: 4->4(7)
[2024-06-17T16:24:02.702+0300][gc,heap       ] GC(31) Old regions: 21->21
[2024-06-17T16:24:02.702+0300][gc,heap       ] GC(31) Humongous regions: 337->129
[2024-06-17T16:24:02.702+0300][gc,metaspace  ] GC(31) Metaspace: 45441K(48384K)->45441K(48384K) NonClass: 39693K(41216K)->39693K(41216K) Class: 5748K(7168K)->5748K(7168K)
[2024-06-17T16:24:02.702+0300][gc            ] GC(31) Pause Young (Concurrent Start) (G1 Humongous Allocation) 372M->152M(1024M) 149.971ms
[2024-06-17T16:24:02.702+0300][gc,cpu        ] GC(31) User=0.02s Sys=0.03s Real=0.15s
[2024-06-17T16:24:02.702+0300][gc            ] GC(32) Concurrent Cycle
[2024-06-17T16:24:02.702+0300][gc,marking    ] GC(32) Concurrent Clear Claimed Marks
[2024-06-17T16:24:02.702+0300][gc,marking    ] GC(32) Concurrent Clear Claimed Marks 0.275ms
[2024-06-17T16:24:02.702+0300][gc,marking    ] GC(32) Concurrent Scan Root Regions
[2024-06-17T16:24:02.710+0300][gc,marking    ] GC(32) Concurrent Scan Root Regions 7.346ms
[2024-06-17T16:24:02.710+0300][gc,marking    ] GC(32) Concurrent Mark (1286.894s)
[2024-06-17T16:24:02.710+0300][gc,marking    ] GC(32) Concurrent Mark From Roots
[2024-06-17T16:24:02.710+0300][gc,task       ] GC(32) Using 1 workers of 1 for marking
[2024-06-17T16:24:02.825+0300][gc,marking    ] GC(32) Concurrent Mark From Roots 115.420ms
[2024-06-17T16:24:02.825+0300][gc,marking    ] GC(32) Concurrent Preclean
[2024-06-17T16:24:02.825+0300][gc,marking    ] GC(32) Concurrent Preclean 0.151ms
[2024-06-17T16:24:02.825+0300][gc,marking    ] GC(32) Concurrent Mark (1286.894s, 1287.010s) 115.686ms
[2024-06-17T16:24:02.826+0300][gc,start      ] GC(32) Pause Remark
[2024-06-17T16:24:02.844+0300][gc,stringtable] GC(32) Cleaned string and symbol table, strings: 14322 processed, 0 removed, symbols: 98751 processed, 0 removed
[2024-06-17T16:24:02.844+0300][gc            ] GC(32) Pause Remark 155M->155M(1024M) 18.207ms
[2024-06-17T16:24:02.844+0300][gc,cpu        ] GC(32) User=0.01s Sys=0.02s Real=0.00s
[2024-06-17T16:24:02.844+0300][gc,marking    ] GC(32) Concurrent Rebuild Remembered Sets
[2024-06-17T16:24:02.941+0300][gc,marking    ] GC(32) Concurrent Rebuild Remembered Sets 97.312ms
[2024-06-17T16:24:02.942+0300][gc,start      ] GC(32) Pause Cleanup
[2024-06-17T16:24:02.942+0300][gc            ] GC(32) Pause Cleanup 156M->156M(1024M) 0.222ms
[2024-06-17T16:24:02.942+0300][gc,cpu        ] GC(32) User=0.00s Sys=0.00s Real=0.00s
[2024-06-17T16:24:02.942+0300][gc,marking    ] GC(32) Concurrent Cleanup for Next Mark
[2024-06-17T16:24:03.007+0300][gc,marking    ] GC(32) Concurrent Cleanup for Next Mark 65.475ms
[2024-06-17T16:24:03.008+0300][gc            ] GC(32) Concurrent Cycle 305.594ms
[2024-06-17T16:26:01.708+0300][gc,start      ] GC(33) Pause Young (Concurrent Start) (G1 Humongous Allocation)
[2024-06-17T16:26:01.708+0300][gc,task       ] GC(33) Using 4 workers of 4 for evacuation
[2024-06-17T16:26:01.736+0300][gc,mmu        ] GC(33) MMU target violated: 21.0ms (20.0ms/21.0ms)
[2024-06-17T16:26:01.736+0300][gc,phases     ] GC(33)   Pre Evacuate Collection Set: 0.5ms
[2024-06-17T16:26:01.736+0300][gc,phases     ] GC(33)   Evacuate Collection Set: 26.2ms
[2024-06-17T16:26:01.736+0300][gc,phases     ] GC(33)   Post Evacuate Collection Set: 0.5ms
[2024-06-17T16:26:01.736+0300][gc,phases     ] GC(33)   Other: 1.2ms
[2024-06-17T16:26:01.736+0300][gc,heap       ] GC(33) Eden regions: 15->0(46)
[2024-06-17T16:26:01.736+0300][gc,heap       ] GC(33) Survivor regions: 4->5(7)
[2024-06-17T16:26:01.736+0300][gc,heap       ] GC(33) Old regions: 21->21
[2024-06-17T16:26:01.736+0300][gc,heap       ] GC(33) Humongous regions: 337->129
[2024-06-17T16:26:01.736+0300][gc,metaspace  ] GC(33) Metaspace: 45520K(48384K)->45520K(48384K) NonClass: 39771K(41216K)->39771K(41216K) Class: 5748K(7168K)->5748K(7168K)
[2024-06-17T16:26:01.736+0300][gc            ] GC(33) Pause Young (Concurrent Start) (G1 Humongous Allocation) 374M->153M(1024M) 28.438ms
[2024-06-17T16:26:01.736+0300][gc,cpu        ] GC(33) User=0.01s Sys=0.02s Real=0.04s
[2024-06-17T16:26:01.736+0300][gc            ] GC(34) Concurrent Cycle
[2024-06-17T16:26:01.736+0300][gc,marking    ] GC(34) Concurrent Clear Claimed Marks
[2024-06-17T16:26:01.737+0300][gc,marking    ] GC(34) Concurrent Clear Claimed Marks 0.285ms
[2024-06-17T16:26:01.737+0300][gc,marking    ] GC(34) Concurrent Scan Root Regions
[2024-06-17T16:26:01.739+0300][gc,marking    ] GC(34) Concurrent Scan Root Regions 2.473ms
[2024-06-17T16:26:01.739+0300][gc,marking    ] GC(34) Concurrent Mark (1405.924s)
[2024-06-17T16:26:01.739+0300][gc,marking    ] GC(34) Concurrent Mark From Roots
[2024-06-17T16:26:01.739+0300][gc,task       ] GC(34) Using 1 workers of 1 for marking
[2024-06-17T16:26:01.759+0300][gc,marking    ] GC(34) Concurrent Mark From Roots 20.154ms
[2024-06-17T16:26:01.760+0300][gc,marking    ] GC(34) Concurrent Preclean
[2024-06-17T16:26:01.760+0300][gc,marking    ] GC(34) Concurrent Preclean 0.242ms
[2024-06-17T16:26:01.760+0300][gc,marking    ] GC(34) Concurrent Mark (1405.924s, 1405.944s) 20.596ms
[2024-06-17T16:26:01.760+0300][gc,start      ] GC(34) Pause Remark
[2024-06-17T16:26:01.767+0300][gc,stringtable] GC(34) Cleaned string and symbol table, strings: 14330 processed, 0 removed, symbols: 98751 processed, 0 removed
[2024-06-17T16:26:01.768+0300][gc            ] GC(34) Pause Remark 154M->154M(1024M) 7.874ms
[2024-06-17T16:26:01.768+0300][gc,cpu        ] GC(34) User=0.01s Sys=0.00s Real=0.01s
[2024-06-17T16:26:01.768+0300][gc,marking    ] GC(34) Concurrent Rebuild Remembered Sets
[2024-06-17T16:26:01.780+0300][gc,marking    ] GC(34) Concurrent Rebuild Remembered Sets 11.892ms
[2024-06-17T16:26:01.781+0300][gc,start      ] GC(34) Pause Cleanup
[2024-06-17T16:26:01.781+0300][gc            ] GC(34) Pause Cleanup 154M->154M(1024M) 0.341ms
[2024-06-17T16:26:01.781+0300][gc,cpu        ] GC(34) User=0.00s Sys=0.00s Real=0.00s
[2024-06-17T16:26:01.781+0300][gc,marking    ] GC(34) Concurrent Cleanup for Next Mark
[2024-06-17T16:26:01.786+0300][gc,marking    ] GC(34) Concurrent Cleanup for Next Mark 4.818ms
[2024-06-17T16:26:01.786+0300][gc            ] GC(34) Concurrent Cycle 49.780ms
[2024-06-17T16:26:31.030+0300][gc,start      ] GC(35) Pause Young (Concurrent Start) (G1 Humongous Allocation)
[2024-06-17T16:26:31.030+0300][gc,task       ] GC(35) Using 4 workers of 4 for evacuation
[2024-06-17T16:26:31.055+0300][gc,mmu        ] GC(35) MMU target violated: 21.0ms (20.0ms/21.0ms)
[2024-06-17T16:26:31.055+0300][gc,phases     ] GC(35)   Pre Evacuate Collection Set: 0.5ms
[2024-06-17T16:26:31.055+0300][gc,phases     ] GC(35)   Evacuate Collection Set: 23.4ms
[2024-06-17T16:26:31.055+0300][gc,phases     ] GC(35)   Post Evacuate Collection Set: 0.6ms
[2024-06-17T16:26:31.055+0300][gc,phases     ] GC(35)   Other: 0.6ms
[2024-06-17T16:26:31.055+0300][gc,heap       ] GC(35) Eden regions: 8->0(47)
[2024-06-17T16:26:31.055+0300][gc,heap       ] GC(35) Survivor regions: 5->4(7)
[2024-06-17T16:26:31.055+0300][gc,heap       ] GC(35) Old regions: 21->22
[2024-06-17T16:26:31.055+0300][gc,heap       ] GC(35) Humongous regions: 337->129
[2024-06-17T16:26:31.055+0300][gc,metaspace  ] GC(35) Metaspace: 45520K(48384K)->45520K(48384K) NonClass: 39771K(41216K)->39771K(41216K) Class: 5748K(7168K)->5748K(7168K)
[2024-06-17T16:26:31.055+0300][gc            ] GC(35) Pause Young (Concurrent Start) (G1 Humongous Allocation) 368M->153M(1024M) 25.137ms
[2024-06-17T16:26:31.055+0300][gc,cpu        ] GC(35) User=0.01s Sys=0.01s Real=0.00s
[2024-06-17T16:26:31.058+0300][gc            ] GC(36) Concurrent Cycle
[2024-06-17T16:26:31.058+0300][gc,marking    ] GC(36) Concurrent Clear Claimed Marks
[2024-06-17T16:26:31.059+0300][gc,marking    ] GC(36) Concurrent Clear Claimed Marks 0.524ms
[2024-06-17T16:26:31.059+0300][gc,marking    ] GC(36) Concurrent Scan Root Regions
[2024-06-17T16:26:31.062+0300][gc,marking    ] GC(36) Concurrent Scan Root Regions 3.088ms
[2024-06-17T16:26:31.062+0300][gc,marking    ] GC(36) Concurrent Mark (1435.246s)
[2024-06-17T16:26:31.062+0300][gc,marking    ] GC(36) Concurrent Mark From Roots
[2024-06-17T16:26:31.062+0300][gc,task       ] GC(36) Using 1 workers of 1 for marking
[2024-06-17T16:26:31.087+0300][gc,marking    ] GC(36) Concurrent Mark From Roots 25.277ms
[2024-06-17T16:26:31.087+0300][gc,marking    ] GC(36) Concurrent Preclean
[2024-06-17T16:26:31.087+0300][gc,marking    ] GC(36) Concurrent Preclean 0.137ms
[2024-06-17T16:26:31.087+0300][gc,marking    ] GC(36) Concurrent Mark (1435.246s, 1435.272s) 25.475ms
[2024-06-17T16:26:31.388+0300][gc,start      ] GC(36) Pause Remark
[2024-06-17T16:26:31.430+0300][gc,stringtable] GC(36) Cleaned string and symbol table, strings: 14330 processed, 0 removed, symbols: 98751 processed, 0 removed
[2024-06-17T16:26:31.431+0300][gc,mmu        ] GC(36) MMU target violated: 21.0ms (20.0ms/21.0ms)
[2024-06-17T16:26:31.431+0300][gc            ] GC(36) Pause Remark 155M->155M(1024M) 42.637ms
[2024-06-17T16:26:31.431+0300][gc,cpu        ] GC(36) User=0.03s Sys=0.01s Real=0.27s
[2024-06-17T16:26:31.431+0300][gc,marking    ] GC(36) Concurrent Rebuild Remembered Sets
[2024-06-17T16:26:31.482+0300][gc,marking    ] GC(36) Concurrent Rebuild Remembered Sets 50.832ms
[2024-06-17T16:26:31.483+0300][gc,start      ] GC(36) Pause Cleanup
[2024-06-17T16:26:31.483+0300][gc            ] GC(36) Pause Cleanup 157M->157M(1024M) 0.292ms
[2024-06-17T16:26:31.483+0300][gc,cpu        ] GC(36) User=0.00s Sys=0.00s Real=0.00s
[2024-06-17T16:26:31.484+0300][gc,marking    ] GC(36) Concurrent Cleanup for Next Mark
[2024-06-17T16:26:31.486+0300][gc,marking    ] GC(36) Concurrent Cleanup for Next Mark 2.476ms
[2024-06-17T16:26:31.486+0300][gc            ] GC(36) Concurrent Cycle 428.222ms
[2024-06-17T16:28:26.153+0300][gc,start      ] GC(37) Pause Young (Concurrent Start) (G1 Humongous Allocation)
[2024-06-17T16:28:26.155+0300][gc,task       ] GC(37) Using 4 workers of 4 for evacuation
[2024-06-17T16:28:26.186+0300][gc,mmu        ] GC(37) MMU target violated: 21.0ms (20.0ms/21.0ms)
[2024-06-17T16:28:26.186+0300][gc,phases     ] GC(37)   Pre Evacuate Collection Set: 3.5ms
[2024-06-17T16:28:26.186+0300][gc,phases     ] GC(37)   Evacuate Collection Set: 25.7ms
[2024-06-17T16:28:26.186+0300][gc,phases     ] GC(37)   Post Evacuate Collection Set: 0.7ms
[2024-06-17T16:28:26.186+0300][gc,phases     ] GC(37)   Other: 5.5ms
[2024-06-17T16:28:26.186+0300][gc,heap       ] GC(37) Eden regions: 13->0(46)
[2024-06-17T16:28:26.186+0300][gc,heap       ] GC(37) Survivor regions: 4->5(7)
[2024-06-17T16:28:26.187+0300][gc,heap       ] GC(37) Old regions: 22->23
[2024-06-17T16:28:26.187+0300][gc,heap       ] GC(37) Humongous regions: 336->129
[2024-06-17T16:28:26.187+0300][gc,metaspace  ] GC(37) Metaspace: 45548K(48640K)->45548K(48640K) NonClass: 39799K(41472K)->39799K(41472K) Class: 5748K(7168K)->5748K(7168K)
[2024-06-17T16:28:26.188+0300][gc            ] GC(37) Pause Young (Concurrent Start) (G1 Humongous Allocation) 373M->154M(1024M) 34.715ms
[2024-06-17T16:28:26.188+0300][gc,cpu        ] GC(37) User=0.02s Sys=0.01s Real=0.04s
[2024-06-17T16:28:26.189+0300][gc            ] GC(38) Concurrent Cycle
[2024-06-17T16:28:26.189+0300][gc,marking    ] GC(38) Concurrent Clear Claimed Marks
[2024-06-17T16:28:26.189+0300][gc,marking    ] GC(38) Concurrent Clear Claimed Marks 0.173ms
[2024-06-17T16:28:26.189+0300][gc,marking    ] GC(38) Concurrent Scan Root Regions
[2024-06-17T16:28:26.195+0300][gc,marking    ] GC(38) Concurrent Scan Root Regions 5.570ms
[2024-06-17T16:28:26.195+0300][gc,marking    ] GC(38) Concurrent Mark (1550.379s)
[2024-06-17T16:28:26.195+0300][gc,marking    ] GC(38) Concurrent Mark From Roots
[2024-06-17T16:28:26.195+0300][gc,task       ] GC(38) Using 1 workers of 1 for marking
[2024-06-17T16:28:26.229+0300][gc,marking    ] GC(38) Concurrent Mark From Roots 33.581ms
[2024-06-17T16:28:26.229+0300][gc,marking    ] GC(38) Concurrent Preclean
[2024-06-17T16:28:26.229+0300][gc,marking    ] GC(38) Concurrent Preclean 0.179ms
[2024-06-17T16:28:26.229+0300][gc,marking    ] GC(38) Concurrent Mark (1550.379s, 1550.413s) 33.887ms
[2024-06-17T16:28:26.229+0300][gc,start      ] GC(38) Pause Remark
[2024-06-17T16:28:26.248+0300][gc,stringtable] GC(38) Cleaned string and symbol table, strings: 14349 processed, 1 removed, symbols: 98751 processed, 0 removed
[2024-06-17T16:28:26.249+0300][gc            ] GC(38) Pause Remark 155M->155M(1024M) 19.525ms
[2024-06-17T16:28:26.249+0300][gc,cpu        ] GC(38) User=0.01s Sys=0.01s Real=0.00s
[2024-06-17T16:28:26.249+0300][gc,marking    ] GC(38) Concurrent Rebuild Remembered Sets
[2024-06-17T16:28:26.263+0300][gc,marking    ] GC(38) Concurrent Rebuild Remembered Sets 13.810ms
[2024-06-17T16:28:26.264+0300][gc,start      ] GC(38) Pause Cleanup
[2024-06-17T16:28:26.264+0300][gc            ] GC(38) Pause Cleanup 155M->155M(1024M) 0.274ms
[2024-06-17T16:28:26.264+0300][gc,cpu        ] GC(38) User=0.00s Sys=0.00s Real=0.00s
[2024-06-17T16:28:26.264+0300][gc,marking    ] GC(38) Concurrent Cleanup for Next Mark
[2024-06-17T16:28:26.268+0300][gc,marking    ] GC(38) Concurrent Cleanup for Next Mark 3.476ms
[2024-06-17T16:28:26.268+0300][gc            ] GC(38) Concurrent Cycle 78.865ms
[2024-06-17T16:31:41.731+0300][gc,start      ] GC(39) Pause Young (Concurrent Start) (G1 Humongous Allocation)
[2024-06-17T16:31:41.732+0300][gc,task       ] GC(39) Using 4 workers of 4 for evacuation
[2024-06-17T16:31:41.765+0300][gc,mmu        ] GC(39) MMU target violated: 21.0ms (20.0ms/21.0ms)
[2024-06-17T16:31:41.765+0300][gc,phases     ] GC(39)   Pre Evacuate Collection Set: 0.4ms
[2024-06-17T16:31:41.765+0300][gc,phases     ] GC(39)   Evacuate Collection Set: 31.5ms
[2024-06-17T16:31:41.765+0300][gc,phases     ] GC(39)   Post Evacuate Collection Set: 0.7ms
[2024-06-17T16:31:41.765+0300][gc,phases     ] GC(39)   Other: 0.9ms
[2024-06-17T16:31:41.765+0300][gc,heap       ] GC(39) Eden regions: 16->0(46)
[2024-06-17T16:31:41.765+0300][gc,heap       ] GC(39) Survivor regions: 5->5(7)
[2024-06-17T16:31:41.765+0300][gc,heap       ] GC(39) Old regions: 22->23
[2024-06-17T16:31:41.765+0300][gc,heap       ] GC(39) Humongous regions: 336->129
[2024-06-17T16:31:41.765+0300][gc,metaspace  ] GC(39) Metaspace: 45566K(48640K)->45566K(48640K) NonClass: 39818K(41472K)->39818K(41472K) Class: 5748K(7168K)->5748K(7168K)
[2024-06-17T16:31:41.765+0300][gc            ] GC(39) Pause Young (Concurrent Start) (G1 Humongous Allocation) 376M->155M(1024M) 33.580ms
[2024-06-17T16:31:41.765+0300][gc,cpu        ] GC(39) User=0.05s Sys=0.03s Real=0.03s
[2024-06-17T16:31:41.765+0300][gc            ] GC(40) Concurrent Cycle
[2024-06-17T16:31:41.765+0300][gc,marking    ] GC(40) Concurrent Clear Claimed Marks
[2024-06-17T16:31:41.765+0300][gc,marking    ] GC(40) Concurrent Clear Claimed Marks 0.250ms
[2024-06-17T16:31:41.765+0300][gc,marking    ] GC(40) Concurrent Scan Root Regions
[2024-06-17T16:31:41.769+0300][gc,marking    ] GC(40) Concurrent Scan Root Regions 3.907ms
[2024-06-17T16:31:41.770+0300][gc,marking    ] GC(40) Concurrent Mark (1745.954s)
[2024-06-17T16:31:41.770+0300][gc,marking    ] GC(40) Concurrent Mark From Roots
[2024-06-17T16:31:41.770+0300][gc,task       ] GC(40) Using 1 workers of 1 for marking
[2024-06-17T16:31:41.823+0300][gc,marking    ] GC(40) Concurrent Mark From Roots 52.388ms
[2024-06-17T16:31:41.823+0300][gc,marking    ] GC(40) Concurrent Preclean
[2024-06-17T16:31:41.823+0300][gc,marking    ] GC(40) Concurrent Preclean 0.160ms
[2024-06-17T16:31:41.823+0300][gc,marking    ] GC(40) Concurrent Mark (1745.954s, 1746.007s) 52.837ms
[2024-06-17T16:31:41.823+0300][gc,start      ] GC(40) Pause Remark
[2024-06-17T16:31:41.830+0300][gc,stringtable] GC(40) Cleaned string and symbol table, strings: 14380 processed, 0 removed, symbols: 98751 processed, 0 removed
[2024-06-17T16:31:41.831+0300][gc            ] GC(40) Pause Remark 156M->156M(1024M) 7.748ms
[2024-06-17T16:31:41.831+0300][gc,cpu        ] GC(40) User=0.02s Sys=0.00s Real=0.01s
[2024-06-17T16:31:41.831+0300][gc,marking    ] GC(40) Concurrent Rebuild Remembered Sets
[2024-06-17T16:31:41.844+0300][gc,marking    ] GC(40) Concurrent Rebuild Remembered Sets 12.873ms
[2024-06-17T16:31:41.845+0300][gc,start      ] GC(40) Pause Cleanup
[2024-06-17T16:31:41.845+0300][gc            ] GC(40) Pause Cleanup 156M->156M(1024M) 0.317ms
[2024-06-17T16:31:41.845+0300][gc,cpu        ] GC(40) User=0.00s Sys=0.00s Real=0.00s
[2024-06-17T16:31:41.845+0300][gc,marking    ] GC(40) Concurrent Cleanup for Next Mark
[2024-06-17T16:31:41.848+0300][gc,marking    ] GC(40) Concurrent Cleanup for Next Mark 2.776ms
[2024-06-17T16:31:41.848+0300][gc            ] GC(40) Concurrent Cycle 83.236ms
[2024-06-17T16:35:31.809+0300][gc,start      ] GC(41) Pause Young (Normal) (G1 Evacuation Pause)
[2024-06-17T16:35:31.810+0300][gc,task       ] GC(41) Using 4 workers of 4 for evacuation
[2024-06-17T16:35:31.848+0300][gc,mmu        ] GC(41) MMU target violated: 21.0ms (20.0ms/21.0ms)
[2024-06-17T16:35:31.849+0300][gc,phases     ] GC(41)   Pre Evacuate Collection Set: 0.2ms
[2024-06-17T16:35:31.849+0300][gc,phases     ] GC(41)   Evacuate Collection Set: 37.5ms
[2024-06-17T16:35:31.849+0300][gc,phases     ] GC(41)   Post Evacuate Collection Set: 0.8ms
[2024-06-17T16:35:31.849+0300][gc,phases     ] GC(41)   Other: 1.5ms
[2024-06-17T16:35:31.849+0300][gc,heap       ] GC(41) Eden regions: 46->0(44)
[2024-06-17T16:35:31.849+0300][gc,heap       ] GC(41) Survivor regions: 5->7(7)
[2024-06-17T16:35:31.849+0300][gc,heap       ] GC(41) Old regions: 23->25
[2024-06-17T16:35:31.849+0300][gc,heap       ] GC(41) Humongous regions: 152->129
[2024-06-17T16:35:31.849+0300][gc,metaspace  ] GC(41) Metaspace: 45720K(48640K)->45720K(48640K) NonClass: 39948K(41472K)->39948K(41472K) Class: 5772K(7168K)->5772K(7168K)
[2024-06-17T16:35:31.850+0300][gc            ] GC(41) Pause Young (Normal) (G1 Evacuation Pause) 224M->158M(1024M) 40.846ms
[2024-06-17T16:35:31.850+0300][gc,cpu        ] GC(41) User=0.08s Sys=0.00s Real=0.04s
[2024-06-17T16:36:42.091+0300][gc,start      ] GC(42) Pause Young (Concurrent Start) (G1 Humongous Allocation)
[2024-06-17T16:36:42.094+0300][gc,task       ] GC(42) Using 4 workers of 4 for evacuation
[2024-06-17T16:36:42.149+0300][gc,mmu        ] GC(42) MMU target violated: 21.0ms (20.0ms/21.0ms)
[2024-06-17T16:36:42.149+0300][gc,phases     ] GC(42)   Pre Evacuate Collection Set: 1.4ms
[2024-06-17T16:36:42.149+0300][gc,phases     ] GC(42)   Evacuate Collection Set: 50.4ms
[2024-06-17T16:36:42.149+0300][gc,phases     ] GC(42)   Post Evacuate Collection Set: 2.1ms
[2024-06-17T16:36:42.149+0300][gc,phases     ] GC(42)   Other: 4.1ms
[2024-06-17T16:36:42.149+0300][gc,heap       ] GC(42) Eden regions: 30->0(45)
[2024-06-17T16:36:42.149+0300][gc,heap       ] GC(42) Survivor regions: 7->6(7)
[2024-06-17T16:36:42.149+0300][gc,heap       ] GC(42) Old regions: 25->27
[2024-06-17T16:36:42.149+0300][gc,heap       ] GC(42) Humongous regions: 333->129
[2024-06-17T16:36:42.149+0300][gc,metaspace  ] GC(42) Metaspace: 45765K(48640K)->45765K(48640K) NonClass: 39993K(41472K)->39993K(41472K) Class: 5772K(7168K)->5772K(7168K)
[2024-06-17T16:36:42.149+0300][gc            ] GC(42) Pause Young (Concurrent Start) (G1 Humongous Allocation) 391M->160M(1024M) 58.087ms
[2024-06-17T16:36:42.149+0300][gc,cpu        ] GC(42) User=0.03s Sys=0.01s Real=0.05s
[2024-06-17T16:36:42.149+0300][gc            ] GC(43) Concurrent Cycle
[2024-06-17T16:36:42.149+0300][gc,marking    ] GC(43) Concurrent Clear Claimed Marks
[2024-06-17T16:36:42.150+0300][gc,marking    ] GC(43) Concurrent Clear Claimed Marks 0.335ms
[2024-06-17T16:36:42.150+0300][gc,marking    ] GC(43) Concurrent Scan Root Regions
[2024-06-17T16:36:42.155+0300][gc,marking    ] GC(43) Concurrent Scan Root Regions 4.523ms
[2024-06-17T16:36:42.155+0300][gc,marking    ] GC(43) Concurrent Mark (2046.339s)
[2024-06-17T16:36:42.155+0300][gc,marking    ] GC(43) Concurrent Mark From Roots
[2024-06-17T16:36:42.155+0300][gc,task       ] GC(43) Using 1 workers of 1 for marking
[2024-06-17T16:36:42.312+0300][gc,marking    ] GC(43) Concurrent Mark From Roots 157.452ms
[2024-06-17T16:36:42.313+0300][gc,marking    ] GC(43) Concurrent Preclean
[2024-06-17T16:36:42.314+0300][gc,marking    ] GC(43) Concurrent Preclean 0.420ms
[2024-06-17T16:36:42.314+0300][gc,marking    ] GC(43) Concurrent Mark (2046.339s, 2046.498s) 159.121ms
[2024-06-17T16:36:42.322+0300][gc,start      ] GC(43) Pause Remark
[2024-06-17T16:36:42.386+0300][gc,stringtable] GC(43) Cleaned string and symbol table, strings: 14544 processed, 2 removed, symbols: 98798 processed, 0 removed
[2024-06-17T16:36:42.387+0300][gc,mmu        ] GC(43) MMU target violated: 21.0ms (20.0ms/21.0ms)
[2024-06-17T16:36:42.387+0300][gc            ] GC(43) Pause Remark 163M->163M(1024M) 64.315ms
[2024-06-17T16:36:42.387+0300][gc,cpu        ] GC(43) User=0.02s Sys=0.02s Real=0.00s
[2024-06-17T16:36:42.387+0300][gc,marking    ] GC(43) Concurrent Rebuild Remembered Sets
[2024-06-17T16:36:42.403+0300][gc,marking    ] GC(43) Concurrent Rebuild Remembered Sets 15.901ms
[2024-06-17T16:36:42.403+0300][gc,start      ] GC(43) Pause Cleanup
[2024-06-17T16:36:42.403+0300][gc            ] GC(43) Pause Cleanup 163M->163M(1024M) 0.180ms
[2024-06-17T16:36:42.403+0300][gc,cpu        ] GC(43) User=0.00s Sys=0.00s Real=0.00s
[2024-06-17T16:36:42.403+0300][gc,marking    ] GC(43) Concurrent Cleanup for Next Mark
[2024-06-17T16:36:42.434+0300][gc,marking    ] GC(43) Concurrent Cleanup for Next Mark 30.966ms
[2024-06-17T16:36:42.434+0300][gc            ] GC(43) Concurrent Cycle 284.842ms
[2024-06-17T16:38:18.415+0300][gc,heap,exit  ] Heap
[2024-06-17T16:38:18.415+0300][gc,heap,exit  ]  garbage-first heap   total 1048576K, used 221294K [0x00000000c0000000, 0x0000000100000000)
[2024-06-17T16:38:18.415+0300][gc,heap,exit  ]   region size 1024K, 26 young (26624K), 6 survivors (6144K)
[2024-06-17T16:38:18.415+0300][gc,heap,exit  ]  Metaspace       used 46754K, capacity 49715K, committed 49920K, reserved 1091584K
[2024-06-17T16:38:18.415+0300][gc,heap,exit  ]   class space    used 6004K, capacity 7419K, committed 7424K, reserved 1048576K
