[2024-06-17T12:33:46.682+0300][gc,heap] Heap region size: 1M
[2024-06-17T12:33:46.696+0300][gc     ] Using G1
[2024-06-17T12:33:46.696+0300][gc,heap,coops] Heap address: 0x00000000c0000000, size: 1024 MB, Compressed Oops mode: 32-bit
[2024-06-17T12:33:46.696+0300][gc,cds       ] Mark closed archive regions in map: [0x00000000fff00000, 0x00000000fff6bff8]
[2024-06-17T12:33:46.696+0300][gc,cds       ] Mark open archive regions in map: [0x00000000ffe00000, 0x00000000ffe47ff8]
[2024-06-17T12:33:48.448+0300][gc,start     ] GC(0) Pause Young (Normal) (G1 Evacuation Pause)
[2024-06-17T12:33:48.450+0300][gc,task      ] GC(0) Using 4 workers of 4 for evacuation
[2024-06-17T12:33:48.480+0300][gc,mmu       ] GC(0) MMU target violated: 21.0ms (20.0ms/21.0ms)
[2024-06-17T12:33:48.480+0300][gc,phases    ] GC(0)   Pre Evacuate Collection Set: 0.0ms
[2024-06-17T12:33:48.480+0300][gc,phases    ] GC(0)   Evacuate Collection Set: 27.6ms
[2024-06-17T12:33:48.480+0300][gc,phases    ] GC(0)   Post Evacuate Collection Set: 2.2ms
[2024-06-17T12:33:48.480+0300][gc,phases    ] GC(0)   Other: 1.8ms
[2024-06-17T12:33:48.480+0300][gc,heap      ] GC(0) Eden regions: 51->0(44)
[2024-06-17T12:33:48.480+0300][gc,heap      ] GC(0) Survivor regions: 0->7(7)
[2024-06-17T12:33:48.480+0300][gc,heap      ] GC(0) Old regions: 2->3
[2024-06-17T12:33:48.480+0300][gc,heap      ] GC(0) Humongous regions: 0->0
[2024-06-17T12:33:48.480+0300][gc,metaspace ] GC(0) Metaspace: 13883K(14592K)->13883K(14592K) NonClass: 12161K(12544K)->12161K(12544K) Class: 1722K(2048K)->1722K(2048K)
[2024-06-17T12:33:48.480+0300][gc           ] GC(0) Pause Young (Normal) (G1 Evacuation Pause) 51M->8M(1024M) 31.801ms
[2024-06-17T12:33:48.480+0300][gc,cpu       ] GC(0) User=0.02s Sys=0.03s Real=0.03s
[2024-06-17T12:33:50.560+0300][gc,start     ] GC(1) Pause Young (Concurrent Start) (Metadata GC Threshold)
[2024-06-17T12:33:50.560+0300][gc,task      ] GC(1) Using 4 workers of 4 for evacuation
[2024-06-17T12:33:50.589+0300][gc,mmu       ] GC(1) MMU target violated: 21.0ms (20.0ms/21.0ms)
[2024-06-17T12:33:50.589+0300][gc,phases    ] GC(1)   Pre Evacuate Collection Set: 0.1ms
[2024-06-17T12:33:50.589+0300][gc,phases    ] GC(1)   Evacuate Collection Set: 27.8ms
[2024-06-17T12:33:50.589+0300][gc,phases    ] GC(1)   Post Evacuate Collection Set: 0.6ms
[2024-06-17T12:33:50.589+0300][gc,phases    ] GC(1)   Other: 0.7ms
[2024-06-17T12:33:50.589+0300][gc,heap      ] GC(1) Eden regions: 33->0(49)
[2024-06-17T12:33:50.589+0300][gc,heap      ] GC(1) Survivor regions: 7->2(7)
[2024-06-17T12:33:50.589+0300][gc,heap      ] GC(1) Old regions: 3->10
[2024-06-17T12:33:50.589+0300][gc,heap      ] GC(1) Humongous regions: 0->0
[2024-06-17T12:33:50.589+0300][gc,metaspace ] GC(1) Metaspace: 20675K(21296K)->20675K(21296K) NonClass: 18150K(18480K)->18150K(18480K) Class: 2525K(2816K)->2525K(2816K)
[2024-06-17T12:33:50.589+0300][gc           ] GC(1) Pause Young (Concurrent Start) (Metadata GC Threshold) 40M->9M(1024M) 29.145ms
[2024-06-17T12:33:50.589+0300][gc,cpu       ] GC(1) User=0.04s Sys=0.02s Real=0.03s
[2024-06-17T12:33:50.589+0300][gc           ] GC(2) Concurrent Cycle
[2024-06-17T12:33:50.589+0300][gc,marking   ] GC(2) Concurrent Clear Claimed Marks
[2024-06-17T12:33:50.589+0300][gc,marking   ] GC(2) Concurrent Clear Claimed Marks 0.034ms
[2024-06-17T12:33:50.589+0300][gc,marking   ] GC(2) Concurrent Scan Root Regions
[2024-06-17T12:33:50.602+0300][gc,marking   ] GC(2) Concurrent Scan Root Regions 12.691ms
[2024-06-17T12:33:50.602+0300][gc,marking   ] GC(2) Concurrent Mark (3.927s)
[2024-06-17T12:33:50.602+0300][gc,marking   ] GC(2) Concurrent Mark From Roots
[2024-06-17T12:33:50.602+0300][gc,task      ] GC(2) Using 1 workers of 1 for marking
[2024-06-17T12:33:50.611+0300][gc,marking   ] GC(2) Concurrent Mark From Roots 8.458ms
[2024-06-17T12:33:50.611+0300][gc,marking   ] GC(2) Concurrent Preclean
[2024-06-17T12:33:50.611+0300][gc,marking   ] GC(2) Concurrent Preclean 0.101ms
[2024-06-17T12:33:50.611+0300][gc,marking   ] GC(2) Concurrent Mark (3.927s, 3.936s) 8.676ms
[2024-06-17T12:33:50.614+0300][gc,start     ] GC(2) Pause Remark
[2024-06-17T12:33:50.638+0300][gc,stringtable] GC(2) Cleaned string and symbol table, strings: 5705 processed, 0 removed, symbols: 54117 processed, 42 removed
[2024-06-17T12:33:50.651+0300][gc,mmu        ] GC(2) MMU target violated: 21.0ms (20.0ms/21.0ms)
[2024-06-17T12:33:50.651+0300][gc            ] GC(2) Pause Remark 10M->10M(1024M) 37.150ms
[2024-06-17T12:33:50.651+0300][gc,cpu        ] GC(2) User=0.01s Sys=0.02s Real=0.04s
[2024-06-17T12:33:50.654+0300][gc,marking    ] GC(2) Concurrent Rebuild Remembered Sets
[2024-06-17T12:33:50.659+0300][gc,marking    ] GC(2) Concurrent Rebuild Remembered Sets 4.828ms
[2024-06-17T12:33:50.659+0300][gc,start      ] GC(2) Pause Cleanup
[2024-06-17T12:33:50.660+0300][gc            ] GC(2) Pause Cleanup 10M->10M(1024M) 0.346ms
[2024-06-17T12:33:50.660+0300][gc,cpu        ] GC(2) User=0.00s Sys=0.00s Real=0.00s
[2024-06-17T12:33:50.663+0300][gc,marking    ] GC(2) Concurrent Cleanup for Next Mark
[2024-06-17T12:33:50.823+0300][gc,marking    ] GC(2) Concurrent Cleanup for Next Mark 159.661ms
[2024-06-17T12:33:50.823+0300][gc            ] GC(2) Concurrent Cycle 234.106ms
[2024-06-17T12:33:54.217+0300][gc,start      ] GC(3) Pause Young (Normal) (G1 Evacuation Pause)
[2024-06-17T12:33:54.217+0300][gc,task       ] GC(3) Using 4 workers of 4 for evacuation
[2024-06-17T12:33:54.224+0300][gc,phases     ] GC(3)   Pre Evacuate Collection Set: 0.3ms
[2024-06-17T12:33:54.224+0300][gc,phases     ] GC(3)   Evacuate Collection Set: 5.5ms
[2024-06-17T12:33:54.224+0300][gc,phases     ] GC(3)   Post Evacuate Collection Set: 0.8ms
[2024-06-17T12:33:54.224+0300][gc,phases     ] GC(3)   Other: 0.3ms
[2024-06-17T12:33:54.224+0300][gc,heap       ] GC(3) Eden regions: 49->0(46)
[2024-06-17T12:33:54.224+0300][gc,heap       ] GC(3) Survivor regions: 2->5(7)
[2024-06-17T12:33:54.224+0300][gc,heap       ] GC(3) Old regions: 10->10
[2024-06-17T12:33:54.224+0300][gc,heap       ] GC(3) Humongous regions: 129->129
[2024-06-17T12:33:54.224+0300][gc,metaspace  ] GC(3) Metaspace: 28872K(29952K)->28872K(29952K) NonClass: 25512K(26112K)->25512K(26112K) Class: 3360K(3840K)->3360K(3840K)
[2024-06-17T12:33:54.224+0300][gc            ] GC(3) Pause Young (Normal) (G1 Evacuation Pause) 187M->141M(1024M) 7.029ms
[2024-06-17T12:33:54.224+0300][gc,cpu        ] GC(3) User=0.02s Sys=0.00s Real=0.00s
[2024-06-17T12:33:55.201+0300][gc,start      ] GC(4) Pause Young (Concurrent Start) (Metadata GC Threshold)
[2024-06-17T12:33:55.201+0300][gc,task       ] GC(4) Using 4 workers of 4 for evacuation
[2024-06-17T12:33:55.256+0300][gc,mmu        ] GC(4) MMU target violated: 21.0ms (20.0ms/21.0ms)
[2024-06-17T12:33:55.256+0300][gc,phases     ] GC(4)   Pre Evacuate Collection Set: 0.1ms
[2024-06-17T12:33:55.256+0300][gc,phases     ] GC(4)   Evacuate Collection Set: 53.8ms
[2024-06-17T12:33:55.256+0300][gc,phases     ] GC(4)   Post Evacuate Collection Set: 0.9ms
[2024-06-17T12:33:55.256+0300][gc,phases     ] GC(4)   Other: 0.5ms
[2024-06-17T12:33:55.257+0300][gc,heap       ] GC(4) Eden regions: 34->0(45)
[2024-06-17T12:33:55.257+0300][gc,heap       ] GC(4) Survivor regions: 5->6(7)
[2024-06-17T12:33:55.257+0300][gc,heap       ] GC(4) Old regions: 10->11
[2024-06-17T12:33:55.257+0300][gc,heap       ] GC(4) Humongous regions: 129->129
[2024-06-17T12:33:55.257+0300][gc,metaspace  ] GC(4) Metaspace: 34494K(35840K)->34494K(35840K) NonClass: 30519K(31232K)->30519K(31232K) Class: 3974K(4608K)->3974K(4608K)
[2024-06-17T12:33:55.257+0300][gc            ] GC(4) Pause Young (Concurrent Start) (Metadata GC Threshold) 174M->143M(1024M) 55.405ms
[2024-06-17T12:33:55.257+0300][gc,cpu        ] GC(4) User=0.06s Sys=0.01s Real=0.06s
[2024-06-17T12:33:55.258+0300][gc            ] GC(5) Concurrent Cycle
[2024-06-17T12:33:55.258+0300][gc,marking    ] GC(5) Concurrent Clear Claimed Marks
[2024-06-17T12:33:55.258+0300][gc,marking    ] GC(5) Concurrent Clear Claimed Marks 0.147ms
[2024-06-17T12:33:55.258+0300][gc,marking    ] GC(5) Concurrent Scan Root Regions
[2024-06-17T12:33:55.263+0300][gc,marking    ] GC(5) Concurrent Scan Root Regions 4.651ms
[2024-06-17T12:33:55.263+0300][gc,marking    ] GC(5) Concurrent Mark (8.587s)
[2024-06-17T12:33:55.263+0300][gc,marking    ] GC(5) Concurrent Mark From Roots
[2024-06-17T12:33:55.263+0300][gc,task       ] GC(5) Using 1 workers of 1 for marking
[2024-06-17T12:33:55.275+0300][gc,marking    ] GC(5) Concurrent Mark From Roots 12.337ms
[2024-06-17T12:33:55.275+0300][gc,marking    ] GC(5) Concurrent Preclean
[2024-06-17T12:33:55.275+0300][gc,marking    ] GC(5) Concurrent Preclean 0.063ms
[2024-06-17T12:33:55.275+0300][gc,marking    ] GC(5) Concurrent Mark (8.587s, 8.600s) 12.532ms
[2024-06-17T12:33:55.279+0300][gc,start      ] GC(5) Pause Remark
[2024-06-17T12:33:55.285+0300][gc,stringtable] GC(5) Cleaned string and symbol table, strings: 11577 processed, 11 removed, symbols: 88597 processed, 20 removed
[2024-06-17T12:33:55.286+0300][gc            ] GC(5) Pause Remark 144M->144M(1024M) 7.140ms
[2024-06-17T12:33:55.286+0300][gc,cpu        ] GC(5) User=0.01s Sys=0.00s Real=0.00s
[2024-06-17T12:33:55.287+0300][gc,marking    ] GC(5) Concurrent Rebuild Remembered Sets
[2024-06-17T12:33:55.297+0300][gc,marking    ] GC(5) Concurrent Rebuild Remembered Sets 9.888ms
[2024-06-17T12:33:55.309+0300][gc,start      ] GC(5) Pause Cleanup
[2024-06-17T12:33:55.309+0300][gc            ] GC(5) Pause Cleanup 145M->145M(1024M) 0.292ms
[2024-06-17T12:33:55.309+0300][gc,cpu        ] GC(5) User=0.01s Sys=0.00s Real=0.00s
[2024-06-17T12:33:55.309+0300][gc,marking    ] GC(5) Concurrent Cleanup for Next Mark
[2024-06-17T12:33:55.360+0300][gc,marking    ] GC(5) Concurrent Cleanup for Next Mark 50.634ms
[2024-06-17T12:33:55.360+0300][gc            ] GC(5) Concurrent Cycle 102.185ms
[2024-06-17T12:34:27.469+0300][gc,start      ] GC(6) Pause Young (Normal) (G1 Evacuation Pause)
[2024-06-17T12:34:27.470+0300][gc,task       ] GC(6) Using 4 workers of 4 for evacuation
[2024-06-17T12:34:27.480+0300][gc,phases     ] GC(6)   Pre Evacuate Collection Set: 0.1ms
[2024-06-17T12:34:27.480+0300][gc,phases     ] GC(6)   Evacuate Collection Set: 9.1ms
[2024-06-17T12:34:27.480+0300][gc,phases     ] GC(6)   Post Evacuate Collection Set: 0.7ms
[2024-06-17T12:34:27.480+0300][gc,phases     ] GC(6)   Other: 0.6ms
[2024-06-17T12:34:27.480+0300][gc,heap       ] GC(6) Eden regions: 45->0(45)
[2024-06-17T12:34:27.480+0300][gc,heap       ] GC(6) Survivor regions: 6->6(7)
[2024-06-17T12:34:27.480+0300][gc,heap       ] GC(6) Old regions: 11->14
[2024-06-17T12:34:27.480+0300][gc,heap       ] GC(6) Humongous regions: 129->129
[2024-06-17T12:34:27.480+0300][gc,metaspace  ] GC(6) Metaspace: 41251K(43520K)->41251K(43520K) NonClass: 35989K(37120K)->35989K(37120K) Class: 5261K(6400K)->5261K(6400K)
[2024-06-17T12:34:27.480+0300][gc            ] GC(6) Pause Young (Normal) (G1 Evacuation Pause) 188M->146M(1024M) 10.671ms
[2024-06-17T12:34:27.480+0300][gc,cpu        ] GC(6) User=0.01s Sys=0.02s Real=0.01s
[2024-06-17T12:35:19.436+0300][gc,start      ] GC(7) Pause Young (Normal) (G1 Evacuation Pause)
[2024-06-17T12:35:19.436+0300][gc,task       ] GC(7) Using 4 workers of 4 for evacuation
[2024-06-17T12:35:19.445+0300][gc,phases     ] GC(7)   Pre Evacuate Collection Set: 0.1ms
[2024-06-17T12:35:19.446+0300][gc,phases     ] GC(7)   Evacuate Collection Set: 8.2ms
[2024-06-17T12:35:19.446+0300][gc,phases     ] GC(7)   Post Evacuate Collection Set: 0.9ms
[2024-06-17T12:35:19.446+0300][gc,phases     ] GC(7)   Other: 0.3ms
[2024-06-17T12:35:19.446+0300][gc,heap       ] GC(7) Eden regions: 45->0(46)
[2024-06-17T12:35:19.447+0300][gc,heap       ] GC(7) Survivor regions: 6->5(7)
[2024-06-17T12:35:19.447+0300][gc,heap       ] GC(7) Old regions: 14->17
[2024-06-17T12:35:19.447+0300][gc,heap       ] GC(7) Humongous regions: 129->129
[2024-06-17T12:35:19.447+0300][gc,metaspace  ] GC(7) Metaspace: 44096K(46848K)->44096K(46848K) NonClass: 38344K(39680K)->38344K(39680K) Class: 5752K(7168K)->5752K(7168K)
[2024-06-17T12:35:19.447+0300][gc            ] GC(7) Pause Young (Normal) (G1 Evacuation Pause) 191M->148M(1024M) 11.448ms
[2024-06-17T12:35:19.448+0300][gc,cpu        ] GC(7) User=0.02s Sys=0.01s Real=0.00s
[2024-06-17T12:35:25.906+0300][gc,start      ] GC(8) Pause Young (Normal) (G1 Evacuation Pause)
[2024-06-17T12:35:25.906+0300][gc,task       ] GC(8) Using 4 workers of 4 for evacuation
[2024-06-17T12:35:25.916+0300][gc,phases     ] GC(8)   Pre Evacuate Collection Set: 0.1ms
[2024-06-17T12:35:25.916+0300][gc,phases     ] GC(8)   Evacuate Collection Set: 8.8ms
[2024-06-17T12:35:25.916+0300][gc,phases     ] GC(8)   Post Evacuate Collection Set: 0.7ms
[2024-06-17T12:35:25.916+0300][gc,phases     ] GC(8)   Other: 0.2ms
[2024-06-17T12:35:25.916+0300][gc,heap       ] GC(8) Eden regions: 46->0(48)
[2024-06-17T12:35:25.916+0300][gc,heap       ] GC(8) Survivor regions: 5->3(7)
[2024-06-17T12:35:25.916+0300][gc,heap       ] GC(8) Old regions: 17->19
[2024-06-17T12:35:25.916+0300][gc,heap       ] GC(8) Humongous regions: 129->129
[2024-06-17T12:35:25.916+0300][gc,metaspace  ] GC(8) Metaspace: 44934K(47872K)->44934K(47872K) NonClass: 39180K(40704K)->39180K(40704K) Class: 5754K(7168K)->5754K(7168K)
[2024-06-17T12:35:25.916+0300][gc            ] GC(8) Pause Young (Normal) (G1 Evacuation Pause) 194M->149M(1024M) 9.983ms
[2024-06-17T12:35:25.916+0300][gc,cpu        ] GC(8) User=0.02s Sys=0.00s Real=0.02s
[2024-06-17T12:35:31.192+0300][gc,start      ] GC(9) Pause Young (Normal) (G1 Evacuation Pause)
[2024-06-17T12:35:31.192+0300][gc,task       ] GC(9) Using 4 workers of 4 for evacuation
[2024-06-17T12:35:31.201+0300][gc,phases     ] GC(9)   Pre Evacuate Collection Set: 0.0ms
[2024-06-17T12:35:31.201+0300][gc,phases     ] GC(9)   Evacuate Collection Set: 8.1ms
[2024-06-17T12:35:31.201+0300][gc,phases     ] GC(9)   Post Evacuate Collection Set: 1.0ms
[2024-06-17T12:35:31.201+0300][gc,phases     ] GC(9)   Other: 0.3ms
[2024-06-17T12:35:31.201+0300][gc,heap       ] GC(9) Eden regions: 48->0(47)
[2024-06-17T12:35:31.201+0300][gc,heap       ] GC(9) Survivor regions: 3->4(7)
[2024-06-17T12:35:31.201+0300][gc,heap       ] GC(9) Old regions: 19->19
[2024-06-17T12:35:31.201+0300][gc,heap       ] GC(9) Humongous regions: 129->129
[2024-06-17T12:35:31.201+0300][gc,metaspace  ] GC(9) Metaspace: 45061K(47872K)->45061K(47872K) NonClass: 39307K(40704K)->39307K(40704K) Class: 5754K(7168K)->5754K(7168K)
[2024-06-17T12:35:31.202+0300][gc            ] GC(9) Pause Young (Normal) (G1 Evacuation Pause) 197M->149M(1024M) 9.552ms
[2024-06-17T12:35:31.202+0300][gc,cpu        ] GC(9) User=0.00s Sys=0.01s Real=0.01s
[2024-06-17T12:35:36.169+0300][gc,start      ] GC(10) Pause Young (Normal) (G1 Evacuation Pause)
[2024-06-17T12:35:36.169+0300][gc,task       ] GC(10) Using 4 workers of 4 for evacuation
[2024-06-17T12:35:36.181+0300][gc,phases     ] GC(10)   Pre Evacuate Collection Set: 0.0ms
[2024-06-17T12:35:36.181+0300][gc,phases     ] GC(10)   Evacuate Collection Set: 11.7ms
[2024-06-17T12:35:36.182+0300][gc,phases     ] GC(10)   Post Evacuate Collection Set: 0.8ms
[2024-06-17T12:35:36.182+0300][gc,phases     ] GC(10)   Other: 0.2ms
[2024-06-17T12:35:36.182+0300][gc,heap       ] GC(10) Eden regions: 47->0(47)
[2024-06-17T12:35:36.182+0300][gc,heap       ] GC(10) Survivor regions: 4->4(7)
[2024-06-17T12:35:36.183+0300][gc,heap       ] GC(10) Old regions: 19->19
[2024-06-17T12:35:36.183+0300][gc,heap       ] GC(10) Humongous regions: 129->129
[2024-06-17T12:35:36.183+0300][gc,metaspace  ] GC(10) Metaspace: 45103K(48128K)->45103K(48128K) NonClass: 39349K(40960K)->39349K(40960K) Class: 5754K(7168K)->5754K(7168K)
[2024-06-17T12:35:36.183+0300][gc            ] GC(10) Pause Young (Normal) (G1 Evacuation Pause) 196M->150M(1024M) 14.696ms
[2024-06-17T12:35:36.183+0300][gc,cpu        ] GC(10) User=0.01s Sys=0.00s Real=0.01s
[2024-06-17T12:37:08.387+0300][gc,start      ] GC(11) Pause Young (Normal) (G1 Evacuation Pause)
[2024-06-17T12:37:08.390+0300][gc,task       ] GC(11) Using 4 workers of 4 for evacuation
[2024-06-17T12:37:08.397+0300][gc,phases     ] GC(11)   Pre Evacuate Collection Set: 0.5ms
[2024-06-17T12:37:08.397+0300][gc,phases     ] GC(11)   Evacuate Collection Set: 5.5ms
[2024-06-17T12:37:08.398+0300][gc,phases     ] GC(11)   Post Evacuate Collection Set: 0.9ms
[2024-06-17T12:37:08.398+0300][gc,phases     ] GC(11)   Other: 3.3ms
[2024-06-17T12:37:08.398+0300][gc,heap       ] GC(11) Eden regions: 47->0(48)
[2024-06-17T12:37:08.399+0300][gc,heap       ] GC(11) Survivor regions: 4->4(7)
[2024-06-17T12:37:08.399+0300][gc,heap       ] GC(11) Old regions: 19->21
[2024-06-17T12:37:08.399+0300][gc,heap       ] GC(11) Humongous regions: 129->129
[2024-06-17T12:37:08.399+0300][gc,metaspace  ] GC(11) Metaspace: 45218K(48128K)->45218K(48128K) NonClass: 39464K(40960K)->39464K(40960K) Class: 5754K(7168K)->5754K(7168K)
[2024-06-17T12:37:08.399+0300][gc            ] GC(11) Pause Young (Normal) (G1 Evacuation Pause) 197M->151M(1024M) 12.286ms
[2024-06-17T12:37:08.399+0300][gc,cpu        ] GC(11) User=0.02s Sys=0.01s Real=0.01s
[2024-06-17T12:56:14.976+0300][gc,start      ] GC(12) Pause Young (Normal) (G1 Evacuation Pause)
[2024-06-17T12:56:14.979+0300][gc,task       ] GC(12) Using 4 workers of 4 for evacuation
[2024-06-17T12:56:15.009+0300][gc,mmu        ] GC(12) MMU target violated: 21.0ms (20.0ms/21.0ms)
[2024-06-17T12:56:15.010+0300][gc,phases     ] GC(12)   Pre Evacuate Collection Set: 0.4ms
[2024-06-17T12:56:15.010+0300][gc,phases     ] GC(12)   Evacuate Collection Set: 25.2ms
[2024-06-17T12:56:15.010+0300][gc,phases     ] GC(12)   Post Evacuate Collection Set: 4.6ms
[2024-06-17T12:56:15.010+0300][gc,phases     ] GC(12)   Other: 3.3ms
[2024-06-17T12:56:15.010+0300][gc,heap       ] GC(12) Eden regions: 48->0(47)
[2024-06-17T12:56:15.010+0300][gc,heap       ] GC(12) Survivor regions: 4->5(7)
[2024-06-17T12:56:15.010+0300][gc,heap       ] GC(12) Old regions: 21->21
[2024-06-17T12:56:15.010+0300][gc,heap       ] GC(12) Humongous regions: 156->130
[2024-06-17T12:56:15.011+0300][gc,metaspace  ] GC(12) Metaspace: 45585K(48384K)->45585K(48384K) NonClass: 39792K(41216K)->39792K(41216K) Class: 5792K(7168K)->5792K(7168K)
[2024-06-17T12:56:15.011+0300][gc            ] GC(12) Pause Young (Normal) (G1 Evacuation Pause) 226M->153M(1024M) 34.484ms
[2024-06-17T12:56:15.011+0300][gc,cpu        ] GC(12) User=0.02s Sys=0.01s Real=0.03s
[2024-06-17T12:56:50.596+0300][gc,start      ] GC(13) Pause Young (Concurrent Start) (G1 Humongous Allocation)
[2024-06-17T12:56:50.596+0300][gc,task       ] GC(13) Using 4 workers of 4 for evacuation
[2024-06-17T12:56:50.649+0300][gc,mmu        ] GC(13) MMU target violated: 21.0ms (20.0ms/21.0ms)
[2024-06-17T12:56:50.649+0300][gc,phases     ] GC(13)   Pre Evacuate Collection Set: 2.7ms
[2024-06-17T12:56:50.649+0300][gc,phases     ] GC(13)   Evacuate Collection Set: 27.9ms
[2024-06-17T12:56:50.650+0300][gc,phases     ] GC(13)   Post Evacuate Collection Set: 20.9ms
[2024-06-17T12:56:50.650+0300][gc,phases     ] GC(13)   Other: 1.3ms
[2024-06-17T12:56:50.650+0300][gc,heap       ] GC(13) Eden regions: 10->0(46)
[2024-06-17T12:56:50.650+0300][gc,heap       ] GC(13) Survivor regions: 5->5(7)
[2024-06-17T12:56:50.650+0300][gc,heap       ] GC(13) Old regions: 21->22
[2024-06-17T12:56:50.650+0300][gc,heap       ] GC(13) Humongous regions: 337->129
[2024-06-17T12:56:50.651+0300][gc,metaspace  ] GC(13) Metaspace: 45587K(48384K)->45587K(48384K) NonClass: 39794K(41216K)->39794K(41216K) Class: 5792K(7168K)->5792K(7168K)
[2024-06-17T12:56:50.651+0300][gc            ] GC(13) Pause Young (Concurrent Start) (G1 Humongous Allocation) 370M->153M(1024M) 54.525ms
[2024-06-17T12:56:50.651+0300][gc,cpu        ] GC(13) User=0.05s Sys=0.00s Real=0.05s
[2024-06-17T12:56:50.651+0300][gc            ] GC(14) Concurrent Cycle
[2024-06-17T12:56:50.651+0300][gc,marking    ] GC(14) Concurrent Clear Claimed Marks
[2024-06-17T12:56:50.652+0300][gc,marking    ] GC(14) Concurrent Clear Claimed Marks 0.354ms
[2024-06-17T12:56:50.652+0300][gc,marking    ] GC(14) Concurrent Scan Root Regions
[2024-06-17T12:56:50.683+0300][gc,marking    ] GC(14) Concurrent Scan Root Regions 31.302ms
[2024-06-17T12:56:50.683+0300][gc,marking    ] GC(14) Concurrent Mark (1384.008s)
[2024-06-17T12:56:50.683+0300][gc,marking    ] GC(14) Concurrent Mark From Roots
[2024-06-17T12:56:50.683+0300][gc,task       ] GC(14) Using 1 workers of 1 for marking
[2024-06-17T12:56:50.888+0300][gc,marking    ] GC(14) Concurrent Mark From Roots 205.169ms
[2024-06-17T12:56:50.889+0300][gc,marking    ] GC(14) Concurrent Preclean
[2024-06-17T12:56:50.889+0300][gc,marking    ] GC(14) Concurrent Preclean 0.438ms
[2024-06-17T12:56:50.889+0300][gc,marking    ] GC(14) Concurrent Mark (1384.008s, 1384.214s) 205.818ms
[2024-06-17T12:56:50.889+0300][gc,start      ] GC(14) Pause Remark
[2024-06-17T12:56:51.153+0300][gc,stringtable] GC(14) Cleaned string and symbol table, strings: 14558 processed, 302 removed, symbols: 98759 processed, 4 removed
[2024-06-17T12:56:51.155+0300][gc,mmu        ] GC(14) MMU target violated: 21.0ms (20.0ms/21.0ms)
[2024-06-17T12:56:51.155+0300][gc            ] GC(14) Pause Remark 156M->156M(1024M) 265.849ms
[2024-06-17T12:56:51.155+0300][gc,cpu        ] GC(14) User=0.17s Sys=0.14s Real=0.27s
[2024-06-17T12:56:51.156+0300][gc,marking    ] GC(14) Concurrent Rebuild Remembered Sets
[2024-06-17T12:56:51.189+0300][gc,marking    ] GC(14) Concurrent Rebuild Remembered Sets 32.989ms
[2024-06-17T12:56:51.190+0300][gc,start      ] GC(14) Pause Cleanup
[2024-06-17T12:56:51.191+0300][gc            ] GC(14) Pause Cleanup 157M->157M(1024M) 0.528ms
[2024-06-17T12:56:51.191+0300][gc,cpu        ] GC(14) User=0.00s Sys=0.00s Real=0.00s
[2024-06-17T12:56:51.191+0300][gc,marking    ] GC(14) Concurrent Cleanup for Next Mark
[2024-06-17T12:56:51.325+0300][gc,marking    ] GC(14) Concurrent Cleanup for Next Mark 134.093ms
[2024-06-17T12:56:51.326+0300][gc            ] GC(14) Concurrent Cycle 674.213ms
[2024-06-17T12:57:19.692+0300][gc,start      ] GC(15) Pause Young (Concurrent Start) (G1 Humongous Allocation)
[2024-06-17T12:57:19.693+0300][gc,task       ] GC(15) Using 4 workers of 4 for evacuation
[2024-06-17T12:57:19.709+0300][gc,phases     ] GC(15)   Pre Evacuate Collection Set: 0.7ms
[2024-06-17T12:57:19.709+0300][gc,phases     ] GC(15)   Evacuate Collection Set: 14.4ms
[2024-06-17T12:57:19.710+0300][gc,phases     ] GC(15)   Post Evacuate Collection Set: 0.7ms
[2024-06-17T12:57:19.710+0300][gc,phases     ] GC(15)   Other: 1.1ms
[2024-06-17T12:57:19.710+0300][gc,heap       ] GC(15) Eden regions: 10->0(49)
[2024-06-17T12:57:19.710+0300][gc,heap       ] GC(15) Survivor regions: 5->2(7)
[2024-06-17T12:57:19.710+0300][gc,heap       ] GC(15) Old regions: 22->24
[2024-06-17T12:57:19.711+0300][gc,heap       ] GC(15) Humongous regions: 336->129
[2024-06-17T12:57:19.711+0300][gc,metaspace  ] GC(15) Metaspace: 45399K(48384K)->45399K(48384K) NonClass: 39667K(41216K)->39667K(41216K) Class: 5732K(7168K)->5732K(7168K)
[2024-06-17T12:57:19.711+0300][gc            ] GC(15) Pause Young (Concurrent Start) (G1 Humongous Allocation) 370M->152M(1024M) 18.855ms
[2024-06-17T12:57:19.711+0300][gc,cpu        ] GC(15) User=0.01s Sys=0.01s Real=0.00s
[2024-06-17T12:57:19.712+0300][gc            ] GC(16) Concurrent Cycle
[2024-06-17T12:57:19.712+0300][gc,marking    ] GC(16) Concurrent Clear Claimed Marks
[2024-06-17T12:57:19.712+0300][gc,marking    ] GC(16) Concurrent Clear Claimed Marks 0.327ms
[2024-06-17T12:57:19.712+0300][gc,marking    ] GC(16) Concurrent Scan Root Regions
[2024-06-17T12:57:19.714+0300][gc,marking    ] GC(16) Concurrent Scan Root Regions 1.412ms
[2024-06-17T12:57:19.714+0300][gc,marking    ] GC(16) Concurrent Mark (1413.039s)
[2024-06-17T12:57:19.714+0300][gc,marking    ] GC(16) Concurrent Mark From Roots
[2024-06-17T12:57:19.714+0300][gc,task       ] GC(16) Using 1 workers of 1 for marking
[2024-06-17T12:57:19.742+0300][gc,marking    ] GC(16) Concurrent Mark From Roots 27.721ms
[2024-06-17T12:57:19.742+0300][gc,marking    ] GC(16) Concurrent Preclean
[2024-06-17T12:57:19.743+0300][gc,marking    ] GC(16) Concurrent Preclean 0.470ms
[2024-06-17T12:57:19.743+0300][gc,marking    ] GC(16) Concurrent Mark (1413.039s, 1413.068s) 29.051ms
[2024-06-17T12:57:19.744+0300][gc,start      ] GC(16) Pause Remark
[2024-06-17T12:57:19.755+0300][gc,stringtable] GC(16) Cleaned string and symbol table, strings: 14256 processed, 0 removed, symbols: 98755 processed, 26 removed
[2024-06-17T12:57:19.755+0300][gc            ] GC(16) Pause Remark 153M->153M(1024M) 11.509ms
[2024-06-17T12:57:19.756+0300][gc,cpu        ] GC(16) User=0.01s Sys=0.01s Real=0.00s
[2024-06-17T12:57:19.756+0300][gc,marking    ] GC(16) Concurrent Rebuild Remembered Sets
[2024-06-17T12:57:19.774+0300][gc,marking    ] GC(16) Concurrent Rebuild Remembered Sets 18.429ms
[2024-06-17T12:57:19.775+0300][gc,start      ] GC(16) Pause Cleanup
[2024-06-17T12:57:19.775+0300][gc            ] GC(16) Pause Cleanup 154M->154M(1024M) 0.507ms
[2024-06-17T12:57:19.776+0300][gc,cpu        ] GC(16) User=0.00s Sys=0.00s Real=0.00s
[2024-06-17T12:57:19.776+0300][gc,marking    ] GC(16) Concurrent Cleanup for Next Mark
[2024-06-17T12:57:19.782+0300][gc,marking    ] GC(16) Concurrent Cleanup for Next Mark 6.614ms
[2024-06-17T12:57:19.783+0300][gc            ] GC(16) Concurrent Cycle 71.064ms
[2024-06-17T13:14:54.736+0300][gc,start      ] GC(17) Pause Young (Normal) (G1 Evacuation Pause)
[2024-06-17T13:14:54.737+0300][gc,task       ] GC(17) Using 4 workers of 4 for evacuation
[2024-06-17T13:14:54.758+0300][gc,mmu        ] GC(17) MMU target violated: 21.0ms (20.0ms/21.0ms)
[2024-06-17T13:14:54.758+0300][gc,phases     ] GC(17)   Pre Evacuate Collection Set: 4.4ms
[2024-06-17T13:14:54.758+0300][gc,phases     ] GC(17)   Evacuate Collection Set: 15.4ms
[2024-06-17T13:14:54.759+0300][gc,phases     ] GC(17)   Post Evacuate Collection Set: 1.3ms
[2024-06-17T13:14:54.759+0300][gc,phases     ] GC(17)   Other: 0.9ms
[2024-06-17T13:14:54.759+0300][gc,heap       ] GC(17) Eden regions: 49->0(46)
[2024-06-17T13:14:54.759+0300][gc,heap       ] GC(17) Survivor regions: 2->5(7)
[2024-06-17T13:14:54.759+0300][gc,heap       ] GC(17) Old regions: 24->24
[2024-06-17T13:14:54.759+0300][gc,heap       ] GC(17) Humongous regions: 267->129
[2024-06-17T13:14:54.759+0300][gc,metaspace  ] GC(17) Metaspace: 45529K(48640K)->45529K(48640K) NonClass: 39797K(41472K)->39797K(41472K) Class: 5732K(7168K)->5732K(7168K)
[2024-06-17T13:14:54.759+0300][gc            ] GC(17) Pause Young (Normal) (G1 Evacuation Pause) 339M->155M(1024M) 22.443ms
[2024-06-17T13:14:54.759+0300][gc,cpu        ] GC(17) User=0.05s Sys=0.00s Real=0.02s
[2024-06-17T13:21:13.568+0300][gc,start      ] GC(18) Pause Young (Normal) (G1 Evacuation Pause)
[2024-06-17T13:21:13.569+0300][gc,task       ] GC(18) Using 4 workers of 4 for evacuation
[2024-06-17T13:21:13.599+0300][gc,mmu        ] GC(18) MMU target violated: 21.0ms (20.0ms/21.0ms)
[2024-06-17T13:21:13.599+0300][gc,phases     ] GC(18)   Pre Evacuate Collection Set: 0.3ms
[2024-06-17T13:21:13.599+0300][gc,phases     ] GC(18)   Evacuate Collection Set: 18.5ms
[2024-06-17T13:21:13.600+0300][gc,phases     ] GC(18)   Post Evacuate Collection Set: 11.1ms
[2024-06-17T13:21:13.600+0300][gc,phases     ] GC(18)   Other: 1.0ms
[2024-06-17T13:21:13.600+0300][gc,heap       ] GC(18) Eden regions: 46->0(46)
[2024-06-17T13:21:13.600+0300][gc,heap       ] GC(18) Survivor regions: 5->5(7)
[2024-06-17T13:21:13.600+0300][gc,heap       ] GC(18) Old regions: 24->25
[2024-06-17T13:21:13.600+0300][gc,heap       ] GC(18) Humongous regions: 129->129
[2024-06-17T13:21:13.600+0300][gc,metaspace  ] GC(18) Metaspace: 45737K(48640K)->45737K(48640K) NonClass: 39981K(41472K)->39981K(41472K) Class: 5756K(7168K)->5756K(7168K)
[2024-06-17T13:21:13.601+0300][gc            ] GC(18) Pause Young (Normal) (G1 Evacuation Pause) 201M->157M(1024M) 32.208ms
[2024-06-17T13:21:13.601+0300][gc,cpu        ] GC(18) User=0.03s Sys=0.02s Real=0.03s
[2024-06-17T13:30:32.685+0300][gc,start      ] GC(19) Pause Young (Normal) (G1 Evacuation Pause)
[2024-06-17T13:30:32.685+0300][gc,task       ] GC(19) Using 4 workers of 4 for evacuation
[2024-06-17T13:30:32.724+0300][gc,mmu        ] GC(19) MMU target violated: 21.0ms (20.0ms/21.0ms)
[2024-06-17T13:30:32.724+0300][gc,phases     ] GC(19)   Pre Evacuate Collection Set: 0.3ms
[2024-06-17T13:30:32.724+0300][gc,phases     ] GC(19)   Evacuate Collection Set: 38.0ms
[2024-06-17T13:30:32.724+0300][gc,phases     ] GC(19)   Post Evacuate Collection Set: 0.5ms
[2024-06-17T13:30:32.724+0300][gc,phases     ] GC(19)   Other: 0.6ms
[2024-06-17T13:30:32.724+0300][gc,heap       ] GC(19) Eden regions: 46->0(44)
[2024-06-17T13:30:32.725+0300][gc,heap       ] GC(19) Survivor regions: 5->7(7)
[2024-06-17T13:30:32.725+0300][gc,heap       ] GC(19) Old regions: 25->27
[2024-06-17T13:30:32.725+0300][gc,heap       ] GC(19) Humongous regions: 129->129
[2024-06-17T13:30:32.725+0300][gc,metaspace  ] GC(19) Metaspace: 45842K(48896K)->45842K(48896K) NonClass: 40085K(41728K)->40085K(41728K) Class: 5757K(7168K)->5757K(7168K)
[2024-06-17T13:30:32.725+0300][gc            ] GC(19) Pause Young (Normal) (G1 Evacuation Pause) 203M->160M(1024M) 39.579ms
[2024-06-17T13:30:32.725+0300][gc,cpu        ] GC(19) User=0.07s Sys=0.03s Real=0.04s
[2024-06-17T13:34:07.006+0300][gc,start      ] GC(20) Pause Young (Normal) (G1 Evacuation Pause)
[2024-06-17T13:34:07.006+0300][gc,task       ] GC(20) Using 4 workers of 4 for evacuation
[2024-06-17T13:34:07.044+0300][gc,mmu        ] GC(20) MMU target violated: 21.0ms (20.0ms/21.0ms)
[2024-06-17T13:34:07.044+0300][gc,phases     ] GC(20)   Pre Evacuate Collection Set: 0.4ms
[2024-06-17T13:34:07.044+0300][gc,phases     ] GC(20)   Evacuate Collection Set: 34.8ms
[2024-06-17T13:34:07.044+0300][gc,phases     ] GC(20)   Post Evacuate Collection Set: 1.9ms
[2024-06-17T13:34:07.044+0300][gc,phases     ] GC(20)   Other: 0.6ms
[2024-06-17T13:34:07.044+0300][gc,heap       ] GC(20) Eden regions: 44->0(44)
[2024-06-17T13:34:07.044+0300][gc,heap       ] GC(20) Survivor regions: 7->7(7)
[2024-06-17T13:34:07.044+0300][gc,heap       ] GC(20) Old regions: 27->31
[2024-06-17T13:34:07.044+0300][gc,heap       ] GC(20) Humongous regions: 129->129
[2024-06-17T13:34:07.044+0300][gc,metaspace  ] GC(20) Metaspace: 45910K(48896K)->45910K(48896K) NonClass: 40147K(41728K)->40147K(41728K) Class: 5762K(7168K)->5762K(7168K)
[2024-06-17T13:34:07.044+0300][gc            ] GC(20) Pause Young (Normal) (G1 Evacuation Pause) 204M->164M(1024M) 37.791ms
[2024-06-17T13:34:07.044+0300][gc,cpu        ] GC(20) User=0.06s Sys=0.04s Real=0.04s
[2024-06-17T13:42:40.617+0300][gc,start      ] GC(21) Pause Young (Normal) (G1 Evacuation Pause)
[2024-06-17T13:42:40.617+0300][gc,task       ] GC(21) Using 4 workers of 4 for evacuation
[2024-06-17T13:42:40.657+0300][gc,mmu        ] GC(21) MMU target violated: 21.0ms (20.0ms/21.0ms)
[2024-06-17T13:42:40.657+0300][gc,phases     ] GC(21)   Pre Evacuate Collection Set: 0.3ms
[2024-06-17T13:42:40.657+0300][gc,phases     ] GC(21)   Evacuate Collection Set: 38.5ms
[2024-06-17T13:42:40.657+0300][gc,phases     ] GC(21)   Post Evacuate Collection Set: 1.0ms
[2024-06-17T13:42:40.657+0300][gc,phases     ] GC(21)   Other: 0.4ms
[2024-06-17T13:42:40.657+0300][gc,heap       ] GC(21) Eden regions: 44->0(48)
[2024-06-17T13:42:40.657+0300][gc,heap       ] GC(21) Survivor regions: 7->3(7)
[2024-06-17T13:42:40.657+0300][gc,heap       ] GC(21) Old regions: 31->38
[2024-06-17T13:42:40.657+0300][gc,heap       ] GC(21) Humongous regions: 129->129
[2024-06-17T13:42:40.657+0300][gc,metaspace  ] GC(21) Metaspace: 45939K(48896K)->45939K(48896K) NonClass: 40176K(41728K)->40176K(41728K) Class: 5762K(7168K)->5762K(7168K)
[2024-06-17T13:42:40.657+0300][gc            ] GC(21) Pause Young (Normal) (G1 Evacuation Pause) 208M->167M(1024M) 40.290ms
[2024-06-17T13:42:40.657+0300][gc,cpu        ] GC(21) User=0.03s Sys=0.03s Real=0.04s
[2024-06-17T13:44:05.285+0300][gc,start      ] GC(22) Pause Young (Concurrent Start) (G1 Humongous Allocation)
[2024-06-17T13:44:05.285+0300][gc,task       ] GC(22) Using 4 workers of 4 for evacuation
[2024-06-17T13:44:05.349+0300][gc,mmu        ] GC(22) MMU target violated: 21.0ms (20.0ms/21.0ms)
[2024-06-17T13:44:05.354+0300][gc,phases     ] GC(22)   Pre Evacuate Collection Set: 3.7ms
[2024-06-17T13:44:05.355+0300][gc,phases     ] GC(22)   Evacuate Collection Set: 27.5ms
[2024-06-17T13:44:05.355+0300][gc,phases     ] GC(22)   Post Evacuate Collection Set: 28.3ms
[2024-06-17T13:44:05.355+0300][gc,phases     ] GC(22)   Other: 10.1ms
[2024-06-17T13:44:05.355+0300][gc,heap       ] GC(22) Eden regions: 14->0(48)
[2024-06-17T13:44:05.355+0300][gc,heap       ] GC(22) Survivor regions: 3->3(7)
[2024-06-17T13:44:05.355+0300][gc,heap       ] GC(22) Old regions: 38->38
[2024-06-17T13:44:05.355+0300][gc,heap       ] GC(22) Humongous regions: 320->129
[2024-06-17T13:44:05.355+0300][gc,metaspace  ] GC(22) Metaspace: 45956K(48896K)->45956K(48896K) NonClass: 40193K(41728K)->40193K(41728K) Class: 5762K(7168K)->5762K(7168K)
[2024-06-17T13:44:05.356+0300][gc            ] GC(22) Pause Young (Concurrent Start) (G1 Humongous Allocation) 371M->167M(1024M) 70.650ms
[2024-06-17T13:44:05.356+0300][gc,cpu        ] GC(22) User=0.03s Sys=0.02s Real=0.25s
[2024-06-17T13:44:05.356+0300][gc            ] GC(23) Concurrent Cycle
[2024-06-17T13:44:05.356+0300][gc,marking    ] GC(23) Concurrent Clear Claimed Marks
[2024-06-17T13:44:05.357+0300][gc,marking    ] GC(23) Concurrent Clear Claimed Marks 0.462ms
[2024-06-17T13:44:05.357+0300][gc,marking    ] GC(23) Concurrent Scan Root Regions
[2024-06-17T13:44:05.361+0300][gc,marking    ] GC(23) Concurrent Scan Root Regions 4.028ms
[2024-06-17T13:44:05.363+0300][gc,marking    ] GC(23) Concurrent Mark (4218.687s)
[2024-06-17T13:44:05.363+0300][gc,marking    ] GC(23) Concurrent Mark From Roots
[2024-06-17T13:44:05.363+0300][gc,task       ] GC(23) Using 1 workers of 1 for marking
[2024-06-17T13:44:05.495+0300][gc,marking    ] GC(23) Concurrent Mark From Roots 132.489ms
[2024-06-17T13:44:05.594+0300][gc,marking    ] GC(23) Concurrent Preclean
[2024-06-17T13:44:05.595+0300][gc,marking    ] GC(23) Concurrent Preclean 0.831ms
[2024-06-17T13:44:05.595+0300][gc,marking    ] GC(23) Concurrent Mark (4218.687s, 4218.920s) 232.651ms
[2024-06-17T13:44:05.598+0300][gc,start      ] GC(23) Pause Remark
[2024-06-17T13:44:05.818+0300][gc,stringtable] GC(23) Cleaned string and symbol table, strings: 14705 processed, 2 removed, symbols: 98793 processed, 0 removed
[2024-06-17T13:44:05.821+0300][gc,mmu        ] GC(23) MMU target violated: 21.0ms (20.0ms/21.0ms)
[2024-06-17T13:44:05.821+0300][gc            ] GC(23) Pause Remark 168M->168M(1024M) 222.786ms
[2024-06-17T13:44:05.821+0300][gc,cpu        ] GC(23) User=0.06s Sys=0.03s Real=0.26s
[2024-06-17T13:44:05.822+0300][gc,marking    ] GC(23) Concurrent Rebuild Remembered Sets
[2024-06-17T13:44:05.840+0300][gc,marking    ] GC(23) Concurrent Rebuild Remembered Sets 18.827ms
[2024-06-17T13:44:05.841+0300][gc,start      ] GC(23) Pause Cleanup
[2024-06-17T13:44:05.841+0300][gc            ] GC(23) Pause Cleanup 170M->170M(1024M) 0.320ms
[2024-06-17T13:44:05.842+0300][gc,cpu        ] GC(23) User=0.00s Sys=0.00s Real=0.00s
[2024-06-17T13:44:05.902+0300][gc,marking    ] GC(23) Concurrent Cleanup for Next Mark
[2024-06-17T13:44:06.004+0300][gc,marking    ] GC(23) Concurrent Cleanup for Next Mark 101.681ms
[2024-06-17T13:44:06.004+0300][gc            ] GC(23) Concurrent Cycle 648.331ms
[2024-06-17T13:45:42.281+0300][gc,start      ] GC(24) Pause Young (Concurrent Start) (G1 Humongous Allocation)
[2024-06-17T13:45:42.281+0300][gc,task       ] GC(24) Using 4 workers of 4 for evacuation
[2024-06-17T13:45:42.469+0300][gc,mmu        ] GC(24) MMU target violated: 21.0ms (20.0ms/21.0ms)
[2024-06-17T13:45:42.469+0300][gc,phases     ] GC(24)   Pre Evacuate Collection Set: 0.8ms
[2024-06-17T13:45:42.469+0300][gc,phases     ] GC(24)   Evacuate Collection Set: 155.1ms
[2024-06-17T13:45:42.469+0300][gc,phases     ] GC(24)   Post Evacuate Collection Set: 31.0ms
[2024-06-17T13:45:42.469+0300][gc,phases     ] GC(24)   Other: 1.2ms
[2024-06-17T13:45:42.469+0300][gc,heap       ] GC(24) Eden regions: 23->0(48)
[2024-06-17T13:45:42.469+0300][gc,heap       ] GC(24) Survivor regions: 3->3(7)
[2024-06-17T13:45:42.469+0300][gc,heap       ] GC(24) Old regions: 37->37
[2024-06-17T13:45:42.469+0300][gc,heap       ] GC(24) Humongous regions: 321->129
[2024-06-17T13:45:42.469+0300][gc,metaspace  ] GC(24) Metaspace: 45956K(48896K)->45956K(48896K) NonClass: 40193K(41728K)->40193K(41728K) Class: 5762K(7168K)->5762K(7168K)
[2024-06-17T13:45:42.469+0300][gc            ] GC(24) Pause Young (Concurrent Start) (G1 Humongous Allocation) 381M->167M(1024M) 188.268ms
[2024-06-17T13:45:42.469+0300][gc,cpu        ] GC(24) User=0.01s Sys=0.02s Real=0.18s
[2024-06-17T13:45:42.470+0300][gc            ] GC(25) Concurrent Cycle
[2024-06-17T13:45:42.470+0300][gc,marking    ] GC(25) Concurrent Clear Claimed Marks
[2024-06-17T13:45:42.471+0300][gc,marking    ] GC(25) Concurrent Clear Claimed Marks 0.491ms
[2024-06-17T13:45:42.471+0300][gc,marking    ] GC(25) Concurrent Scan Root Regions
[2024-06-17T13:45:42.474+0300][gc,marking    ] GC(25) Concurrent Scan Root Regions 3.676ms
[2024-06-17T13:45:42.474+0300][gc,marking    ] GC(25) Concurrent Mark (4315.799s)
[2024-06-17T13:45:42.474+0300][gc,marking    ] GC(25) Concurrent Mark From Roots
[2024-06-17T13:45:42.474+0300][gc,task       ] GC(25) Using 1 workers of 1 for marking
[2024-06-17T13:45:42.550+0300][gc,marking    ] GC(25) Concurrent Mark From Roots 75.772ms
[2024-06-17T13:45:42.550+0300][gc,marking    ] GC(25) Concurrent Preclean
[2024-06-17T13:45:42.551+0300][gc,marking    ] GC(25) Concurrent Preclean 0.305ms
[2024-06-17T13:45:42.551+0300][gc,marking    ] GC(25) Concurrent Mark (4315.799s, 4315.875s) 76.187ms
[2024-06-17T13:45:42.556+0300][gc,start      ] GC(25) Pause Remark
[2024-06-17T13:45:42.655+0300][gc,stringtable] GC(25) Cleaned string and symbol table, strings: 14708 processed, 1 removed, symbols: 98793 processed, 0 removed
[2024-06-17T13:45:42.656+0300][gc,mmu        ] GC(25) MMU target violated: 21.0ms (20.0ms/21.0ms)
[2024-06-17T13:45:42.658+0300][gc            ] GC(25) Pause Remark 170M->170M(1024M) 101.900ms
[2024-06-17T13:45:42.658+0300][gc,cpu        ] GC(25) User=0.04s Sys=0.01s Real=0.10s
[2024-06-17T13:45:42.659+0300][gc,marking    ] GC(25) Concurrent Rebuild Remembered Sets
[2024-06-17T13:45:42.736+0300][gc,marking    ] GC(25) Concurrent Rebuild Remembered Sets 77.550ms
[2024-06-17T13:45:42.737+0300][gc,start      ] GC(25) Pause Cleanup
[2024-06-17T13:45:42.739+0300][gc            ] GC(25) Pause Cleanup 171M->171M(1024M) 1.768ms
[2024-06-17T13:45:42.739+0300][gc,cpu        ] GC(25) User=0.00s Sys=0.00s Real=0.00s
[2024-06-17T13:45:42.739+0300][gc,marking    ] GC(25) Concurrent Cleanup for Next Mark
[2024-06-17T13:45:42.871+0300][gc,marking    ] GC(25) Concurrent Cleanup for Next Mark 132.750ms
[2024-06-17T13:45:42.872+0300][gc            ] GC(25) Concurrent Cycle 401.459ms
[2024-06-17T13:49:23.766+0300][gc,start      ] GC(26) Pause Young (Normal) (G1 Evacuation Pause)
[2024-06-17T13:49:23.766+0300][gc,task       ] GC(26) Using 4 workers of 4 for evacuation
[2024-06-17T13:49:23.797+0300][gc,mmu        ] GC(26) MMU target violated: 21.0ms (20.0ms/21.0ms)
[2024-06-17T13:49:23.797+0300][gc,phases     ] GC(26)   Pre Evacuate Collection Set: 0.8ms
[2024-06-17T13:49:23.798+0300][gc,phases     ] GC(26)   Evacuate Collection Set: 27.7ms
[2024-06-17T13:49:23.798+0300][gc,phases     ] GC(26)   Post Evacuate Collection Set: 2.3ms
[2024-06-17T13:49:23.798+0300][gc,phases     ] GC(26)   Other: 1.0ms
[2024-06-17T13:49:23.798+0300][gc,heap       ] GC(26) Eden regions: 48->0(47)
[2024-06-17T13:49:23.798+0300][gc,heap       ] GC(26) Survivor regions: 3->4(7)
[2024-06-17T13:49:23.798+0300][gc,heap       ] GC(26) Old regions: 37->37
[2024-06-17T13:49:23.798+0300][gc,heap       ] GC(26) Humongous regions: 134->129
[2024-06-17T13:49:23.798+0300][gc,metaspace  ] GC(26) Metaspace: 46109K(49152K)->46109K(49152K) NonClass: 40343K(41984K)->40343K(41984K) Class: 5765K(7168K)->5765K(7168K)
[2024-06-17T13:49:23.798+0300][gc            ] GC(26) Pause Young (Normal) (G1 Evacuation Pause) 220M->168M(1024M) 32.595ms
[2024-06-17T13:49:23.799+0300][gc,cpu        ] GC(26) User=0.04s Sys=0.00s Real=0.04s
[2024-06-17T13:51:43.577+0300][gc,start      ] GC(27) Pause Young (Concurrent Start) (G1 Humongous Allocation)
[2024-06-17T13:51:43.578+0300][gc,task       ] GC(27) Using 4 workers of 4 for evacuation
[2024-06-17T13:51:43.641+0300][gc,mmu        ] GC(27) MMU target violated: 21.0ms (20.0ms/21.0ms)
[2024-06-17T13:51:43.642+0300][gc,phases     ] GC(27)   Pre Evacuate Collection Set: 1.5ms
[2024-06-17T13:51:43.725+0300][gc,phases     ] GC(27)   Evacuate Collection Set: 56.5ms
[2024-06-17T13:51:43.725+0300][gc,phases     ] GC(27)   Post Evacuate Collection Set: 3.8ms
[2024-06-17T13:51:43.726+0300][gc,phases     ] GC(27)   Other: 2.6ms
[2024-06-17T13:51:43.726+0300][gc,heap       ] GC(27) Eden regions: 25->0(47)
[2024-06-17T13:51:43.726+0300][gc,heap       ] GC(27) Survivor regions: 4->4(7)
[2024-06-17T13:51:43.726+0300][gc,heap       ] GC(27) Old regions: 37->39
[2024-06-17T13:51:43.727+0300][gc,heap       ] GC(27) Humongous regions: 321->129
[2024-06-17T13:51:43.727+0300][gc,metaspace  ] GC(27) Metaspace: 47062K(50304K)->47062K(50304K) NonClass: 41010K(42752K)->41010K(42752K) Class: 6052K(7552K)->6052K(7552K)
[2024-06-17T13:51:43.727+0300][gc            ] GC(27) Pause Young (Concurrent Start) (G1 Humongous Allocation) 384M->169M(1024M) 149.824ms
[2024-06-17T13:51:43.728+0300][gc,cpu        ] GC(27) User=0.05s Sys=0.02s Real=0.15s
[2024-06-17T13:51:43.728+0300][gc            ] GC(28) Concurrent Cycle
[2024-06-17T13:51:43.728+0300][gc,marking    ] GC(28) Concurrent Clear Claimed Marks
[2024-06-17T13:51:43.729+0300][gc,marking    ] GC(28) Concurrent Clear Claimed Marks 0.595ms
[2024-06-17T13:51:43.729+0300][gc,marking    ] GC(28) Concurrent Scan Root Regions
[2024-06-17T13:51:43.735+0300][gc,marking    ] GC(28) Concurrent Scan Root Regions 5.635ms
[2024-06-17T13:51:43.735+0300][gc,marking    ] GC(28) Concurrent Mark (4677.059s)
[2024-06-17T13:51:43.735+0300][gc,marking    ] GC(28) Concurrent Mark From Roots
[2024-06-17T13:51:43.735+0300][gc,task       ] GC(28) Using 1 workers of 1 for marking
[2024-06-17T13:51:43.816+0300][gc,marking    ] GC(28) Concurrent Mark From Roots 81.630ms
[2024-06-17T13:51:43.816+0300][gc,marking    ] GC(28) Concurrent Preclean
[2024-06-17T13:51:43.817+0300][gc,marking    ] GC(28) Concurrent Preclean 0.238ms
[2024-06-17T13:51:43.817+0300][gc,marking    ] GC(28) Concurrent Mark (4677.059s, 4677.141s) 81.978ms
[2024-06-17T13:51:43.817+0300][gc,start      ] GC(28) Pause Remark
[2024-06-17T13:51:44.069+0300][gc,stringtable] GC(28) Cleaned string and symbol table, strings: 14846 processed, 0 removed, symbols: 99172 processed, 0 removed
[2024-06-17T13:51:44.070+0300][gc,mmu        ] GC(28) MMU target violated: 21.0ms (20.0ms/21.0ms)
[2024-06-17T13:51:44.070+0300][gc            ] GC(28) Pause Remark 171M->171M(1024M) 252.658ms
[2024-06-17T13:51:44.070+0300][gc,cpu        ] GC(28) User=0.05s Sys=0.05s Real=0.29s
[2024-06-17T13:51:44.070+0300][gc,marking    ] GC(28) Concurrent Rebuild Remembered Sets
[2024-06-17T13:51:44.181+0300][gc,marking    ] GC(28) Concurrent Rebuild Remembered Sets 111.317ms
[2024-06-17T13:51:44.182+0300][gc,start      ] GC(28) Pause Cleanup
[2024-06-17T13:51:44.182+0300][gc            ] GC(28) Pause Cleanup 173M->173M(1024M) 0.271ms
[2024-06-17T13:51:44.182+0300][gc,cpu        ] GC(28) User=0.00s Sys=0.00s Real=0.00s
[2024-06-17T13:51:44.182+0300][gc,marking    ] GC(28) Concurrent Cleanup for Next Mark
[2024-06-17T13:51:44.186+0300][gc,marking    ] GC(28) Concurrent Cleanup for Next Mark 4.059ms
[2024-06-17T13:51:44.186+0300][gc            ] GC(28) Concurrent Cycle 458.420ms
[2024-06-17T13:53:03.535+0300][gc,start      ] GC(29) Pause Young (Concurrent Start) (G1 Humongous Allocation)
[2024-06-17T13:53:03.536+0300][gc,task       ] GC(29) Using 4 workers of 4 for evacuation
[2024-06-17T13:53:03.564+0300][gc,mmu        ] GC(29) MMU target violated: 21.0ms (20.0ms/21.0ms)
[2024-06-17T13:53:03.565+0300][gc,phases     ] GC(29)   Pre Evacuate Collection Set: 1.2ms
[2024-06-17T13:53:03.565+0300][gc,phases     ] GC(29)   Evacuate Collection Set: 26.0ms
[2024-06-17T13:53:03.565+0300][gc,phases     ] GC(29)   Post Evacuate Collection Set: 0.9ms
[2024-06-17T13:53:03.565+0300][gc,phases     ] GC(29)   Other: 1.0ms
[2024-06-17T13:53:03.565+0300][gc,heap       ] GC(29) Eden regions: 19->0(47)
[2024-06-17T13:53:03.566+0300][gc,heap       ] GC(29) Survivor regions: 4->4(7)
[2024-06-17T13:53:03.566+0300][gc,heap       ] GC(29) Old regions: 39->39
[2024-06-17T13:53:03.566+0300][gc,heap       ] GC(29) Humongous regions: 319->129
[2024-06-17T13:53:03.566+0300][gc,metaspace  ] GC(29) Metaspace: 47063K(50304K)->47063K(50304K) NonClass: 41011K(42752K)->41011K(42752K) Class: 6052K(7552K)->6052K(7552K)
[2024-06-17T13:53:03.567+0300][gc            ] GC(29) Pause Young (Concurrent Start) (G1 Humongous Allocation) 378M->169M(1024M) 31.105ms
[2024-06-17T13:53:03.567+0300][gc,cpu        ] GC(29) User=0.02s Sys=0.02s Real=0.00s
[2024-06-17T13:53:03.567+0300][gc            ] GC(30) Concurrent Cycle
[2024-06-17T13:53:03.567+0300][gc,marking    ] GC(30) Concurrent Clear Claimed Marks
[2024-06-17T13:53:03.567+0300][gc,marking    ] GC(30) Concurrent Clear Claimed Marks 0.151ms
[2024-06-17T13:53:03.567+0300][gc,marking    ] GC(30) Concurrent Scan Root Regions
[2024-06-17T13:53:03.570+0300][gc,marking    ] GC(30) Concurrent Scan Root Regions 2.707ms
[2024-06-17T13:53:03.570+0300][gc,marking    ] GC(30) Concurrent Mark (4756.895s)
[2024-06-17T13:53:03.570+0300][gc,marking    ] GC(30) Concurrent Mark From Roots
[2024-06-17T13:53:03.570+0300][gc,task       ] GC(30) Using 1 workers of 1 for marking
[2024-06-17T13:53:03.603+0300][gc,marking    ] GC(30) Concurrent Mark From Roots 32.752ms
[2024-06-17T13:53:03.603+0300][gc,marking    ] GC(30) Concurrent Preclean
[2024-06-17T13:53:03.603+0300][gc,marking    ] GC(30) Concurrent Preclean 0.145ms
[2024-06-17T13:53:03.603+0300][gc,marking    ] GC(30) Concurrent Mark (4756.895s, 4756.928s) 32.966ms
[2024-06-17T13:53:03.603+0300][gc,start      ] GC(30) Pause Remark
[2024-06-17T13:53:03.631+0300][gc,stringtable] GC(30) Cleaned string and symbol table, strings: 14864 processed, 0 removed, symbols: 99173 processed, 1 removed
[2024-06-17T13:53:03.631+0300][gc,mmu        ] GC(30) MMU target violated: 21.0ms (20.0ms/21.0ms)
[2024-06-17T13:53:03.631+0300][gc            ] GC(30) Pause Remark 171M->171M(1024M) 27.942ms
[2024-06-17T13:53:03.631+0300][gc,cpu        ] GC(30) User=0.03s Sys=0.02s Real=0.00s
[2024-06-17T13:53:03.632+0300][gc,marking    ] GC(30) Concurrent Rebuild Remembered Sets
[2024-06-17T13:53:03.675+0300][gc,marking    ] GC(30) Concurrent Rebuild Remembered Sets 43.257ms
[2024-06-17T13:53:03.677+0300][gc,start      ] GC(30) Pause Cleanup
[2024-06-17T13:53:03.678+0300][gc            ] GC(30) Pause Cleanup 171M->171M(1024M) 0.704ms
[2024-06-17T13:53:03.678+0300][gc,cpu        ] GC(30) User=0.00s Sys=0.00s Real=0.00s
[2024-06-17T13:53:03.678+0300][gc,marking    ] GC(30) Concurrent Cleanup for Next Mark
[2024-06-17T13:53:03.690+0300][gc,marking    ] GC(30) Concurrent Cleanup for Next Mark 12.256ms
[2024-06-17T13:53:03.690+0300][gc            ] GC(30) Concurrent Cycle 123.183ms
[2024-06-17T13:57:26.319+0300][gc,start      ] GC(31) Pause Young (Normal) (G1 Evacuation Pause)
[2024-06-17T13:57:26.319+0300][gc,task       ] GC(31) Using 4 workers of 4 for evacuation
[2024-06-17T13:57:26.369+0300][gc,mmu        ] GC(31) MMU target violated: 21.0ms (20.0ms/21.0ms)
[2024-06-17T13:57:26.369+0300][gc,phases     ] GC(31)   Pre Evacuate Collection Set: 0.3ms
[2024-06-17T13:57:26.369+0300][gc,phases     ] GC(31)   Evacuate Collection Set: 16.6ms
[2024-06-17T13:57:26.369+0300][gc,phases     ] GC(31)   Post Evacuate Collection Set: 33.1ms
[2024-06-17T13:57:26.377+0300][gc,phases     ] GC(31)   Other: 0.6ms
[2024-06-17T13:57:26.381+0300][gc,heap       ] GC(31) Eden regions: 47->0(46)
[2024-06-17T13:57:26.381+0300][gc,heap       ] GC(31) Survivor regions: 4->5(7)
[2024-06-17T13:57:26.381+0300][gc,heap       ] GC(31) Old regions: 39->39
[2024-06-17T13:57:26.381+0300][gc,heap       ] GC(31) Humongous regions: 300->130
[2024-06-17T13:57:26.381+0300][gc,metaspace  ] GC(31) Metaspace: 47126K(50304K)->47126K(50304K) NonClass: 41074K(42752K)->41074K(42752K) Class: 6052K(7552K)->6052K(7552K)
[2024-06-17T13:57:26.381+0300][gc            ] GC(31) Pause Young (Normal) (G1 Evacuation Pause) 387M->171M(1024M) 62.407ms
[2024-06-17T13:57:26.381+0300][gc,cpu        ] GC(31) User=0.01s Sys=0.04s Real=0.06s
[2024-06-17T13:57:49.449+0300][gc,start      ] GC(32) Pause Young (Concurrent Start) (G1 Humongous Allocation)
[2024-06-17T13:57:49.449+0300][gc,task       ] GC(32) Using 4 workers of 4 for evacuation
[2024-06-17T13:57:49.511+0300][gc,mmu        ] GC(32) MMU target violated: 21.0ms (20.0ms/21.0ms)
[2024-06-17T13:57:49.511+0300][gc,phases     ] GC(32)   Pre Evacuate Collection Set: 0.6ms
[2024-06-17T13:57:49.511+0300][gc,phases     ] GC(32)   Evacuate Collection Set: 17.5ms
[2024-06-17T13:57:49.511+0300][gc,phases     ] GC(32)   Post Evacuate Collection Set: 43.7ms
[2024-06-17T13:57:49.511+0300][gc,phases     ] GC(32)   Other: 0.8ms
[2024-06-17T13:57:49.511+0300][gc,heap       ] GC(32) Eden regions: 6->0(47)
[2024-06-17T13:57:49.511+0300][gc,heap       ] GC(32) Survivor regions: 5->4(7)
[2024-06-17T13:57:49.511+0300][gc,heap       ] GC(32) Old regions: 39->41
[2024-06-17T13:57:49.511+0300][gc,heap       ] GC(32) Humongous regions: 319->129
[2024-06-17T13:57:49.511+0300][gc,metaspace  ] GC(32) Metaspace: 47143K(50304K)->47143K(50304K) NonClass: 41091K(42752K)->41091K(42752K) Class: 6052K(7552K)->6052K(7552K)
[2024-06-17T13:57:49.511+0300][gc            ] GC(32) Pause Young (Concurrent Start) (G1 Humongous Allocation) 366M->171M(1024M) 62.671ms
[2024-06-17T13:57:49.511+0300][gc,cpu        ] GC(32) User=0.02s Sys=0.01s Real=0.13s
[2024-06-17T13:57:49.511+0300][gc            ] GC(33) Concurrent Cycle
[2024-06-17T13:57:49.511+0300][gc,marking    ] GC(33) Concurrent Clear Claimed Marks
[2024-06-17T13:57:49.512+0300][gc,marking    ] GC(33) Concurrent Clear Claimed Marks 0.304ms
[2024-06-17T13:57:49.512+0300][gc,marking    ] GC(33) Concurrent Scan Root Regions
[2024-06-17T13:57:49.514+0300][gc,marking    ] GC(33) Concurrent Scan Root Regions 2.534ms
[2024-06-17T13:57:49.514+0300][gc,marking    ] GC(33) Concurrent Mark (5042.839s)
[2024-06-17T13:57:49.514+0300][gc,marking    ] GC(33) Concurrent Mark From Roots
[2024-06-17T13:57:49.514+0300][gc,task       ] GC(33) Using 1 workers of 1 for marking
[2024-06-17T13:57:49.538+0300][gc,marking    ] GC(33) Concurrent Mark From Roots 23.629ms
[2024-06-17T13:57:49.538+0300][gc,marking    ] GC(33) Concurrent Preclean
[2024-06-17T13:57:49.538+0300][gc,marking    ] GC(33) Concurrent Preclean 0.143ms
[2024-06-17T13:57:49.538+0300][gc,marking    ] GC(33) Concurrent Mark (5042.839s, 5042.863s) 23.837ms
[2024-06-17T13:57:49.538+0300][gc,start      ] GC(33) Pause Remark
[2024-06-17T13:57:49.598+0300][gc,stringtable] GC(33) Cleaned string and symbol table, strings: 14892 processed, 0 removed, symbols: 99172 processed, 0 removed
[2024-06-17T13:57:49.599+0300][gc,mmu        ] GC(33) MMU target violated: 21.0ms (20.0ms/21.0ms)
[2024-06-17T13:57:49.599+0300][gc            ] GC(33) Pause Remark 172M->172M(1024M) 60.854ms
[2024-06-17T13:57:49.599+0300][gc,cpu        ] GC(33) User=0.06s Sys=0.02s Real=0.08s
[2024-06-17T13:57:49.600+0300][gc,marking    ] GC(33) Concurrent Rebuild Remembered Sets
[2024-06-17T13:57:49.616+0300][gc,marking    ] GC(33) Concurrent Rebuild Remembered Sets 16.622ms
[2024-06-17T13:57:49.618+0300][gc,start      ] GC(33) Pause Cleanup
[2024-06-17T13:57:49.618+0300][gc            ] GC(33) Pause Cleanup 172M->172M(1024M) 0.521ms
[2024-06-17T13:57:49.618+0300][gc,cpu        ] GC(33) User=0.00s Sys=0.00s Real=0.00s
[2024-06-17T13:57:49.619+0300][gc,marking    ] GC(33) Concurrent Cleanup for Next Mark
[2024-06-17T13:57:49.623+0300][gc,marking    ] GC(33) Concurrent Cleanup for Next Mark 3.980ms
[2024-06-17T13:57:49.623+0300][gc            ] GC(33) Concurrent Cycle 111.535ms
[2024-06-17T14:00:01.932+0300][gc,start      ] GC(34) Pause Young (Concurrent Start) (G1 Humongous Allocation)
[2024-06-17T14:00:01.933+0300][gc,task       ] GC(34) Using 4 workers of 4 for evacuation
[2024-06-17T14:00:01.970+0300][gc,mmu        ] GC(34) MMU target violated: 21.0ms (20.0ms/21.0ms)
[2024-06-17T14:00:01.971+0300][gc,phases     ] GC(34)   Pre Evacuate Collection Set: 2.5ms
[2024-06-17T14:00:01.975+0300][gc,phases     ] GC(34)   Evacuate Collection Set: 12.2ms
[2024-06-17T14:00:01.975+0300][gc,phases     ] GC(34)   Post Evacuate Collection Set: 21.4ms
[2024-06-17T14:00:01.975+0300][gc,phases     ] GC(34)   Other: 2.2ms
[2024-06-17T14:00:01.975+0300][gc,heap       ] GC(34) Eden regions: 13->0(47)
[2024-06-17T14:00:01.975+0300][gc,heap       ] GC(34) Survivor regions: 4->4(7)
[2024-06-17T14:00:01.975+0300][gc,heap       ] GC(34) Old regions: 41->41
[2024-06-17T14:00:01.975+0300][gc,heap       ] GC(34) Humongous regions: 317->129
[2024-06-17T14:00:01.975+0300][gc,metaspace  ] GC(34) Metaspace: 47145K(50304K)->47145K(50304K) NonClass: 41093K(42752K)->41093K(42752K) Class: 6052K(7552K)->6052K(7552K)
[2024-06-17T14:00:01.975+0300][gc            ] GC(34) Pause Young (Concurrent Start) (G1 Humongous Allocation) 371M->171M(1024M) 42.782ms
[2024-06-17T14:00:01.975+0300][gc,cpu        ] GC(34) User=0.04s Sys=0.03s Real=0.05s
[2024-06-17T14:00:01.981+0300][gc            ] GC(35) Concurrent Cycle
[2024-06-17T14:00:01.982+0300][gc,marking    ] GC(35) Concurrent Clear Claimed Marks
[2024-06-17T14:00:01.982+0300][gc,marking    ] GC(35) Concurrent Clear Claimed Marks 0.405ms
[2024-06-17T14:00:01.982+0300][gc,marking    ] GC(35) Concurrent Scan Root Regions
[2024-06-17T14:00:01.999+0300][gc,marking    ] GC(35) Concurrent Scan Root Regions 17.036ms
[2024-06-17T14:00:02.000+0300][gc,marking    ] GC(35) Concurrent Mark (5175.324s)
[2024-06-17T14:00:02.000+0300][gc,marking    ] GC(35) Concurrent Mark From Roots
[2024-06-17T14:00:02.000+0300][gc,task       ] GC(35) Using 1 workers of 1 for marking
[2024-06-17T14:00:02.037+0300][gc,marking    ] GC(35) Concurrent Mark From Roots 37.183ms
[2024-06-17T14:00:02.037+0300][gc,marking    ] GC(35) Concurrent Preclean
[2024-06-17T14:00:02.037+0300][gc,marking    ] GC(35) Concurrent Preclean 0.144ms
[2024-06-17T14:00:02.038+0300][gc,marking    ] GC(35) Concurrent Mark (5175.324s, 5175.362s) 37.803ms
[2024-06-17T14:00:02.038+0300][gc,start      ] GC(35) Pause Remark
[2024-06-17T14:00:02.058+0300][gc,stringtable] GC(35) Cleaned string and symbol table, strings: 14892 processed, 0 removed, symbols: 99172 processed, 0 removed
[2024-06-17T14:00:02.059+0300][gc,mmu        ] GC(35) MMU target violated: 21.0ms (20.0ms/21.0ms)
[2024-06-17T14:00:02.060+0300][gc            ] GC(35) Pause Remark 173M->173M(1024M) 22.080ms
[2024-06-17T14:00:02.060+0300][gc,cpu        ] GC(35) User=0.04s Sys=0.01s Real=0.02s
[2024-06-17T14:00:02.061+0300][gc,marking    ] GC(35) Concurrent Rebuild Remembered Sets
[2024-06-17T14:00:02.075+0300][gc,marking    ] GC(35) Concurrent Rebuild Remembered Sets 13.997ms
[2024-06-17T14:00:02.075+0300][gc,start      ] GC(35) Pause Cleanup
[2024-06-17T14:00:02.076+0300][gc            ] GC(35) Pause Cleanup 173M->173M(1024M) 0.951ms
[2024-06-17T14:00:02.076+0300][gc,cpu        ] GC(35) User=0.00s Sys=0.00s Real=0.00s
[2024-06-17T14:00:02.077+0300][gc,marking    ] GC(35) Concurrent Cleanup for Next Mark
[2024-06-17T14:00:02.079+0300][gc,marking    ] GC(35) Concurrent Cleanup for Next Mark 2.383ms
[2024-06-17T14:00:02.079+0300][gc            ] GC(35) Concurrent Cycle 97.603ms
[2024-06-17T14:10:48.066+0300][gc,start      ] GC(36) Pause Young (Normal) (G1 Evacuation Pause)
[2024-06-17T14:10:48.070+0300][gc,task       ] GC(36) Using 4 workers of 4 for evacuation
[2024-06-17T14:10:48.101+0300][gc,mmu        ] GC(36) MMU target violated: 21.0ms (20.0ms/21.0ms)
[2024-06-17T14:10:48.102+0300][gc,phases     ] GC(36)   Pre Evacuate Collection Set: 3.9ms
[2024-06-17T14:10:48.102+0300][gc,phases     ] GC(36)   Evacuate Collection Set: 23.4ms
[2024-06-17T14:10:48.102+0300][gc,phases     ] GC(36)   Post Evacuate Collection Set: 1.5ms
[2024-06-17T14:10:48.103+0300][gc,phases     ] GC(36)   Other: 7.5ms
[2024-06-17T14:10:48.103+0300][gc,heap       ] GC(36) Eden regions: 47->0(45)
[2024-06-17T14:10:48.103+0300][gc,heap       ] GC(36) Survivor regions: 4->6(7)
[2024-06-17T14:10:48.103+0300][gc,heap       ] GC(36) Old regions: 41->42
[2024-06-17T14:10:48.103+0300][gc,heap       ] GC(36) Humongous regions: 214->129
[2024-06-17T14:10:48.103+0300][gc,metaspace  ] GC(36) Metaspace: 47165K(50304K)->47165K(50304K) NonClass: 41113K(42752K)->41113K(42752K) Class: 6052K(7552K)->6052K(7552K)
[2024-06-17T14:10:48.103+0300][gc            ] GC(36) Pause Young (Normal) (G1 Evacuation Pause) 303M->174M(1024M) 37.378ms
[2024-06-17T14:10:48.103+0300][gc,cpu        ] GC(36) User=0.09s Sys=0.01s Real=0.04s
[2024-06-17T14:22:14.501+0300][gc,start      ] GC(37) Pause Young (Normal) (G1 Evacuation Pause)
[2024-06-17T14:22:14.501+0300][gc,task       ] GC(37) Using 4 workers of 4 for evacuation
[2024-06-17T14:22:14.525+0300][gc,mmu        ] GC(37) MMU target violated: 21.0ms (20.0ms/21.0ms)
[2024-06-17T14:22:14.526+0300][gc,phases     ] GC(37)   Pre Evacuate Collection Set: 0.4ms
[2024-06-17T14:22:14.526+0300][gc,phases     ] GC(37)   Evacuate Collection Set: 23.3ms
[2024-06-17T14:22:14.526+0300][gc,phases     ] GC(37)   Post Evacuate Collection Set: 0.8ms
[2024-06-17T14:22:14.526+0300][gc,phases     ] GC(37)   Other: 0.6ms
[2024-06-17T14:22:14.526+0300][gc,heap       ] GC(37) Eden regions: 45->0(44)
[2024-06-17T14:22:14.526+0300][gc,heap       ] GC(37) Survivor regions: 6->7(7)
[2024-06-17T14:22:14.526+0300][gc,heap       ] GC(37) Old regions: 42->45
[2024-06-17T14:22:14.526+0300][gc,heap       ] GC(37) Humongous regions: 129->129
[2024-06-17T14:22:14.526+0300][gc,metaspace  ] GC(37) Metaspace: 47180K(50304K)->47180K(50304K) NonClass: 41128K(42752K)->41128K(42752K) Class: 6052K(7552K)->6052K(7552K)
[2024-06-17T14:22:14.526+0300][gc            ] GC(37) Pause Young (Normal) (G1 Evacuation Pause) 219M->178M(1024M) 25.066ms
[2024-06-17T14:22:14.526+0300][gc,cpu        ] GC(37) User=0.04s Sys=0.00s Real=0.02s
[2024-06-17T14:30:55.931+0300][gc,start      ] GC(38) Pause Young (Concurrent Start) (G1 Humongous Allocation)
[2024-06-17T14:30:55.931+0300][gc,task       ] GC(38) Using 4 workers of 4 for evacuation
[2024-06-17T14:30:56.034+0300][gc,mmu        ] GC(38) MMU target violated: 21.0ms (20.0ms/21.0ms)
[2024-06-17T14:30:56.034+0300][gc,phases     ] GC(38)   Pre Evacuate Collection Set: 0.8ms
[2024-06-17T14:30:56.034+0300][gc,phases     ] GC(38)   Evacuate Collection Set: 96.0ms
[2024-06-17T14:30:56.034+0300][gc,phases     ] GC(38)   Post Evacuate Collection Set: 5.5ms
[2024-06-17T14:30:56.034+0300][gc,phases     ] GC(38)   Other: 0.8ms
[2024-06-17T14:30:56.034+0300][gc,heap       ] GC(38) Eden regions: 30->0(47)
[2024-06-17T14:30:56.034+0300][gc,heap       ] GC(38) Survivor regions: 7->4(7)
[2024-06-17T14:30:56.034+0300][gc,heap       ] GC(38) Old regions: 45->50
[2024-06-17T14:30:56.034+0300][gc,heap       ] GC(38) Humongous regions: 313->129
[2024-06-17T14:30:56.034+0300][gc,metaspace  ] GC(38) Metaspace: 47203K(50304K)->47203K(50304K) NonClass: 41144K(42752K)->41144K(42752K) Class: 6058K(7552K)->6058K(7552K)
[2024-06-17T14:30:56.034+0300][gc            ] GC(38) Pause Young (Concurrent Start) (G1 Humongous Allocation) 391M->180M(1024M) 103.082ms
[2024-06-17T14:30:56.034+0300][gc,cpu        ] GC(38) User=0.05s Sys=0.03s Real=0.10s
[2024-06-17T14:30:56.035+0300][gc            ] GC(39) Concurrent Cycle
[2024-06-17T14:30:56.035+0300][gc,marking    ] GC(39) Concurrent Clear Claimed Marks
[2024-06-17T14:30:56.035+0300][gc,marking    ] GC(39) Concurrent Clear Claimed Marks 0.422ms
[2024-06-17T14:30:56.035+0300][gc,marking    ] GC(39) Concurrent Scan Root Regions
[2024-06-17T14:30:56.045+0300][gc,marking    ] GC(39) Concurrent Scan Root Regions 9.213ms
[2024-06-17T14:30:56.045+0300][gc,marking    ] GC(39) Concurrent Mark (7029.369s)
[2024-06-17T14:30:56.045+0300][gc,marking    ] GC(39) Concurrent Mark From Roots
[2024-06-17T14:30:56.045+0300][gc,task       ] GC(39) Using 1 workers of 1 for marking
[2024-06-17T14:30:56.144+0300][gc,marking    ] GC(39) Concurrent Mark From Roots 99.693ms
[2024-06-17T14:30:56.144+0300][gc,marking    ] GC(39) Concurrent Preclean
[2024-06-17T14:30:56.145+0300][gc,marking    ] GC(39) Concurrent Preclean 0.170ms
[2024-06-17T14:30:56.145+0300][gc,marking    ] GC(39) Concurrent Mark (7029.369s, 7029.469s) 99.979ms
[2024-06-17T14:30:56.145+0300][gc,start      ] GC(39) Pause Remark
[2024-06-17T14:30:56.243+0300][gc,stringtable] GC(39) Cleaned string and symbol table, strings: 14910 processed, 32 removed, symbols: 99178 processed, 1 removed
[2024-06-17T14:30:56.244+0300][gc,mmu        ] GC(39) MMU target violated: 21.0ms (20.0ms/21.0ms)
[2024-06-17T14:30:56.244+0300][gc            ] GC(39) Pause Remark 184M->184M(1024M) 98.770ms
[2024-06-17T14:30:56.244+0300][gc,cpu        ] GC(39) User=0.06s Sys=0.04s Real=0.10s
[2024-06-17T14:30:56.251+0300][gc,marking    ] GC(39) Concurrent Rebuild Remembered Sets
[2024-06-17T14:30:56.291+0300][gc,marking    ] GC(39) Concurrent Rebuild Remembered Sets 39.502ms
[2024-06-17T14:30:56.292+0300][gc,start      ] GC(39) Pause Cleanup
[2024-06-17T14:30:56.292+0300][gc            ] GC(39) Pause Cleanup 185M->185M(1024M) 0.309ms
[2024-06-17T14:30:56.292+0300][gc,cpu        ] GC(39) User=0.01s Sys=0.00s Real=0.00s
[2024-06-17T14:30:56.293+0300][gc,marking    ] GC(39) Concurrent Cleanup for Next Mark
[2024-06-17T14:30:56.295+0300][gc,marking    ] GC(39) Concurrent Cleanup for Next Mark 2.679ms
[2024-06-17T14:30:56.295+0300][gc            ] GC(39) Concurrent Cycle 260.573ms
[2024-06-17T14:31:15.464+0300][gc,start      ] GC(40) Pause Young (Concurrent Start) (G1 Humongous Allocation)
[2024-06-17T14:31:15.464+0300][gc,task       ] GC(40) Using 4 workers of 4 for evacuation
[2024-06-17T14:31:15.470+0300][gc,phases     ] GC(40)   Pre Evacuate Collection Set: 0.4ms
[2024-06-17T14:31:15.470+0300][gc,phases     ] GC(40)   Evacuate Collection Set: 4.5ms
[2024-06-17T14:31:15.470+0300][gc,phases     ] GC(40)   Post Evacuate Collection Set: 0.6ms
[2024-06-17T14:31:15.470+0300][gc,phases     ] GC(40)   Other: 0.4ms
[2024-06-17T14:31:15.470+0300][gc,heap       ] GC(40) Eden regions: 5->0(48)
[2024-06-17T14:31:15.470+0300][gc,heap       ] GC(40) Survivor regions: 4->3(7)
[2024-06-17T14:31:15.470+0300][gc,heap       ] GC(40) Old regions: 50->50
[2024-06-17T14:31:15.470+0300][gc,heap       ] GC(40) Humongous regions: 308->129
[2024-06-17T14:31:15.470+0300][gc,metaspace  ] GC(40) Metaspace: 47203K(50304K)->47203K(50304K) NonClass: 41144K(42752K)->41144K(42752K) Class: 6058K(7552K)->6058K(7552K)
[2024-06-17T14:31:15.470+0300][gc            ] GC(40) Pause Young (Concurrent Start) (G1 Humongous Allocation) 364M->179M(1024M) 6.048ms
[2024-06-17T14:31:15.470+0300][gc,cpu        ] GC(40) User=0.00s Sys=0.01s Real=0.01s
[2024-06-17T14:31:15.471+0300][gc            ] GC(41) Concurrent Cycle
[2024-06-17T14:31:15.471+0300][gc,marking    ] GC(41) Concurrent Clear Claimed Marks
[2024-06-17T14:31:15.471+0300][gc,marking    ] GC(41) Concurrent Clear Claimed Marks 0.081ms
[2024-06-17T14:31:15.471+0300][gc,marking    ] GC(41) Concurrent Scan Root Regions
[2024-06-17T14:31:15.472+0300][gc,marking    ] GC(41) Concurrent Scan Root Regions 1.487ms
[2024-06-17T14:31:15.472+0300][gc,marking    ] GC(41) Concurrent Mark (7048.797s)
[2024-06-17T14:31:15.472+0300][gc,marking    ] GC(41) Concurrent Mark From Roots
[2024-06-17T14:31:15.472+0300][gc,task       ] GC(41) Using 1 workers of 1 for marking
[2024-06-17T14:31:15.493+0300][gc,marking    ] GC(41) Concurrent Mark From Roots 20.446ms
[2024-06-17T14:31:15.493+0300][gc,marking    ] GC(41) Concurrent Preclean
[2024-06-17T14:31:15.493+0300][gc,marking    ] GC(41) Concurrent Preclean 0.233ms
[2024-06-17T14:31:15.493+0300][gc,marking    ] GC(41) Concurrent Mark (7048.797s, 7048.818s) 20.974ms
[2024-06-17T14:31:15.494+0300][gc,start      ] GC(41) Pause Remark
[2024-06-17T14:31:15.591+0300][gc,stringtable] GC(41) Cleaned string and symbol table, strings: 14883 processed, 0 removed, symbols: 99177 processed, 0 removed
[2024-06-17T14:31:15.591+0300][gc,mmu        ] GC(41) MMU target violated: 21.0ms (20.0ms/21.0ms)
[2024-06-17T14:31:15.591+0300][gc            ] GC(41) Pause Remark 181M->181M(1024M) 97.842ms
[2024-06-17T14:31:15.591+0300][gc,cpu        ] GC(41) User=0.06s Sys=0.04s Real=0.10s
[2024-06-17T14:31:15.592+0300][gc,marking    ] GC(41) Concurrent Rebuild Remembered Sets
[2024-06-17T14:31:15.660+0300][gc,marking    ] GC(41) Concurrent Rebuild Remembered Sets 68.377ms
[2024-06-17T14:31:15.662+0300][gc,start      ] GC(41) Pause Cleanup
[2024-06-17T14:31:15.670+0300][gc            ] GC(41) Pause Cleanup 182M->182M(1024M) 8.700ms
[2024-06-17T14:31:15.670+0300][gc,cpu        ] GC(41) User=0.00s Sys=0.00s Real=0.00s
[2024-06-17T14:31:15.671+0300][gc,marking    ] GC(41) Concurrent Cleanup for Next Mark
[2024-06-17T14:31:15.673+0300][gc,marking    ] GC(41) Concurrent Cleanup for Next Mark 2.398ms
[2024-06-17T14:31:15.673+0300][gc            ] GC(41) Concurrent Cycle 202.846ms
[2024-06-17T14:31:39.609+0300][gc,start      ] GC(42) Pause Young (Concurrent Start) (G1 Humongous Allocation)
[2024-06-17T14:31:39.609+0300][gc,task       ] GC(42) Using 4 workers of 4 for evacuation
[2024-06-17T14:31:39.617+0300][gc,phases     ] GC(42)   Pre Evacuate Collection Set: 0.6ms
[2024-06-17T14:31:39.618+0300][gc,phases     ] GC(42)   Evacuate Collection Set: 6.5ms
[2024-06-17T14:31:39.618+0300][gc,phases     ] GC(42)   Post Evacuate Collection Set: 0.9ms
[2024-06-17T14:31:39.618+0300][gc,phases     ] GC(42)   Other: 0.6ms
[2024-06-17T14:31:39.618+0300][gc,heap       ] GC(42) Eden regions: 5->0(48)
[2024-06-17T14:31:39.618+0300][gc,heap       ] GC(42) Survivor regions: 3->3(7)
[2024-06-17T14:31:39.618+0300][gc,heap       ] GC(42) Old regions: 50->50
[2024-06-17T14:31:39.619+0300][gc,heap       ] GC(42) Humongous regions: 308->129
[2024-06-17T14:31:39.619+0300][gc,metaspace  ] GC(42) Metaspace: 47203K(50304K)->47203K(50304K) NonClass: 41144K(42752K)->41144K(42752K) Class: 6058K(7552K)->6058K(7552K)
[2024-06-17T14:31:39.619+0300][gc            ] GC(42) Pause Young (Concurrent Start) (G1 Humongous Allocation) 363M->179M(1024M) 10.206ms
[2024-06-17T14:31:39.619+0300][gc,cpu        ] GC(42) User=0.00s Sys=0.01s Real=0.01s
[2024-06-17T14:31:39.619+0300][gc            ] GC(43) Concurrent Cycle
[2024-06-17T14:31:39.619+0300][gc,marking    ] GC(43) Concurrent Clear Claimed Marks
[2024-06-17T14:31:39.620+0300][gc,marking    ] GC(43) Concurrent Clear Claimed Marks 0.088ms
[2024-06-17T14:31:39.620+0300][gc,marking    ] GC(43) Concurrent Scan Root Regions
[2024-06-17T14:31:39.621+0300][gc,marking    ] GC(43) Concurrent Scan Root Regions 1.899ms
[2024-06-17T14:31:39.621+0300][gc,marking    ] GC(43) Concurrent Mark (7072.946s)
[2024-06-17T14:31:39.622+0300][gc,marking    ] GC(43) Concurrent Mark From Roots
[2024-06-17T14:31:39.622+0300][gc,task       ] GC(43) Using 1 workers of 1 for marking
[2024-06-17T14:31:39.649+0300][gc,marking    ] GC(43) Concurrent Mark From Roots 27.241ms
[2024-06-17T14:31:39.649+0300][gc,marking    ] GC(43) Concurrent Preclean
[2024-06-17T14:31:39.649+0300][gc,marking    ] GC(43) Concurrent Preclean 0.149ms
[2024-06-17T14:31:39.649+0300][gc,marking    ] GC(43) Concurrent Mark (7072.946s, 7072.974s) 27.509ms
[2024-06-17T14:31:39.650+0300][gc,start      ] GC(43) Pause Remark
[2024-06-17T14:31:39.660+0300][gc,stringtable] GC(43) Cleaned string and symbol table, strings: 14894 processed, 0 removed, symbols: 99177 processed, 0 removed
[2024-06-17T14:31:39.661+0300][gc            ] GC(43) Pause Remark 180M->180M(1024M) 11.103ms
[2024-06-17T14:31:39.661+0300][gc,cpu        ] GC(43) User=0.02s Sys=0.01s Real=0.01s
[2024-06-17T14:31:39.661+0300][gc,marking    ] GC(43) Concurrent Rebuild Remembered Sets
[2024-06-17T14:31:39.677+0300][gc,marking    ] GC(43) Concurrent Rebuild Remembered Sets 16.033ms
[2024-06-17T14:31:39.678+0300][gc,start      ] GC(43) Pause Cleanup
[2024-06-17T14:31:39.678+0300][gc            ] GC(43) Pause Cleanup 180M->180M(1024M) 0.349ms
[2024-06-17T14:31:39.679+0300][gc,cpu        ] GC(43) User=0.00s Sys=0.00s Real=0.00s
[2024-06-17T14:31:39.679+0300][gc,marking    ] GC(43) Concurrent Cleanup for Next Mark
[2024-06-17T14:31:39.681+0300][gc,marking    ] GC(43) Concurrent Cleanup for Next Mark 2.206ms
[2024-06-17T14:31:39.681+0300][gc            ] GC(43) Concurrent Cycle 61.918ms
[2024-06-17T14:34:18.620+0300][gc,start      ] GC(44) Pause Young (Concurrent Start) (G1 Humongous Allocation)
[2024-06-17T14:34:18.620+0300][gc,task       ] GC(44) Using 4 workers of 4 for evacuation
[2024-06-17T14:34:18.676+0300][gc,mmu        ] GC(44) MMU target violated: 21.0ms (20.0ms/21.0ms)
[2024-06-17T14:34:18.677+0300][gc,phases     ] GC(44)   Pre Evacuate Collection Set: 0.4ms
[2024-06-17T14:34:18.677+0300][gc,phases     ] GC(44)   Evacuate Collection Set: 54.0ms
[2024-06-17T14:34:18.677+0300][gc,phases     ] GC(44)   Post Evacuate Collection Set: 2.4ms
[2024-06-17T14:34:18.677+0300][gc,phases     ] GC(44)   Other: 0.4ms
[2024-06-17T14:34:18.677+0300][gc,heap       ] GC(44) Eden regions: 22->0(44)
[2024-06-17T14:34:18.677+0300][gc,heap       ] GC(44) Survivor regions: 3->7(7)
[2024-06-17T14:34:18.677+0300][gc,heap       ] GC(44) Old regions: 50->50
[2024-06-17T14:34:18.677+0300][gc,heap       ] GC(44) Humongous regions: 308->129
[2024-06-17T14:34:18.677+0300][gc,metaspace  ] GC(44) Metaspace: 47208K(50304K)->47208K(50304K) NonClass: 41149K(42752K)->41149K(42752K) Class: 6058K(7552K)->6058K(7552K)
[2024-06-17T14:34:18.677+0300][gc            ] GC(44) Pause Young (Concurrent Start) (G1 Humongous Allocation) 379M->183M(1024M) 57.120ms
[2024-06-17T14:34:18.677+0300][gc,cpu        ] GC(44) User=0.01s Sys=0.01s Real=0.06s
[2024-06-17T14:34:18.678+0300][gc            ] GC(45) Concurrent Cycle
[2024-06-17T14:34:18.679+0300][gc,marking    ] GC(45) Concurrent Clear Claimed Marks
[2024-06-17T14:34:18.679+0300][gc,marking    ] GC(45) Concurrent Clear Claimed Marks 0.377ms
[2024-06-17T14:34:18.679+0300][gc,marking    ] GC(45) Concurrent Scan Root Regions
[2024-06-17T14:34:18.713+0300][gc,marking    ] GC(45) Concurrent Scan Root Regions 33.515ms
[2024-06-17T14:34:18.713+0300][gc,marking    ] GC(45) Concurrent Mark (7232.038s)
[2024-06-17T14:34:18.713+0300][gc,marking    ] GC(45) Concurrent Mark From Roots
[2024-06-17T14:34:18.713+0300][gc,task       ] GC(45) Using 1 workers of 1 for marking
[2024-06-17T14:34:18.759+0300][gc,marking    ] GC(45) Concurrent Mark From Roots 45.504ms
[2024-06-17T14:34:18.759+0300][gc,marking    ] GC(45) Concurrent Preclean
[2024-06-17T14:34:18.759+0300][gc,marking    ] GC(45) Concurrent Preclean 0.236ms
[2024-06-17T14:34:18.759+0300][gc,marking    ] GC(45) Concurrent Mark (7232.038s, 7232.084s) 45.888ms
[2024-06-17T14:34:18.760+0300][gc,start      ] GC(45) Pause Remark
[2024-06-17T14:34:18.789+0300][gc,stringtable] GC(45) Cleaned string and symbol table, strings: 14916 processed, 0 removed, symbols: 99177 processed, 0 removed
[2024-06-17T14:34:18.799+0300][gc,mmu        ] GC(45) MMU target violated: 21.0ms (20.0ms/21.0ms)
[2024-06-17T14:34:18.799+0300][gc            ] GC(45) Pause Remark 185M->185M(1024M) 38.461ms
[2024-06-17T14:34:18.799+0300][gc,cpu        ] GC(45) User=0.01s Sys=0.02s Real=0.04s
[2024-06-17T14:34:18.799+0300][gc,marking    ] GC(45) Concurrent Rebuild Remembered Sets
[2024-06-17T14:34:18.818+0300][gc,marking    ] GC(45) Concurrent Rebuild Remembered Sets 18.846ms
[2024-06-17T14:34:18.819+0300][gc,start      ] GC(45) Pause Cleanup
[2024-06-17T14:34:18.819+0300][gc            ] GC(45) Pause Cleanup 185M->185M(1024M) 0.191ms
[2024-06-17T14:34:18.819+0300][gc,cpu        ] GC(45) User=0.00s Sys=0.00s Real=0.00s
[2024-06-17T14:34:18.819+0300][gc,marking    ] GC(45) Concurrent Cleanup for Next Mark
[2024-06-17T14:34:18.829+0300][gc,marking    ] GC(45) Concurrent Cleanup for Next Mark 9.925ms
[2024-06-17T14:34:18.829+0300][gc            ] GC(45) Concurrent Cycle 151.093ms
[2024-06-17T14:36:54.893+0300][gc,start      ] GC(46) Pause Young (Concurrent Start) (G1 Humongous Allocation)
[2024-06-17T14:36:54.893+0300][gc,task       ] GC(46) Using 4 workers of 4 for evacuation
[2024-06-17T14:36:54.992+0300][gc,mmu        ] GC(46) MMU target violated: 21.0ms (20.0ms/21.0ms)
[2024-06-17T14:36:54.992+0300][gc,phases     ] GC(46)   Pre Evacuate Collection Set: 0.9ms
[2024-06-17T14:36:54.992+0300][gc,phases     ] GC(46)   Evacuate Collection Set: 95.6ms
[2024-06-17T14:36:54.992+0300][gc,phases     ] GC(46)   Post Evacuate Collection Set: 1.1ms
[2024-06-17T14:36:54.992+0300][gc,phases     ] GC(46)   Other: 1.4ms
[2024-06-17T14:36:54.992+0300][gc,heap       ] GC(46) Eden regions: 18->0(49)
[2024-06-17T14:36:54.992+0300][gc,heap       ] GC(46) Survivor regions: 7->2(7)
[2024-06-17T14:36:54.992+0300][gc,heap       ] GC(46) Old regions: 50->55
[2024-06-17T14:36:54.992+0300][gc,heap       ] GC(46) Humongous regions: 308->129
[2024-06-17T14:36:54.992+0300][gc,metaspace  ] GC(46) Metaspace: 47208K(50304K)->47208K(50304K) NonClass: 41150K(42752K)->41150K(42752K) Class: 6058K(7552K)->6058K(7552K)
[2024-06-17T14:36:54.992+0300][gc            ] GC(46) Pause Young (Concurrent Start) (G1 Humongous Allocation) 380M->184M(1024M) 98.926ms
[2024-06-17T14:36:54.992+0300][gc,cpu        ] GC(46) User=0.05s Sys=0.02s Real=0.10s
[2024-06-17T14:36:54.992+0300][gc            ] GC(47) Concurrent Cycle
[2024-06-17T14:36:54.992+0300][gc,marking    ] GC(47) Concurrent Clear Claimed Marks
[2024-06-17T14:36:54.993+0300][gc,marking    ] GC(47) Concurrent Clear Claimed Marks 0.292ms
[2024-06-17T14:36:54.993+0300][gc,marking    ] GC(47) Concurrent Scan Root Regions
[2024-06-17T14:36:54.994+0300][gc,marking    ] GC(47) Concurrent Scan Root Regions 1.033ms
[2024-06-17T14:36:54.994+0300][gc,marking    ] GC(47) Concurrent Mark (7388.318s)
[2024-06-17T14:36:54.994+0300][gc,marking    ] GC(47) Concurrent Mark From Roots
[2024-06-17T14:36:54.994+0300][gc,task       ] GC(47) Using 1 workers of 1 for marking
[2024-06-17T14:36:55.053+0300][gc,marking    ] GC(47) Concurrent Mark From Roots 59.272ms
[2024-06-17T14:36:55.053+0300][gc,marking    ] GC(47) Concurrent Preclean
[2024-06-17T14:36:55.053+0300][gc,marking    ] GC(47) Concurrent Preclean 0.203ms
[2024-06-17T14:36:55.053+0300][gc,marking    ] GC(47) Concurrent Mark (7388.318s, 7388.378s) 59.570ms
[2024-06-17T14:36:55.054+0300][gc,start      ] GC(47) Pause Remark
[2024-06-17T14:36:55.321+0300][gc,stringtable] GC(47) Cleaned string and symbol table, strings: 14927 processed, 0 removed, symbols: 99177 processed, 0 removed
[2024-06-17T14:36:55.326+0300][gc,mmu        ] GC(47) MMU target violated: 21.0ms (20.0ms/21.0ms)
[2024-06-17T14:36:55.326+0300][gc            ] GC(47) Pause Remark 186M->186M(1024M) 271.823ms
[2024-06-17T14:36:55.326+0300][gc,cpu        ] GC(47) User=0.02s Sys=0.05s Real=0.27s
[2024-06-17T14:36:55.327+0300][gc,marking    ] GC(47) Concurrent Rebuild Remembered Sets
[2024-06-17T14:36:55.354+0300][gc,marking    ] GC(47) Concurrent Rebuild Remembered Sets 27.277ms
[2024-06-17T14:36:55.409+0300][gc,start      ] GC(47) Pause Cleanup
[2024-06-17T14:36:55.409+0300][gc            ] GC(47) Pause Cleanup 186M->186M(1024M) 0.271ms
[2024-06-17T14:36:55.409+0300][gc,cpu        ] GC(47) User=0.00s Sys=0.00s Real=0.00s
[2024-06-17T14:36:55.413+0300][gc,marking    ] GC(47) Concurrent Cleanup for Next Mark
[2024-06-17T14:36:55.416+0300][gc,marking    ] GC(47) Concurrent Cleanup for Next Mark 3.131ms
[2024-06-17T14:36:55.417+0300][gc            ] GC(47) Concurrent Cycle 424.215ms
[2024-06-17T14:41:08.220+0300][gc,start      ] GC(48) Pause Young (Concurrent Start) (G1 Humongous Allocation)
[2024-06-17T14:41:08.221+0300][gc,task       ] GC(48) Using 4 workers of 4 for evacuation
[2024-06-17T14:41:08.234+0300][gc,phases     ] GC(48)   Pre Evacuate Collection Set: 0.5ms
[2024-06-17T14:41:08.234+0300][gc,phases     ] GC(48)   Evacuate Collection Set: 12.1ms
[2024-06-17T14:41:08.234+0300][gc,phases     ] GC(48)   Post Evacuate Collection Set: 0.5ms
[2024-06-17T14:41:08.234+0300][gc,phases     ] GC(48)   Other: 0.5ms
[2024-06-17T14:41:08.235+0300][gc,heap       ] GC(48) Eden regions: 22->0(48)
[2024-06-17T14:41:08.235+0300][gc,heap       ] GC(48) Survivor regions: 2->3(7)
[2024-06-17T14:41:08.235+0300][gc,heap       ] GC(48) Old regions: 55->55
[2024-06-17T14:41:08.235+0300][gc,heap       ] GC(48) Humongous regions: 303->129
[2024-06-17T14:41:08.235+0300][gc,metaspace  ] GC(48) Metaspace: 47215K(50304K)->47215K(50304K) NonClass: 41157K(42752K)->41157K(42752K) Class: 6058K(7552K)->6058K(7552K)
[2024-06-17T14:41:08.235+0300][gc            ] GC(48) Pause Young (Concurrent Start) (G1 Humongous Allocation) 379M->185M(1024M) 14.611ms
[2024-06-17T14:41:08.235+0300][gc,cpu        ] GC(48) User=0.01s Sys=0.01s Real=0.00s
[2024-06-17T14:41:08.235+0300][gc            ] GC(49) Concurrent Cycle
[2024-06-17T14:41:08.236+0300][gc,marking    ] GC(49) Concurrent Clear Claimed Marks
[2024-06-17T14:41:08.236+0300][gc,marking    ] GC(49) Concurrent Clear Claimed Marks 0.246ms
[2024-06-17T14:41:08.236+0300][gc,marking    ] GC(49) Concurrent Scan Root Regions
[2024-06-17T14:41:08.242+0300][gc,marking    ] GC(49) Concurrent Scan Root Regions 6.155ms
[2024-06-17T14:41:08.242+0300][gc,marking    ] GC(49) Concurrent Mark (7641.567s)
[2024-06-17T14:41:08.249+0300][gc,marking    ] GC(49) Concurrent Mark From Roots
[2024-06-17T14:41:08.249+0300][gc,task       ] GC(49) Using 1 workers of 1 for marking
[2024-06-17T14:41:08.382+0300][gc,marking    ] GC(49) Concurrent Mark From Roots 133.222ms
[2024-06-17T14:41:08.389+0300][gc,marking    ] GC(49) Concurrent Preclean
[2024-06-17T14:41:08.389+0300][gc,marking    ] GC(49) Concurrent Preclean 0.319ms
[2024-06-17T14:41:08.391+0300][gc,marking    ] GC(49) Concurrent Mark (7641.567s, 7641.716s) 149.122ms
[2024-06-17T14:41:08.415+0300][gc,start      ] GC(49) Pause Remark
[2024-06-17T14:41:08.497+0300][gc,stringtable] GC(49) Cleaned string and symbol table, strings: 14942 processed, 1 removed, symbols: 99177 processed, 0 removed
[2024-06-17T14:41:08.497+0300][gc,mmu        ] GC(49) MMU target violated: 21.0ms (20.0ms/21.0ms)
[2024-06-17T14:41:08.497+0300][gc            ] GC(49) Pause Remark 187M->187M(1024M) 82.618ms
[2024-06-17T14:41:08.497+0300][gc,cpu        ] GC(49) User=0.04s Sys=0.00s Real=0.09s
[2024-06-17T14:41:08.498+0300][gc,marking    ] GC(49) Concurrent Rebuild Remembered Sets
[2024-06-17T14:41:08.519+0300][gc,marking    ] GC(49) Concurrent Rebuild Remembered Sets 21.024ms
[2024-06-17T14:41:08.519+0300][gc,start      ] GC(49) Pause Cleanup
[2024-06-17T14:41:08.519+0300][gc            ] GC(49) Pause Cleanup 188M->188M(1024M) 0.228ms
[2024-06-17T14:41:08.519+0300][gc,cpu        ] GC(49) User=0.00s Sys=0.00s Real=0.00s
[2024-06-17T14:41:08.519+0300][gc,marking    ] GC(49) Concurrent Cleanup for Next Mark
[2024-06-17T14:41:08.521+0300][gc,marking    ] GC(49) Concurrent Cleanup for Next Mark 1.781ms
[2024-06-17T14:41:08.521+0300][gc            ] GC(49) Concurrent Cycle 285.813ms
[2024-06-17T14:41:29.265+0300][gc,start      ] GC(50) Pause Young (Concurrent Start) (G1 Humongous Allocation)
[2024-06-17T14:41:29.265+0300][gc,task       ] GC(50) Using 4 workers of 4 for evacuation
[2024-06-17T14:41:29.277+0300][gc,phases     ] GC(50)   Pre Evacuate Collection Set: 0.5ms
[2024-06-17T14:41:29.277+0300][gc,phases     ] GC(50)   Evacuate Collection Set: 10.9ms
[2024-06-17T14:41:29.278+0300][gc,phases     ] GC(50)   Post Evacuate Collection Set: 0.5ms
[2024-06-17T14:41:29.278+0300][gc,phases     ] GC(50)   Other: 0.6ms
[2024-06-17T14:41:29.278+0300][gc,heap       ] GC(50) Eden regions: 5->0(48)
[2024-06-17T14:41:29.278+0300][gc,heap       ] GC(50) Survivor regions: 3->3(7)
[2024-06-17T14:41:29.278+0300][gc,heap       ] GC(50) Old regions: 55->55
[2024-06-17T14:41:29.278+0300][gc,heap       ] GC(50) Humongous regions: 303->129
[2024-06-17T14:41:29.278+0300][gc,metaspace  ] GC(50) Metaspace: 47215K(50304K)->47215K(50304K) NonClass: 41157K(42752K)->41157K(42752K) Class: 6058K(7552K)->6058K(7552K)
[2024-06-17T14:41:29.278+0300][gc            ] GC(50) Pause Young (Concurrent Start) (G1 Humongous Allocation) 363M->185M(1024M) 12.650ms
[2024-06-17T14:41:29.278+0300][gc,cpu        ] GC(50) User=0.00s Sys=0.01s Real=0.06s
[2024-06-17T14:41:29.278+0300][gc            ] GC(51) Concurrent Cycle
[2024-06-17T14:41:29.278+0300][gc,marking    ] GC(51) Concurrent Clear Claimed Marks
[2024-06-17T14:41:29.279+0300][gc,marking    ] GC(51) Concurrent Clear Claimed Marks 1.441ms
[2024-06-17T14:41:29.280+0300][gc,marking    ] GC(51) Concurrent Scan Root Regions
[2024-06-17T14:41:29.295+0300][gc,marking    ] GC(51) Concurrent Scan Root Regions 15.695ms
[2024-06-17T14:41:29.295+0300][gc,marking    ] GC(51) Concurrent Mark (7662.620s)
[2024-06-17T14:41:29.295+0300][gc,marking    ] GC(51) Concurrent Mark From Roots
[2024-06-17T14:41:29.295+0300][gc,task       ] GC(51) Using 1 workers of 1 for marking
[2024-06-17T14:41:29.391+0300][gc,marking    ] GC(51) Concurrent Mark From Roots 95.480ms
[2024-06-17T14:41:29.392+0300][gc,marking    ] GC(51) Concurrent Preclean
[2024-06-17T14:41:29.393+0300][gc,marking    ] GC(51) Concurrent Preclean 0.247ms
[2024-06-17T14:41:29.393+0300][gc,marking    ] GC(51) Concurrent Mark (7662.620s, 7662.717s) 97.191ms
[2024-06-17T14:41:29.403+0300][gc,start      ] GC(51) Pause Remark
[2024-06-17T14:41:29.429+0300][gc,stringtable] GC(51) Cleaned string and symbol table, strings: 14952 processed, 0 removed, symbols: 99177 processed, 0 removed
[2024-06-17T14:41:29.431+0300][gc,mmu        ] GC(51) MMU target violated: 21.0ms (20.0ms/21.0ms)
[2024-06-17T14:41:29.431+0300][gc            ] GC(51) Pause Remark 186M->186M(1024M) 28.395ms
[2024-06-17T14:41:29.431+0300][gc,cpu        ] GC(51) User=0.01s Sys=0.01s Real=0.03s
[2024-06-17T14:41:29.432+0300][gc,marking    ] GC(51) Concurrent Rebuild Remembered Sets
[2024-06-17T14:41:29.469+0300][gc,marking    ] GC(51) Concurrent Rebuild Remembered Sets 37.654ms
[2024-06-17T14:41:29.470+0300][gc,start      ] GC(51) Pause Cleanup
[2024-06-17T14:41:29.471+0300][gc            ] GC(51) Pause Cleanup 188M->188M(1024M) 0.841ms
[2024-06-17T14:41:29.471+0300][gc,cpu        ] GC(51) User=0.00s Sys=0.00s Real=0.00s
[2024-06-17T14:41:29.471+0300][gc,marking    ] GC(51) Concurrent Cleanup for Next Mark
[2024-06-17T14:41:29.473+0300][gc,marking    ] GC(51) Concurrent Cleanup for Next Mark 2.174ms
[2024-06-17T14:41:29.473+0300][gc            ] GC(51) Concurrent Cycle 195.377ms
[2024-06-17T14:42:21.808+0300][gc,start      ] GC(52) Pause Young (Concurrent Start) (G1 Humongous Allocation)
[2024-06-17T14:42:21.808+0300][gc,task       ] GC(52) Using 4 workers of 4 for evacuation
[2024-06-17T14:42:21.891+0300][gc,mmu        ] GC(52) MMU target violated: 21.0ms (20.0ms/21.0ms)
[2024-06-17T14:42:21.892+0300][gc,phases     ] GC(52)   Pre Evacuate Collection Set: 0.4ms
[2024-06-17T14:42:21.892+0300][gc,phases     ] GC(52)   Evacuate Collection Set: 72.1ms
[2024-06-17T14:42:21.892+0300][gc,phases     ] GC(52)   Post Evacuate Collection Set: 8.7ms
[2024-06-17T14:42:21.892+0300][gc,phases     ] GC(52)   Other: 2.9ms
[2024-06-17T14:42:21.892+0300][gc,heap       ] GC(52) Eden regions: 6->0(47)
[2024-06-17T14:42:21.892+0300][gc,heap       ] GC(52) Survivor regions: 3->4(7)
[2024-06-17T14:42:21.892+0300][gc,heap       ] GC(52) Old regions: 55->55
[2024-06-17T14:42:21.892+0300][gc,heap       ] GC(52) Humongous regions: 303->129
[2024-06-17T14:42:21.892+0300][gc,metaspace  ] GC(52) Metaspace: 47233K(50560K)->47233K(50560K) NonClass: 41175K(43008K)->41175K(43008K) Class: 6058K(7552K)->6058K(7552K)
[2024-06-17T14:42:21.892+0300][gc            ] GC(52) Pause Young (Concurrent Start) (G1 Humongous Allocation) 365M->185M(1024M) 84.048ms
[2024-06-17T14:42:21.892+0300][gc,cpu        ] GC(52) User=0.00s Sys=0.02s Real=0.08s
[2024-06-17T14:42:21.892+0300][gc            ] GC(53) Concurrent Cycle
[2024-06-17T14:42:21.892+0300][gc,marking    ] GC(53) Concurrent Clear Claimed Marks
[2024-06-17T14:42:21.892+0300][gc,marking    ] GC(53) Concurrent Clear Claimed Marks 0.346ms
[2024-06-17T14:42:21.892+0300][gc,marking    ] GC(53) Concurrent Scan Root Regions
[2024-06-17T14:42:21.895+0300][gc,marking    ] GC(53) Concurrent Scan Root Regions 2.806ms
[2024-06-17T14:42:21.895+0300][gc,marking    ] GC(53) Concurrent Mark (7715.220s)
[2024-06-17T14:42:21.895+0300][gc,marking    ] GC(53) Concurrent Mark From Roots
[2024-06-17T14:42:21.895+0300][gc,task       ] GC(53) Using 1 workers of 1 for marking
[2024-06-17T14:42:22.021+0300][gc,marking    ] GC(53) Concurrent Mark From Roots 126.136ms
[2024-06-17T14:42:22.021+0300][gc,marking    ] GC(53) Concurrent Preclean
[2024-06-17T14:42:22.022+0300][gc,marking    ] GC(53) Concurrent Preclean 0.178ms
[2024-06-17T14:42:22.022+0300][gc,marking    ] GC(53) Concurrent Mark (7715.220s, 7715.346s) 126.571ms
[2024-06-17T14:42:22.022+0300][gc,start      ] GC(53) Pause Remark
[2024-06-17T14:42:22.181+0300][gc,stringtable] GC(53) Cleaned string and symbol table, strings: 15000 processed, 0 removed, symbols: 99177 processed, 0 removed
[2024-06-17T14:42:22.181+0300][gc,mmu        ] GC(53) MMU target violated: 21.0ms (20.0ms/21.0ms)
[2024-06-17T14:42:22.181+0300][gc            ] GC(53) Pause Remark 186M->186M(1024M) 159.366ms
[2024-06-17T14:42:22.181+0300][gc,cpu        ] GC(53) User=0.03s Sys=0.00s Real=0.16s
[2024-06-17T14:42:22.189+0300][gc,marking    ] GC(53) Concurrent Rebuild Remembered Sets
[2024-06-17T14:42:22.261+0300][gc,marking    ] GC(53) Concurrent Rebuild Remembered Sets 71.826ms
[2024-06-17T14:42:22.263+0300][gc,start      ] GC(53) Pause Cleanup
[2024-06-17T14:42:22.263+0300][gc            ] GC(53) Pause Cleanup 187M->187M(1024M) 0.221ms
[2024-06-17T14:42:22.263+0300][gc,cpu        ] GC(53) User=0.00s Sys=0.00s Real=0.00s
[2024-06-17T14:42:22.263+0300][gc,marking    ] GC(53) Concurrent Cleanup for Next Mark
[2024-06-17T14:42:22.267+0300][gc,marking    ] GC(53) Concurrent Cleanup for Next Mark 3.513ms
[2024-06-17T14:42:22.267+0300][gc            ] GC(53) Concurrent Cycle 375.150ms
[2024-06-17T14:43:34.377+0300][gc,start      ] GC(54) Pause Young (Concurrent Start) (G1 Humongous Allocation)
[2024-06-17T14:43:34.381+0300][gc,task       ] GC(54) Using 4 workers of 4 for evacuation
[2024-06-17T14:43:34.414+0300][gc,mmu        ] GC(54) MMU target violated: 21.0ms (20.0ms/21.0ms)
[2024-06-17T14:43:34.414+0300][gc,phases     ] GC(54)   Pre Evacuate Collection Set: 0.4ms
[2024-06-17T14:43:34.414+0300][gc,phases     ] GC(54)   Evacuate Collection Set: 31.4ms
[2024-06-17T14:43:34.414+0300][gc,phases     ] GC(54)   Post Evacuate Collection Set: 0.4ms
[2024-06-17T14:43:34.414+0300][gc,phases     ] GC(54)   Other: 4.1ms
[2024-06-17T14:43:34.414+0300][gc,heap       ] GC(54) Eden regions: 9->0(47)
[2024-06-17T14:43:34.414+0300][gc,heap       ] GC(54) Survivor regions: 4->4(7)
[2024-06-17T14:43:34.414+0300][gc,heap       ] GC(54) Old regions: 55->55
[2024-06-17T14:43:34.414+0300][gc,heap       ] GC(54) Humongous regions: 303->129
[2024-06-17T14:43:34.414+0300][gc,metaspace  ] GC(54) Metaspace: 47233K(50560K)->47233K(50560K) NonClass: 41175K(43008K)->41175K(43008K) Class: 6058K(7552K)->6058K(7552K)
[2024-06-17T14:43:34.414+0300][gc            ] GC(54) Pause Young (Concurrent Start) (G1 Humongous Allocation) 368M->186M(1024M) 36.352ms
[2024-06-17T14:43:34.414+0300][gc,cpu        ] GC(54) User=0.02s Sys=0.02s Real=0.03s
[2024-06-17T14:43:34.420+0300][gc            ] GC(55) Concurrent Cycle
[2024-06-17T14:43:34.420+0300][gc,marking    ] GC(55) Concurrent Clear Claimed Marks
[2024-06-17T14:43:34.433+0300][gc,marking    ] GC(55) Concurrent Clear Claimed Marks 13.147ms
[2024-06-17T14:43:34.439+0300][gc,marking    ] GC(55) Concurrent Scan Root Regions
[2024-06-17T14:43:34.452+0300][gc,marking    ] GC(55) Concurrent Scan Root Regions 13.263ms
[2024-06-17T14:43:34.452+0300][gc,marking    ] GC(55) Concurrent Mark (7787.777s)
[2024-06-17T14:43:34.452+0300][gc,marking    ] GC(55) Concurrent Mark From Roots
[2024-06-17T14:43:34.452+0300][gc,task       ] GC(55) Using 1 workers of 1 for marking
[2024-06-17T14:43:34.561+0300][gc,marking    ] GC(55) Concurrent Mark From Roots 108.550ms
[2024-06-17T14:43:34.562+0300][gc,marking    ] GC(55) Concurrent Preclean
[2024-06-17T14:43:34.562+0300][gc,marking    ] GC(55) Concurrent Preclean 0.159ms
[2024-06-17T14:43:34.562+0300][gc,marking    ] GC(55) Concurrent Mark (7787.777s, 7787.887s) 109.885ms
[2024-06-17T14:43:34.574+0300][gc,start      ] GC(55) Pause Remark
[2024-06-17T14:43:34.589+0300][gc,stringtable] GC(55) Cleaned string and symbol table, strings: 15004 processed, 0 removed, symbols: 99177 processed, 0 removed
[2024-06-17T14:43:34.589+0300][gc            ] GC(55) Pause Remark 187M->187M(1024M) 15.075ms
[2024-06-17T14:43:34.589+0300][gc,cpu        ] GC(55) User=0.02s Sys=0.00s Real=0.02s
[2024-06-17T14:43:34.590+0300][gc,marking    ] GC(55) Concurrent Rebuild Remembered Sets
[2024-06-17T14:43:34.601+0300][gc,marking    ] GC(55) Concurrent Rebuild Remembered Sets 11.772ms
[2024-06-17T14:43:34.602+0300][gc,start      ] GC(55) Pause Cleanup
[2024-06-17T14:43:34.604+0300][gc            ] GC(55) Pause Cleanup 188M->188M(1024M) 2.039ms
[2024-06-17T14:43:34.604+0300][gc,cpu        ] GC(55) User=0.01s Sys=0.00s Real=0.00s
[2024-06-17T14:43:34.604+0300][gc,marking    ] GC(55) Concurrent Cleanup for Next Mark
[2024-06-17T14:43:34.605+0300][gc,marking    ] GC(55) Concurrent Cleanup for Next Mark 0.994ms
[2024-06-17T14:43:34.605+0300][gc            ] GC(55) Concurrent Cycle 185.111ms
[2024-06-17T14:46:20.801+0300][gc,start      ] GC(56) Pause Young (Concurrent Start) (G1 Humongous Allocation)
[2024-06-17T14:46:20.801+0300][gc,task       ] GC(56) Using 4 workers of 4 for evacuation
[2024-06-17T14:46:20.818+0300][gc,phases     ] GC(56)   Pre Evacuate Collection Set: 0.6ms
[2024-06-17T14:46:20.819+0300][gc,phases     ] GC(56)   Evacuate Collection Set: 14.2ms
[2024-06-17T14:46:20.819+0300][gc,phases     ] GC(56)   Post Evacuate Collection Set: 1.6ms
[2024-06-17T14:46:20.819+0300][gc,phases     ] GC(56)   Other: 0.8ms
[2024-06-17T14:46:20.819+0300][gc,heap       ] GC(56) Eden regions: 14->0(47)
[2024-06-17T14:46:20.819+0300][gc,heap       ] GC(56) Survivor regions: 4->4(7)
[2024-06-17T14:46:20.819+0300][gc,heap       ] GC(56) Old regions: 55->56
[2024-06-17T14:46:20.819+0300][gc,heap       ] GC(56) Humongous regions: 303->129
[2024-06-17T14:46:20.819+0300][gc,metaspace  ] GC(56) Metaspace: 47233K(50560K)->47233K(50560K) NonClass: 41175K(43008K)->41175K(43008K) Class: 6058K(7552K)->6058K(7552K)
[2024-06-17T14:46:20.819+0300][gc            ] GC(56) Pause Young (Concurrent Start) (G1 Humongous Allocation) 373M->187M(1024M) 17.623ms
[2024-06-17T14:46:20.819+0300][gc,cpu        ] GC(56) User=0.02s Sys=0.01s Real=0.02s
[2024-06-17T14:46:20.819+0300][gc            ] GC(57) Concurrent Cycle
[2024-06-17T14:46:20.819+0300][gc,marking    ] GC(57) Concurrent Clear Claimed Marks
[2024-06-17T14:46:20.819+0300][gc,marking    ] GC(57) Concurrent Clear Claimed Marks 0.420ms
[2024-06-17T14:46:20.819+0300][gc,marking    ] GC(57) Concurrent Scan Root Regions
[2024-06-17T14:46:20.821+0300][gc,marking    ] GC(57) Concurrent Scan Root Regions 2.066ms
[2024-06-17T14:46:20.821+0300][gc,marking    ] GC(57) Concurrent Mark (7954.146s)
[2024-06-17T14:46:20.821+0300][gc,marking    ] GC(57) Concurrent Mark From Roots
[2024-06-17T14:46:20.821+0300][gc,task       ] GC(57) Using 1 workers of 1 for marking
[2024-06-17T14:46:20.842+0300][gc,marking    ] GC(57) Concurrent Mark From Roots 20.961ms
[2024-06-17T14:46:20.842+0300][gc,marking    ] GC(57) Concurrent Preclean
[2024-06-17T14:46:20.843+0300][gc,marking    ] GC(57) Concurrent Preclean 0.310ms
[2024-06-17T14:46:20.843+0300][gc,marking    ] GC(57) Concurrent Mark (7954.146s, 7954.168s) 21.372ms
[2024-06-17T14:46:20.843+0300][gc,start      ] GC(57) Pause Remark
[2024-06-17T14:46:20.850+0300][gc,stringtable] GC(57) Cleaned string and symbol table, strings: 15004 processed, 0 removed, symbols: 99177 processed, 0 removed
[2024-06-17T14:46:20.851+0300][gc            ] GC(57) Pause Remark 188M->188M(1024M) 7.150ms
[2024-06-17T14:46:20.851+0300][gc,cpu        ] GC(57) User=0.01s Sys=0.01s Real=0.01s
[2024-06-17T14:46:20.851+0300][gc,marking    ] GC(57) Concurrent Rebuild Remembered Sets
[2024-06-17T14:46:20.863+0300][gc,marking    ] GC(57) Concurrent Rebuild Remembered Sets 11.719ms
[2024-06-17T14:46:20.863+0300][gc,start      ] GC(57) Pause Cleanup
[2024-06-17T14:46:20.863+0300][gc            ] GC(57) Pause Cleanup 188M->188M(1024M) 0.239ms
[2024-06-17T14:46:20.863+0300][gc,cpu        ] GC(57) User=0.00s Sys=0.00s Real=0.00s
[2024-06-17T14:46:20.863+0300][gc,marking    ] GC(57) Concurrent Cleanup for Next Mark
[2024-06-17T14:46:20.865+0300][gc,marking    ] GC(57) Concurrent Cleanup for Next Mark 1.539ms
[2024-06-17T14:46:20.865+0300][gc            ] GC(57) Concurrent Cycle 46.285ms
