[2024-06-15T15:58:22.324+0300][gc,heap] Heap region size: 1M
[2024-06-15T15:58:22.350+0300][gc     ] Using G1
[2024-06-15T15:58:22.350+0300][gc,heap,coops] Heap address: 0x00000000c0000000, size: 1024 MB, Compressed Oops mode: 32-bit
[2024-06-15T15:58:22.350+0300][gc,cds       ] Mark closed archive regions in map: [0x00000000fff00000, 0x00000000fff6bff8]
[2024-06-15T15:58:22.350+0300][gc,cds       ] Mark open archive regions in map: [0x00000000ffe00000, 0x00000000ffe47ff8]
[2024-06-15T15:58:24.088+0300][gc,start     ] GC(0) Pause Young (Normal) (G1 Evacuation Pause)
[2024-06-15T15:58:24.090+0300][gc,task      ] GC(0) Using 4 workers of 4 for evacuation
[2024-06-15T15:58:24.102+0300][gc,phases    ] GC(0)   Pre Evacuate Collection Set: 0.0ms
[2024-06-15T15:58:24.102+0300][gc,phases    ] GC(0)   Evacuate Collection Set: 10.7ms
[2024-06-15T15:58:24.103+0300][gc,phases    ] GC(0)   Post Evacuate Collection Set: 1.5ms
[2024-06-15T15:58:24.103+0300][gc,phases    ] GC(0)   Other: 1.8ms
[2024-06-15T15:58:24.103+0300][gc,heap      ] GC(0) Eden regions: 51->0(44)
[2024-06-15T15:58:24.103+0300][gc,heap      ] GC(0) Survivor regions: 0->7(7)
[2024-06-15T15:58:24.103+0300][gc,heap      ] GC(0) Old regions: 2->3
[2024-06-15T15:58:24.103+0300][gc,heap      ] GC(0) Humongous regions: 0->0
[2024-06-15T15:58:24.103+0300][gc,metaspace ] GC(0) Metaspace: 13904K(14592K)->13904K(14592K) NonClass: 12181K(12544K)->12181K(12544K) Class: 1723K(2048K)->1723K(2048K)
[2024-06-15T15:58:24.104+0300][gc           ] GC(0) Pause Young (Normal) (G1 Evacuation Pause) 51M->8M(1024M) 15.517ms
[2024-06-15T15:58:24.104+0300][gc,cpu       ] GC(0) User=0.02s Sys=0.02s Real=0.02s
[2024-06-15T15:58:25.725+0300][gc,start     ] GC(1) Pause Young (Concurrent Start) (Metadata GC Threshold)
[2024-06-15T15:58:25.726+0300][gc,task      ] GC(1) Using 4 workers of 4 for evacuation
[2024-06-15T15:58:25.738+0300][gc,phases    ] GC(1)   Pre Evacuate Collection Set: 0.1ms
[2024-06-15T15:58:25.738+0300][gc,phases    ] GC(1)   Evacuate Collection Set: 10.9ms
[2024-06-15T15:58:25.738+0300][gc,phases    ] GC(1)   Post Evacuate Collection Set: 0.7ms
[2024-06-15T15:58:25.738+0300][gc,phases    ] GC(1)   Other: 0.7ms
[2024-06-15T15:58:25.739+0300][gc,heap      ] GC(1) Eden regions: 32->0(49)
[2024-06-15T15:58:25.739+0300][gc,heap      ] GC(1) Survivor regions: 7->2(7)
[2024-06-15T15:58:25.739+0300][gc,heap      ] GC(1) Old regions: 3->10
[2024-06-15T15:58:25.739+0300][gc,heap      ] GC(1) Humongous regions: 0->0
[2024-06-15T15:58:25.740+0300][gc,metaspace ] GC(1) Metaspace: 20580K(21248K)->20580K(21248K) NonClass: 18082K(18432K)->18082K(18432K) Class: 2497K(2816K)->2497K(2816K)
[2024-06-15T15:58:25.740+0300][gc           ] GC(1) Pause Young (Concurrent Start) (Metadata GC Threshold) 39M->9M(1024M) 14.471ms
[2024-06-15T15:58:25.740+0300][gc,cpu       ] GC(1) User=0.02s Sys=0.02s Real=0.01s
[2024-06-15T15:58:25.740+0300][gc           ] GC(2) Concurrent Cycle
[2024-06-15T15:58:25.741+0300][gc,marking   ] GC(2) Concurrent Clear Claimed Marks
[2024-06-15T15:58:25.741+0300][gc,marking   ] GC(2) Concurrent Clear Claimed Marks 0.166ms
[2024-06-15T15:58:25.741+0300][gc,marking   ] GC(2) Concurrent Scan Root Regions
[2024-06-15T15:58:25.743+0300][gc,marking   ] GC(2) Concurrent Scan Root Regions 2.236ms
[2024-06-15T15:58:25.743+0300][gc,marking   ] GC(2) Concurrent Mark (3.426s)
[2024-06-15T15:58:25.744+0300][gc,marking   ] GC(2) Concurrent Mark From Roots
[2024-06-15T15:58:25.744+0300][gc,task      ] GC(2) Using 1 workers of 1 for marking
[2024-06-15T15:58:25.756+0300][gc,marking   ] GC(2) Concurrent Mark From Roots 12.830ms
[2024-06-15T15:58:25.757+0300][gc,marking   ] GC(2) Concurrent Preclean
[2024-06-15T15:58:25.757+0300][gc,marking   ] GC(2) Concurrent Preclean 0.617ms
[2024-06-15T15:58:25.758+0300][gc,marking   ] GC(2) Concurrent Mark (3.426s, 3.440s) 14.254ms
[2024-06-15T15:58:25.758+0300][gc,start     ] GC(2) Pause Remark
[2024-06-15T15:58:25.763+0300][gc,stringtable] GC(2) Cleaned string and symbol table, strings: 5705 processed, 0 removed, symbols: 53889 processed, 42 removed
[2024-06-15T15:58:25.764+0300][gc            ] GC(2) Pause Remark 9M->9M(1024M) 5.472ms
[2024-06-15T15:58:25.764+0300][gc,cpu        ] GC(2) User=0.02s Sys=0.00s Real=0.01s
[2024-06-15T15:58:25.764+0300][gc,marking    ] GC(2) Concurrent Rebuild Remembered Sets
[2024-06-15T15:58:25.771+0300][gc,marking    ] GC(2) Concurrent Rebuild Remembered Sets 7.088ms
[2024-06-15T15:58:25.772+0300][gc,start      ] GC(2) Pause Cleanup
[2024-06-15T15:58:25.772+0300][gc            ] GC(2) Pause Cleanup 10M->10M(1024M) 0.521ms
[2024-06-15T15:58:25.772+0300][gc,cpu        ] GC(2) User=0.00s Sys=0.00s Real=0.00s
[2024-06-15T15:58:25.772+0300][gc,marking    ] GC(2) Concurrent Cleanup for Next Mark
[2024-06-15T15:58:25.824+0300][gc,marking    ] GC(2) Concurrent Cleanup for Next Mark 51.992ms
[2024-06-15T15:58:25.825+0300][gc            ] GC(2) Concurrent Cycle 84.278ms
[2024-06-15T15:58:27.902+0300][gc,start      ] GC(3) Pause Young (Normal) (G1 Evacuation Pause)
[2024-06-15T15:58:27.902+0300][gc,task       ] GC(3) Using 4 workers of 4 for evacuation
[2024-06-15T15:58:27.922+0300][gc,mmu        ] GC(3) MMU target violated: 20.1ms (20.0ms/21.0ms)
[2024-06-15T15:58:27.923+0300][gc,phases     ] GC(3)   Pre Evacuate Collection Set: 0.2ms
[2024-06-15T15:58:27.923+0300][gc,phases     ] GC(3)   Evacuate Collection Set: 18.7ms
[2024-06-15T15:58:27.923+0300][gc,phases     ] GC(3)   Post Evacuate Collection Set: 1.1ms
[2024-06-15T15:58:27.923+0300][gc,phases     ] GC(3)   Other: 0.4ms
[2024-06-15T15:58:27.923+0300][gc,heap       ] GC(3) Eden regions: 49->0(46)
[2024-06-15T15:58:27.923+0300][gc,heap       ] GC(3) Survivor regions: 2->5(7)
[2024-06-15T15:58:27.923+0300][gc,heap       ] GC(3) Old regions: 10->10
[2024-06-15T15:58:27.923+0300][gc,heap       ] GC(3) Humongous regions: 129->129
[2024-06-15T15:58:27.923+0300][gc,metaspace  ] GC(3) Metaspace: 28828K(29952K)->28828K(29952K) NonClass: 25467K(26112K)->25467K(26112K) Class: 3360K(3840K)->3360K(3840K)
[2024-06-15T15:58:27.923+0300][gc            ] GC(3) Pause Young (Normal) (G1 Evacuation Pause) 187M->141M(1024M) 20.400ms
[2024-06-15T15:58:27.923+0300][gc,cpu        ] GC(3) User=0.02s Sys=0.01s Real=0.02s
[2024-06-15T15:58:29.423+0300][gc,start      ] GC(4) Pause Young (Concurrent Start) (Metadata GC Threshold)
[2024-06-15T15:58:29.424+0300][gc,task       ] GC(4) Using 4 workers of 4 for evacuation
[2024-06-15T15:58:29.438+0300][gc,phases     ] GC(4)   Pre Evacuate Collection Set: 0.1ms
[2024-06-15T15:58:29.439+0300][gc,phases     ] GC(4)   Evacuate Collection Set: 13.6ms
[2024-06-15T15:58:29.439+0300][gc,phases     ] GC(4)   Post Evacuate Collection Set: 0.7ms
[2024-06-15T15:58:29.439+0300][gc,phases     ] GC(4)   Other: 0.6ms
[2024-06-15T15:58:29.439+0300][gc,heap       ] GC(4) Eden regions: 35->0(44)
[2024-06-15T15:58:29.440+0300][gc,heap       ] GC(4) Survivor regions: 5->7(7)
[2024-06-15T15:58:29.440+0300][gc,heap       ] GC(4) Old regions: 10->11
[2024-06-15T15:58:29.440+0300][gc,heap       ] GC(4) Humongous regions: 129->129
[2024-06-15T15:58:29.441+0300][gc,metaspace  ] GC(4) Metaspace: 34499K(35840K)->34499K(35840K) NonClass: 30523K(31232K)->30523K(31232K) Class: 3975K(4608K)->3975K(4608K)
[2024-06-15T15:58:29.441+0300][gc            ] GC(4) Pause Young (Concurrent Start) (Metadata GC Threshold) 175M->144M(1024M) 17.788ms
[2024-06-15T15:58:29.441+0300][gc,cpu        ] GC(4) User=0.01s Sys=0.01s Real=0.02s
[2024-06-15T15:58:29.442+0300][gc            ] GC(5) Concurrent Cycle
[2024-06-15T15:58:29.442+0300][gc,marking    ] GC(5) Concurrent Clear Claimed Marks
[2024-06-15T15:58:29.442+0300][gc,marking    ] GC(5) Concurrent Clear Claimed Marks 0.038ms
[2024-06-15T15:58:29.442+0300][gc,marking    ] GC(5) Concurrent Scan Root Regions
[2024-06-15T15:58:29.448+0300][gc,marking    ] GC(5) Concurrent Scan Root Regions 6.337ms
[2024-06-15T15:58:29.451+0300][gc,marking    ] GC(5) Concurrent Mark (7.133s)
[2024-06-15T15:58:29.451+0300][gc,marking    ] GC(5) Concurrent Mark From Roots
[2024-06-15T15:58:29.451+0300][gc,task       ] GC(5) Using 1 workers of 1 for marking
[2024-06-15T15:58:29.491+0300][gc,marking    ] GC(5) Concurrent Mark From Roots 39.612ms
[2024-06-15T15:58:29.491+0300][gc,marking    ] GC(5) Concurrent Preclean
[2024-06-15T15:58:29.491+0300][gc,marking    ] GC(5) Concurrent Preclean 0.105ms
[2024-06-15T15:58:29.491+0300][gc,marking    ] GC(5) Concurrent Mark (7.133s, 7.173s) 40.110ms
[2024-06-15T15:58:29.501+0300][gc,start      ] GC(5) Pause Remark
[2024-06-15T15:58:29.507+0300][gc,stringtable] GC(5) Cleaned string and symbol table, strings: 11603 processed, 10 removed, symbols: 88671 processed, 20 removed
[2024-06-15T15:58:29.508+0300][gc            ] GC(5) Pause Remark 145M->145M(1024M) 6.172ms
[2024-06-15T15:58:29.508+0300][gc,cpu        ] GC(5) User=0.01s Sys=0.00s Real=0.00s
[2024-06-15T15:58:29.511+0300][gc,marking    ] GC(5) Concurrent Rebuild Remembered Sets
[2024-06-15T15:58:29.521+0300][gc,marking    ] GC(5) Concurrent Rebuild Remembered Sets 10.665ms
[2024-06-15T15:58:29.529+0300][gc,start      ] GC(5) Pause Cleanup
[2024-06-15T15:58:29.530+0300][gc            ] GC(5) Pause Cleanup 146M->146M(1024M) 0.764ms
[2024-06-15T15:58:29.530+0300][gc,cpu        ] GC(5) User=0.00s Sys=0.00s Real=0.00s
[2024-06-15T15:58:29.530+0300][gc,marking    ] GC(5) Concurrent Cleanup for Next Mark
[2024-06-15T15:58:29.657+0300][gc,marking    ] GC(5) Concurrent Cleanup for Next Mark 122.168ms
[2024-06-15T15:58:29.657+0300][gc            ] GC(5) Concurrent Cycle 215.283ms
