[2024-06-15T19:24:40.220+0300][gc,heap] Heap region size: 1M
[2024-06-15T19:24:40.229+0300][gc     ] Using G1
[2024-06-15T19:24:40.229+0300][gc,heap,coops] Heap address: 0x00000000e0000000, size: 512 MB, Compressed Oops mode: 32-bit
[2024-06-15T19:24:40.229+0300][gc,cds       ] Mark closed archive regions in map: [0x00000000fff00000, 0x00000000fff6bff8]
[2024-06-15T19:24:40.229+0300][gc,cds       ] Mark open archive regions in map: [0x00000000ffe00000, 0x00000000ffe47ff8]
[2024-06-15T19:24:42.013+0300][gc,start     ] GC(0) Pause Young (Normal) (G1 Evacuation Pause)
[2024-06-15T19:24:42.015+0300][gc,task      ] GC(0) Using 4 workers of 4 for evacuation
[2024-06-15T19:24:42.028+0300][gc,phases    ] GC(0)   Pre Evacuate Collection Set: 0.0ms
[2024-06-15T19:24:42.028+0300][gc,phases    ] GC(0)   Evacuate Collection Set: 9.8ms
[2024-06-15T19:24:42.028+0300][gc,phases    ] GC(0)   Post Evacuate Collection Set: 1.8ms
[2024-06-15T19:24:42.028+0300][gc,phases    ] GC(0)   Other: 2.8ms
[2024-06-15T19:24:42.028+0300][gc,heap      ] GC(0) Eden regions: 25->0(21)
[2024-06-15T19:24:42.028+0300][gc,heap      ] GC(0) Survivor regions: 0->4(4)
[2024-06-15T19:24:42.028+0300][gc,heap      ] GC(0) Old regions: 2->6
[2024-06-15T19:24:42.028+0300][gc,heap      ] GC(0) Humongous regions: 0->0
[2024-06-15T19:24:42.028+0300][gc,metaspace ] GC(0) Metaspace: 7201K(7680K)->7201K(7680K) NonClass: 6393K(6656K)->6393K(6656K) Class: 807K(1024K)->807K(1024K)
[2024-06-15T19:24:42.028+0300][gc           ] GC(0) Pause Young (Normal) (G1 Evacuation Pause) 25M->8M(512M) 14.634ms
[2024-06-15T19:24:42.028+0300][gc,cpu       ] GC(0) User=0.02s Sys=0.01s Real=0.02s
