[2024-06-17T12:33:25.822+0300][gc,heap] Heap region size: 1M
[2024-06-17T12:33:25.831+0300][gc     ] Using G1
[2024-06-17T12:33:25.831+0300][gc,heap,coops] Heap address: 0x00000000e0000000, size: 512 MB, Compressed Oops mode: 32-bit
[2024-06-17T12:33:25.832+0300][gc,cds       ] Mark closed archive regions in map: [0x00000000fff00000, 0x00000000fff6bff8]
[2024-06-17T12:33:25.832+0300][gc,cds       ] Mark open archive regions in map: [0x00000000ffe00000, 0x00000000ffe47ff8]
[2024-06-17T12:33:28.341+0300][gc,start     ] GC(0) Pause Young (Normal) (G1 Evacuation Pause)
[2024-06-17T12:33:28.345+0300][gc,task      ] GC(0) Using 4 workers of 4 for evacuation
[2024-06-17T12:33:28.402+0300][gc,mmu       ] GC(0) MMU target violated: 21.0ms (20.0ms/21.0ms)
[2024-06-17T12:33:28.404+0300][gc,phases    ] GC(0)   Pre Evacuate Collection Set: 0.0ms
[2024-06-17T12:33:28.407+0300][gc,phases    ] GC(0)   Evacuate Collection Set: 29.9ms
[2024-06-17T12:33:28.407+0300][gc,phases    ] GC(0)   Post Evacuate Collection Set: 27.2ms
[2024-06-17T12:33:28.407+0300][gc,phases    ] GC(0)   Other: 5.8ms
[2024-06-17T12:33:28.407+0300][gc,heap      ] GC(0) Eden regions: 25->0(21)
[2024-06-17T12:33:28.407+0300][gc,heap      ] GC(0) Survivor regions: 0->4(4)
[2024-06-17T12:33:28.407+0300][gc,heap      ] GC(0) Old regions: 2->6
[2024-06-17T12:33:28.407+0300][gc,heap      ] GC(0) Humongous regions: 0->0
[2024-06-17T12:33:28.407+0300][gc,metaspace ] GC(0) Metaspace: 7196K(7936K)->7196K(7936K) NonClass: 6389K(6912K)->6389K(6912K) Class: 807K(1024K)->807K(1024K)
[2024-06-17T12:33:28.407+0300][gc           ] GC(0) Pause Young (Normal) (G1 Evacuation Pause) 25M->8M(512M) 66.471ms
[2024-06-17T12:33:28.407+0300][gc,cpu       ] GC(0) User=0.02s Sys=0.05s Real=0.07s
[2024-06-17T14:12:40.313+0300][gc,start     ] GC(1) Pause Young (Normal) (G1 Evacuation Pause)
[2024-06-17T14:12:40.323+0300][gc,task      ] GC(1) Using 4 workers of 4 for evacuation
[2024-06-17T14:12:41.517+0300][gc,mmu       ] GC(1) MMU target violated: 21.0ms (20.0ms/21.0ms)
[2024-06-17T14:12:41.517+0300][gc,phases    ] GC(1)   Pre Evacuate Collection Set: 492.0ms
[2024-06-17T14:12:41.517+0300][gc,phases    ] GC(1)   Evacuate Collection Set: 691.3ms
[2024-06-17T14:12:41.517+0300][gc,phases    ] GC(1)   Post Evacuate Collection Set: 3.1ms
[2024-06-17T14:12:41.517+0300][gc,phases    ] GC(1)   Other: 59.7ms
[2024-06-17T14:12:41.517+0300][gc,heap      ] GC(1) Eden regions: 21->0(24)
[2024-06-17T14:12:41.517+0300][gc,heap      ] GC(1) Survivor regions: 4->1(4)
[2024-06-17T14:12:41.517+0300][gc,heap      ] GC(1) Old regions: 6->10
[2024-06-17T14:12:41.517+0300][gc,heap      ] GC(1) Humongous regions: 0->0
[2024-06-17T14:12:41.517+0300][gc,metaspace ] GC(1) Metaspace: 9551K(10240K)->9551K(10240K) NonClass: 8549K(8960K)->8549K(8960K) Class: 1001K(1280K)->1001K(1280K)
[2024-06-17T14:12:41.517+0300][gc           ] GC(1) Pause Young (Normal) (G1 Evacuation Pause) 29M->9M(512M) 1203.717ms
[2024-06-17T14:12:41.517+0300][gc,cpu       ] GC(1) User=0.02s Sys=0.52s Real=1.21s
