[2024-06-15T15:30:11.703+0300][gc,heap] Heap region size: 1M
[2024-06-15T15:30:11.710+0300][gc     ] Using G1
[2024-06-15T15:30:11.711+0300][gc,heap,coops] Heap address: 0x00000000e0000000, size: 512 MB, Compressed Oops mode: 32-bit
[2024-06-15T15:30:11.711+0300][gc,cds       ] Mark closed archive regions in map: [0x00000000fff00000, 0x00000000fff6bff8]
[2024-06-15T15:30:11.711+0300][gc,cds       ] Mark open archive regions in map: [0x00000000ffe00000, 0x00000000ffe47ff8]
[2024-06-15T15:30:14.423+0300][gc,start     ] GC(0) Pause Young (Normal) (G1 Evacuation Pause)
[2024-06-15T15:30:14.424+0300][gc,task      ] GC(0) Using 4 workers of 4 for evacuation
[2024-06-15T15:30:14.432+0300][gc,phases    ] GC(0)   Pre Evacuate Collection Set: 0.0ms
[2024-06-15T15:30:14.432+0300][gc,phases    ] GC(0)   Evacuate Collection Set: 6.9ms
[2024-06-15T15:30:14.432+0300][gc,phases    ] GC(0)   Post Evacuate Collection Set: 0.8ms
[2024-06-15T15:30:14.432+0300][gc,phases    ] GC(0)   Other: 2.0ms
[2024-06-15T15:30:14.432+0300][gc,heap      ] GC(0) Eden regions: 25->0(21)
[2024-06-15T15:30:14.432+0300][gc,heap      ] GC(0) Survivor regions: 0->4(4)
[2024-06-15T15:30:14.432+0300][gc,heap      ] GC(0) Old regions: 2->6
[2024-06-15T15:30:14.432+0300][gc,heap      ] GC(0) Humongous regions: 0->0
[2024-06-15T15:30:14.432+0300][gc,metaspace ] GC(0) Metaspace: 7198K(7680K)->7198K(7680K) NonClass: 6393K(6656K)->6393K(6656K) Class: 805K(1024K)->805K(1024K)
[2024-06-15T15:30:14.432+0300][gc           ] GC(0) Pause Young (Normal) (G1 Evacuation Pause) 25M->8M(512M) 9.850ms
[2024-06-15T15:30:14.432+0300][gc,cpu       ] GC(0) User=0.01s Sys=0.02s Real=0.01s
